./bin/gfrun -f /mnt/workspace/projects/1009_SuperNPUBench_v2/SuperNPUBench/benchmark/one-level-arch/output/solution/group_token_old/elf/solution_group_token_old_group_token_old.elf 
Memory: 0x10200 - 0x10248 (Size=0KB) [.rodata]
Memory: 0x1024c - 0x1025f (Size=0KB) [.eh_frame_hdr]
Memory: 0x10260 - 0x102ab (Size=0KB) [.eh_frame]
Memory: 0x112ac - 0x11f43 (Size=3KB) [.text]
Memory: 0x12f48 - 0x12f5f (Size=0KB) [.data.rel.ro]
Memory: 0x13f60 - 0x333af (Size=125KB) [.bss]
Memory: 0x333b0 - 0x80433b0 (Size=131136KB) [stack mem]
Memory: 0x4000802000 - 0x4008803000 (Size=131076KB) [map mem]
Starting PE0 from 0x112ac

Thread:0Total Block number = 470080
Thread:0Total Inst number = 3037909
Thread:1Total Block number = 7
Thread:1Total Inst number = 29
Thread:2Total Block number = 7
Thread:2Total Inst number = 29
Thread:3Total Block number = 7
Thread:3Total Inst number = 29

Total Block number = 470101
Total Inst number = 3037996
Suaccelss to Reach the End of Benchmark! R2 = 0
