B44997  T1 BPC 0x11de2 [STD] [FALL] BNext 0x11de2
M250120 |TPC:0x11de2  I0     T1 L0  |None                       |0x0                        |0x1                        |0x0                        |C.BSTART.STD |bin: 0x800

B44997  T2 BPC 0x11de2 [STD] [FALL] BNext 0x11de2
M250120 |TPC:0x11de2  I0     T2 L0  |None                       |0x0                        |0x1                        |0x0                        |C.BSTART.STD |bin: 0x800

B44997  T3 BPC 0x11de2 [STD] [FALL] BNext 0x11de2
M250120 |TPC:0x11de2  I0     T3 L0  |None                       |0x0                        |0x1                        |0x0                        |C.BSTART.STD |bin: 0x800

B44998  T0 BPC 0x11de2 [STD] [FALL] BNext 0x11de2
M415576 |TPC:0x11de2  I0     T0 L0  |None                       |0x0                        |0x1                        |0x0                        |C.BSTART.STD |bin: 0x800

B44998  T1 BPC 0x11de4 [STD] [RET] [FRET_STK] [ra ~ s8], sp! 256 BNext 0x0
M250121 |TPC:0x11de4  I0     T1 L0  |None                       |0x100                      |0xa                        |0x13                       |FRET_STK [ra ~ s8], sp!, 0x100 |bin: 0x41353041
M250122 |TPC:0x11de8  I1     T1 L0  |None                       |                           |                           |                           |C.BSTOP |bin: 0x800

B44998  T2 BPC 0x11de4 [STD] [RET] [FRET_STK] [ra ~ s8], sp! 256 BNext 0x0
M250121 |TPC:0x11de4  I0     T2 L0  |None                       |0x100                      |0xa                        |0x13                       |FRET_STK [ra ~ s8], sp!, 0x100 |bin: 0x41353041
M250122 |TPC:0x11de8  I1     T2 L0  |None                       |                           |                           |                           |C.BSTOP |bin: 0x800

B44998  T3 BPC 0x11de4 [STD] [RET] [FRET_STK] [ra ~ s8], sp! 256 BNext 0x0
M250121 |TPC:0x11de4  I0     T3 L0  |None                       |0x100                      |0xa                        |0x13                       |FRET_STK [ra ~ s8], sp!, 0x100 |bin: 0x41353041
M250122 |TPC:0x11de8  I1     T3 L0  |None                       |                           |                           |                           |C.BSTOP |bin: 0x800

B44999  T0 BPC 0x11de4 [STD] [RET] [FRET_STK] [ra ~ s8], sp! 256 BNext 0x0
M415577 |TPC:0x11de4  I0     T0 L0  |None                       |0x100                      |0xa                        |0x13                       |FRET_STK [ra ~ s8], sp!, 0x100 |bin: 0x41353041
M415578 |TPC:0x11de8  I1     T0 L0  |None                       |                           |                           |                           |C.BSTOP |bin: 0x800

B44999  T1 BPC 0x112d8 [STD] [FALL] BNext 0x112d8
M250123 |TPC:0x112d8  I0     T1 L0  |None                       |0x0                        |0x1                        |0x0                        |C.BSTART.STD |bin: 0x800
M250124 |TPC:0x112da  I1     T1 L0  |x1:0x5e                    |zero:0x0                   |0x5e                       |                           |addi zero, 0x5e -> x1 |bin: 0x5e00a95
M250125 |TPC:0x112de  I2     T1 L0  |None                       |0x1                        |                           |                           |ACRC 0x1 |bin: 0x10302b

B44999  T2 BPC 0x112d8 [STD] [FALL] BNext 0x112d8
M250123 |TPC:0x112d8  I0     T2 L0  |None                       |0x0                        |0x1                        |0x0                        |C.BSTART.STD |bin: 0x800
M250124 |TPC:0x112da  I1     T2 L0  |x1:0x5e                    |zero:0x0                   |0x5e                       |                           |addi zero, 0x5e -> x1 |bin: 0x5e00a95
M250125 |TPC:0x112de  I2     T2 L0  |None                       |0x1                        |                           |                           |ACRC 0x1 |bin: 0x10302b

B44999  T3 BPC 0x112d8 [STD] [FALL] BNext 0x112d8
M250123 |TPC:0x112d8  I0     T3 L0  |None                       |0x0                        |0x1                        |0x0                        |C.BSTART.STD |bin: 0x800
M250124 |TPC:0x112da  I1     T3 L0  |x1:0x5e                    |zero:0x0                   |0x5e                       |                           |addi zero, 0x5e -> x1 |bin: 0x5e00a95
M250125 |TPC:0x112de  I2     T3 L0  |None                       |0x1                        |                           |                           |ACRC 0x1 |bin: 0x10302b

B45000  T0 BPC 0x112d8 [STD] [FALL] BNext 0x112d8
M415579 |TPC:0x112d8  I0     T0 L0  |None                       |0x0                        |0x1                        |0x0                        |C.BSTART.STD |bin: 0x800
M415580 |TPC:0x112da  I1     T0 L0  |x1:0x5e                    |zero:0x0                   |0x5e                       |                           |addi zero, 0x5e -> x1 |bin: 0x5e00a95
M415581 |TPC:0x112de  I2     T0 L0  |None                       |0x1                        |                           |                           |ACRC 0x1 |bin: 0x10302b

Thread:0Total Block number = 45000
Thread:0Total Inst number = 415582
Thread:1Total Block number = 44999
Thread:1Total Inst number = 250126
Thread:2Total Block number = 44999
Thread:2Total Inst number = 250126
Thread:3Total Block number = 44999
Thread:3Total Inst number = 250126

Total Block number = 179997
Total Inst number = 1165960
Suaccelss to Reach the End of Benchmark! R2 = 0
