./bin/gfsim --test-finisher true -f /mnt/workspace/projects/0931_SuperNPUBench/SuperNPUBench/benchmark/one-level-arch/output/solution/group_token_old/elf/solution_group_token_old_group_token_old.elf 
[gfsim] ELF auto-detect: single-PE; using default config
Memory: 0x10200 - 0x10248 (Size=0KB) [.rodata]
Memory: 0x1024c - 0x1025f (Size=0KB) [.eh_frame_hdr]
Memory: 0x10260 - 0x102ab (Size=0KB) [.eh_frame]
Memory: 0x112ac - 0x11f43 (Size=3KB) [.text]
Memory: 0x12f48 - 0x12f5f (Size=0KB) [.data.rel.ro]
Memory: 0x13f60 - 0x333af (Size=125KB) [.bss]
Memory: 0x333b0 - 0x80433b0 (Size=131136KB) [stack mem]
Memory: 0x4000802000 - 0x4008803000 (Size=131076KB) [map mem]
tid: 0 Core@100000: Retired blocks 426. BROB head info: B170 STID0 BPC 0x11306 [STD COND]
tid: 0 Core@200000: Retired blocks 25687. BROB head info: B87 STID0 BPC 0x11602 [STD COND]
[C:277446 ][TMA.NA    ]: nuke_pair_diag ld_stid=0 ld_bid=36/w0 ld_rid=63 st_stid=0 st_bid=36/w0 st_rid=51
tid: 0 Core@300000: Retired blocks 36391. BROB head info: B39 STID0 BPC 0x119ce [STD DIRECT]
[C:326553 ][TMA.NA    ]: nuke_pair_diag ld_stid=0 ld_bid=198/w1 ld_rid=19 st_stid=0 st_bid=190/w1 st_rid=79
[C:326926 ][TMA.NA    ]: nuke_pair_diag ld_stid=0 ld_bid=42/w0 ld_rid=107 st_stid=0 st_bid=34/w0 st_rid=39
[C:327299 ][TMA.NA    ]: nuke_pair_diag ld_stid=0 ld_bid=142/w0 ld_rid=67 st_stid=0 st_bid=134/w0 st_rid=127
[C:327672 ][TMA.NA    ]: nuke_pair_diag ld_stid=0 ld_bid=242/w0 ld_rid=27 st_stid=0 st_bid=234/w0 st_rid=87
[C:328045 ][TMA.NA    ]: nuke_pair_diag ld_stid=0 ld_bid=86/w1 ld_rid=115 st_stid=0 st_bid=78/w1 st_rid=47
[C:328418 ][TMA.NA    ]: nuke_pair_diag ld_stid=0 ld_bid=186/w1 ld_rid=75 st_stid=0 st_bid=178/w1 st_rid=7
[C:328791 ][TMA.NA    ]: nuke_pair_diag ld_stid=0 ld_bid=30/w0 ld_rid=35 st_stid=0 st_bid=22/w0 st_rid=95
[C:329164 ][TMA.NA    ]: nuke_pair_diag ld_stid=0 ld_bid=130/w0 ld_rid=123 st_stid=0 st_bid=122/w0 st_rid=55
[C:329537 ][TMA.NA    ]: nuke_pair_diag ld_stid=0 ld_bid=230/w0 ld_rid=83 st_stid=0 st_bid=222/w0 st_rid=15
[C:329910 ][TMA.NA    ]: nuke_pair_diag ld_stid=0 ld_bid=74/w1 ld_rid=43 st_stid=0 st_bid=66/w1 st_rid=103
[C:330283 ][TMA.NA    ]: nuke_pair_diag ld_stid=0 ld_bid=174/w1 ld_rid=3 st_stid=0 st_bid=166/w1 st_rid=63
[C:330656 ][TMA.NA    ]: nuke_pair_diag ld_stid=0 ld_bid=18/w0 ld_rid=91 st_stid=0 st_bid=10/w0 st_rid=23
[C:331029 ][TMA.NA    ]: nuke_pair_diag ld_stid=0 ld_bid=118/w0 ld_rid=51 st_stid=0 st_bid=110/w0 st_rid=111
[C:331402 ][TMA.NA    ]: nuke_pair_diag ld_stid=0 ld_bid=218/w0 ld_rid=11 st_stid=0 st_bid=210/w0 st_rid=71
[C:331775 ][TMA.NA    ]: nuke_pair_diag ld_stid=0 ld_bid=62/w1 ld_rid=99 st_stid=0 st_bid=54/w1 st_rid=31
[C:332148 ][TMA.NA    ]: nuke_pair_diag ld_stid=0 ld_bid=162/w1 ld_rid=59 st_stid=0 st_bid=154/w1 st_rid=119
[C:332521 ][TMA.NA    ]: nuke_pair_diag ld_stid=0 ld_bid=6/w0 ld_rid=19 st_stid=0 st_bid=254/w1 st_rid=79
[C:332894 ][TMA.NA    ]: nuke_pair_diag ld_stid=0 ld_bid=106/w0 ld_rid=107 st_stid=0 st_bid=98/w0 st_rid=39
[C:333267 ][TMA.NA    ]: nuke_pair_diag ld_stid=0 ld_bid=206/w0 ld_rid=67 st_stid=0 st_bid=198/w0 st_rid=127
[C:333640 ][TMA.NA    ]: nuke_pair_diag ld_stid=0 ld_bid=50/w1 ld_rid=27 st_stid=0 st_bid=42/w1 st_rid=87
[C:334013 ][TMA.NA    ]: nuke_pair_diag ld_stid=0 ld_bid=150/w1 ld_rid=115 st_stid=0 st_bid=142/w1 st_rid=47
[C:334386 ][TMA.NA    ]: nuke_pair_diag ld_stid=0 ld_bid=250/w1 ld_rid=75 st_stid=0 st_bid=242/w1 st_rid=7
[C:334759 ][TMA.NA    ]: nuke_pair_diag ld_stid=0 ld_bid=94/w0 ld_rid=35 st_stid=0 st_bid=86/w0 st_rid=95
[C:335132 ][TMA.NA    ]: nuke_pair_diag ld_stid=0 ld_bid=194/w0 ld_rid=123 st_stid=0 st_bid=186/w0 st_rid=55
[C:335505 ][TMA.NA    ]: nuke_pair_diag ld_stid=0 ld_bid=38/w1 ld_rid=83 st_stid=0 st_bid=30/w1 st_rid=15
[C:335878 ][TMA.NA    ]: nuke_pair_diag ld_stid=0 ld_bid=138/w1 ld_rid=43 st_stid=0 st_bid=130/w1 st_rid=103
[C:336251 ][TMA.NA    ]: nuke_pair_diag ld_stid=0 ld_bid=238/w1 ld_rid=3 st_stid=0 st_bid=230/w1 st_rid=63
[C:336624 ][TMA.NA    ]: nuke_pair_diag ld_stid=0 ld_bid=82/w0 ld_rid=91 st_stid=0 st_bid=74/w0 st_rid=23
[C:336997 ][TMA.NA    ]: nuke_pair_diag ld_stid=0 ld_bid=182/w0 ld_rid=51 st_stid=0 st_bid=174/w0 st_rid=111
[C:337370 ][TMA.NA    ]: nuke_pair_diag ld_stid=0 ld_bid=26/w1 ld_rid=11 st_stid=0 st_bid=18/w1 st_rid=71
[C:337743 ][TMA.NA    ]: nuke_pair_diag ld_stid=0 ld_bid=126/w1 ld_rid=99 st_stid=0 st_bid=118/w1 st_rid=31
[C:338116 ][TMA.NA    ]: nuke_pair_diag ld_stid=0 ld_bid=226/w1 ld_rid=59 st_stid=0 st_bid=218/w1 st_rid=119
[C:338489 ][TMA.NA    ]: nuke_pair_diag ld_stid=0 ld_bid=70/w0 ld_rid=19 st_stid=0 st_bid=62/w0 st_rid=79
[C:338862 ][TMA.NA    ]: nuke_pair_diag ld_stid=0 ld_bid=170/w0 ld_rid=107 st_stid=0 st_bid=162/w0 st_rid=39
[C:339235 ][TMA.NA    ]: nuke_pair_diag ld_stid=0 ld_bid=14/w1 ld_rid=67 st_stid=0 st_bid=6/w1 st_rid=127
[C:339608 ][TMA.NA    ]: nuke_pair_diag ld_stid=0 ld_bid=114/w1 ld_rid=27 st_stid=0 st_bid=106/w1 st_rid=87
[C:339981 ][TMA.NA    ]: nuke_pair_diag ld_stid=0 ld_bid=214/w1 ld_rid=115 st_stid=0 st_bid=206/w1 st_rid=47
[C:340354 ][TMA.NA    ]: nuke_pair_diag ld_stid=0 ld_bid=58/w0 ld_rid=75 st_stid=0 st_bid=50/w0 st_rid=7
[C:340727 ][TMA.NA    ]: nuke_pair_diag ld_stid=0 ld_bid=158/w0 ld_rid=35 st_stid=0 st_bid=150/w0 st_rid=95
[C:341100 ][TMA.NA    ]: nuke_pair_diag ld_stid=0 ld_bid=2/w1 ld_rid=123 st_stid=0 st_bid=250/w0 st_rid=55
[C:341473 ][TMA.NA    ]: nuke_pair_diag ld_stid=0 ld_bid=102/w1 ld_rid=83 st_stid=0 st_bid=94/w1 st_rid=15
[C:341846 ][TMA.NA    ]: nuke_pair_diag ld_stid=0 ld_bid=202/w1 ld_rid=43 st_stid=0 st_bid=194/w1 st_rid=103
[C:342219 ][TMA.NA    ]: nuke_pair_diag ld_stid=0 ld_bid=46/w0 ld_rid=3 st_stid=0 st_bid=38/w0 st_rid=63
[C:342592 ][TMA.NA    ]: nuke_pair_diag ld_stid=0 ld_bid=146/w0 ld_rid=91 st_stid=0 st_bid=138/w0 st_rid=23
[C:342965 ][TMA.NA    ]: nuke_pair_diag ld_stid=0 ld_bid=246/w0 ld_rid=51 st_stid=0 st_bid=238/w0 st_rid=111
[C:343338 ][TMA.NA    ]: nuke_pair_diag ld_stid=0 ld_bid=90/w1 ld_rid=11 st_stid=0 st_bid=82/w1 st_rid=71
[C:343711 ][TMA.NA    ]: nuke_pair_diag ld_stid=0 ld_bid=190/w1 ld_rid=99 st_stid=0 st_bid=182/w1 st_rid=31
[C:344084 ][TMA.NA    ]: nuke_pair_diag ld_stid=0 ld_bid=34/w0 ld_rid=59 st_stid=0 st_bid=26/w0 st_rid=119
[C:344457 ][TMA.NA    ]: nuke_pair_diag ld_stid=0 ld_bid=134/w0 ld_rid=19 st_stid=0 st_bid=126/w0 st_rid=79
[C:344830 ][TMA.NA    ]: nuke_pair_diag ld_stid=0 ld_bid=234/w0 ld_rid=107 st_stid=0 st_bid=226/w0 st_rid=39
[C:345203 ][TMA.NA    ]: nuke_pair_diag ld_stid=0 ld_bid=78/w1 ld_rid=67 st_stid=0 st_bid=70/w1 st_rid=127
[C:345576 ][TMA.NA    ]: nuke_pair_diag ld_stid=0 ld_bid=178/w1 ld_rid=27 st_stid=0 st_bid=170/w1 st_rid=87
[C:345949 ][TMA.NA    ]: nuke_pair_diag ld_stid=0 ld_bid=22/w0 ld_rid=115 st_stid=0 st_bid=14/w0 st_rid=47
[C:346322 ][TMA.NA    ]: nuke_pair_diag ld_stid=0 ld_bid=122/w0 ld_rid=75 st_stid=0 st_bid=114/w0 st_rid=7
[C:346695 ][TMA.NA    ]: nuke_pair_diag ld_stid=0 ld_bid=222/w0 ld_rid=35 st_stid=0 st_bid=214/w0 st_rid=95
[C:347068 ][TMA.NA    ]: nuke_pair_diag ld_stid=0 ld_bid=66/w1 ld_rid=123 st_stid=0 st_bid=58/w1 st_rid=55
[C:347441 ][TMA.NA    ]: nuke_pair_diag ld_stid=0 ld_bid=166/w1 ld_rid=83 st_stid=0 st_bid=158/w1 st_rid=15
[C:347814 ][TMA.NA    ]: nuke_pair_diag ld_stid=0 ld_bid=10/w0 ld_rid=43 st_stid=0 st_bid=2/w0 st_rid=103
[C:348187 ][TMA.NA    ]: nuke_pair_diag ld_stid=0 ld_bid=110/w0 ld_rid=3 st_stid=0 st_bid=102/w0 st_rid=63
[C:348560 ][TMA.NA    ]: nuke_pair_diag ld_stid=0 ld_bid=210/w0 ld_rid=91 st_stid=0 st_bid=202/w0 st_rid=23
[C:348933 ][TMA.NA    ]: nuke_pair_diag ld_stid=0 ld_bid=54/w1 ld_rid=51 st_stid=0 st_bid=46/w1 st_rid=111
[C:349306 ][TMA.NA    ]: nuke_pair_diag ld_stid=0 ld_bid=154/w1 ld_rid=11 st_stid=0 st_bid=146/w1 st_rid=71
[C:349679 ][TMA.NA    ]: nuke_pair_diag ld_stid=0 ld_bid=254/w1 ld_rid=99 st_stid=0 st_bid=246/w1 st_rid=31
[C:350052 ][TMA.NA    ]: nuke_pair_diag ld_stid=0 ld_bid=98/w0 ld_rid=59 st_stid=0 st_bid=90/w0 st_rid=119
[C:350425 ][TMA.NA    ]: nuke_pair_diag ld_stid=0 ld_bid=198/w0 ld_rid=19 st_stid=0 st_bid=190/w0 st_rid=79
[C:350798 ][TMA.NA    ]: nuke_pair_diag ld_stid=0 ld_bid=42/w1 ld_rid=107 st_stid=0 st_bid=34/w1 st_rid=39
[C:351171 ][TMA.NA    ]: nuke_pair_diag ld_stid=0 ld_bid=142/w1 ld_rid=67 st_stid=0 st_bid=134/w1 st_rid=127
[C:351544 ][TMA.NA    ]: nuke_pair_diag ld_stid=0 ld_bid=242/w1 ld_rid=27 st_stid=0 st_bid=234/w1 st_rid=87
[C:351917 ][TMA.NA    ]: nuke_pair_diag ld_stid=0 ld_bid=86/w0 ld_rid=115 st_stid=0 st_bid=78/w0 st_rid=47
[C:352290 ][TMA.NA    ]: nuke_pair_diag ld_stid=0 ld_bid=186/w0 ld_rid=75 st_stid=0 st_bid=178/w0 st_rid=7
[C:352663 ][TMA.NA    ]: nuke_pair_diag ld_stid=0 ld_bid=30/w1 ld_rid=35 st_stid=0 st_bid=22/w1 st_rid=95
[C:353036 ][TMA.NA    ]: nuke_pair_diag ld_stid=0 ld_bid=130/w1 ld_rid=123 st_stid=0 st_bid=122/w1 st_rid=55
[C:353409 ][TMA.NA    ]: nuke_pair_diag ld_stid=0 ld_bid=230/w1 ld_rid=83 st_stid=0 st_bid=222/w1 st_rid=15
[C:353782 ][TMA.NA    ]: nuke_pair_diag ld_stid=0 ld_bid=74/w0 ld_rid=43 st_stid=0 st_bid=66/w0 st_rid=103
[C:354155 ][TMA.NA    ]: nuke_pair_diag ld_stid=0 ld_bid=174/w0 ld_rid=3 st_stid=0 st_bid=166/w0 st_rid=63
[C:354528 ][TMA.NA    ]: nuke_pair_diag ld_stid=0 ld_bid=18/w1 ld_rid=91 st_stid=0 st_bid=10/w1 st_rid=23
[C:354901 ][TMA.NA    ]: nuke_pair_diag ld_stid=0 ld_bid=118/w1 ld_rid=51 st_stid=0 st_bid=110/w1 st_rid=111
[C:355274 ][TMA.NA    ]: nuke_pair_diag ld_stid=0 ld_bid=218/w1 ld_rid=11 st_stid=0 st_bid=210/w1 st_rid=71
[C:355647 ][TMA.NA    ]: nuke_pair_diag ld_stid=0 ld_bid=62/w0 ld_rid=99 st_stid=0 st_bid=54/w0 st_rid=31
[C:356020 ][TMA.NA    ]: nuke_pair_diag ld_stid=0 ld_bid=162/w0 ld_rid=59 st_stid=0 st_bid=154/w0 st_rid=119
[C:356393 ][TMA.NA    ]: nuke_pair_diag ld_stid=0 ld_bid=6/w1 ld_rid=19 st_stid=0 st_bid=254/w0 st_rid=79
[C:356766 ][TMA.NA    ]: nuke_pair_diag ld_stid=0 ld_bid=106/w1 ld_rid=107 st_stid=0 st_bid=98/w1 st_rid=39
[C:357139 ][TMA.NA    ]: nuke_pair_diag ld_stid=0 ld_bid=206/w1 ld_rid=67 st_stid=0 st_bid=198/w1 st_rid=127
[C:357512 ][TMA.NA    ]: nuke_pair_diag ld_stid=0 ld_bid=50/w0 ld_rid=27 st_stid=0 st_bid=42/w0 st_rid=87
[C:357885 ][TMA.NA    ]: nuke_pair_diag ld_stid=0 ld_bid=150/w0 ld_rid=115 st_stid=0 st_bid=142/w0 st_rid=47
[C:358258 ][TMA.NA    ]: nuke_pair_diag ld_stid=0 ld_bid=250/w0 ld_rid=75 st_stid=0 st_bid=242/w0 st_rid=7
[C:358631 ][TMA.NA    ]: nuke_pair_diag ld_stid=0 ld_bid=94/w1 ld_rid=35 st_stid=0 st_bid=86/w1 st_rid=95
[C:359004 ][TMA.NA    ]: nuke_pair_diag ld_stid=0 ld_bid=194/w1 ld_rid=123 st_stid=0 st_bid=186/w1 st_rid=55
[C:359377 ][TMA.NA    ]: nuke_pair_diag ld_stid=0 ld_bid=38/w0 ld_rid=83 st_stid=0 st_bid=30/w0 st_rid=15
[C:359750 ][TMA.NA    ]: nuke_pair_diag ld_stid=0 ld_bid=138/w0 ld_rid=43 st_stid=0 st_bid=130/w0 st_rid=103
[C:360123 ][TMA.NA    ]: nuke_pair_diag ld_stid=0 ld_bid=238/w0 ld_rid=3 st_stid=0 st_bid=230/w0 st_rid=63
[C:360496 ][TMA.NA    ]: nuke_pair_diag ld_stid=0 ld_bid=82/w1 ld_rid=91 st_stid=0 st_bid=74/w1 st_rid=23
[C:360869 ][TMA.NA    ]: nuke_pair_diag ld_stid=0 ld_bid=182/w1 ld_rid=51 st_stid=0 st_bid=174/w1 st_rid=111
[C:361242 ][TMA.NA    ]: nuke_pair_diag ld_stid=0 ld_bid=26/w0 ld_rid=11 st_stid=0 st_bid=18/w0 st_rid=71
[C:361615 ][TMA.NA    ]: nuke_pair_diag ld_stid=0 ld_bid=126/w0 ld_rid=99 st_stid=0 st_bid=118/w0 st_rid=31
[C:361988 ][TMA.NA    ]: nuke_pair_diag ld_stid=0 ld_bid=226/w0 ld_rid=59 st_stid=0 st_bid=218/w0 st_rid=119
[C:362361 ][TMA.NA    ]: nuke_pair_diag ld_stid=0 ld_bid=70/w1 ld_rid=19 st_stid=0 st_bid=62/w1 st_rid=79
[C:362734 ][TMA.NA    ]: nuke_pair_diag ld_stid=0 ld_bid=170/w1 ld_rid=107 st_stid=0 st_bid=162/w1 st_rid=39
[C:363107 ][TMA.NA    ]: nuke_pair_diag ld_stid=0 ld_bid=14/w0 ld_rid=67 st_stid=0 st_bid=6/w0 st_rid=127
[C:363480 ][TMA.NA    ]: nuke_pair_diag ld_stid=0 ld_bid=114/w0 ld_rid=27 st_stid=0 st_bid=106/w0 st_rid=87
[C:363853 ][TMA.NA    ]: nuke_pair_diag ld_stid=0 ld_bid=214/w0 ld_rid=115 st_stid=0 st_bid=206/w0 st_rid=47
[C:364226 ][TMA.NA    ]: nuke_pair_diag ld_stid=0 ld_bid=58/w1 ld_rid=75 st_stid=0 st_bid=50/w1 st_rid=7
[C:364599 ][TMA.NA    ]: nuke_pair_diag ld_stid=0 ld_bid=158/w1 ld_rid=35 st_stid=0 st_bid=150/w1 st_rid=95
[C:364972 ][TMA.NA    ]: nuke_pair_diag ld_stid=0 ld_bid=2/w0 ld_rid=123 st_stid=0 st_bid=250/w1 st_rid=55
[C:365345 ][TMA.NA    ]: nuke_pair_diag ld_stid=0 ld_bid=102/w0 ld_rid=83 st_stid=0 st_bid=94/w0 st_rid=15
[C:365718 ][TMA.NA    ]: nuke_pair_diag ld_stid=0 ld_bid=202/w0 ld_rid=43 st_stid=0 st_bid=194/w0 st_rid=103
[C:366091 ][TMA.NA    ]: nuke_pair_diag ld_stid=0 ld_bid=46/w1 ld_rid=3 st_stid=0 st_bid=38/w1 st_rid=63
[C:366464 ][TMA.NA    ]: nuke_pair_diag ld_stid=0 ld_bid=146/w1 ld_rid=91 st_stid=0 st_bid=138/w1 st_rid=23
[C:366837 ][TMA.NA    ]: nuke_pair_diag ld_stid=0 ld_bid=246/w1 ld_rid=51 st_stid=0 st_bid=238/w1 st_rid=111
[C:367210 ][TMA.NA    ]: nuke_pair_diag ld_stid=0 ld_bid=90/w0 ld_rid=11 st_stid=0 st_bid=82/w0 st_rid=71
[C:367583 ][TMA.NA    ]: nuke_pair_diag ld_stid=0 ld_bid=190/w0 ld_rid=99 st_stid=0 st_bid=182/w0 st_rid=31
[C:367956 ][TMA.NA    ]: nuke_pair_diag ld_stid=0 ld_bid=34/w1 ld_rid=59 st_stid=0 st_bid=26/w1 st_rid=119
[C:368329 ][TMA.NA    ]: nuke_pair_diag ld_stid=0 ld_bid=134/w1 ld_rid=19 st_stid=0 st_bid=126/w1 st_rid=79
[C:368702 ][TMA.NA    ]: nuke_pair_diag ld_stid=0 ld_bid=234/w1 ld_rid=107 st_stid=0 st_bid=226/w1 st_rid=39
[C:369075 ][TMA.NA    ]: nuke_pair_diag ld_stid=0 ld_bid=78/w0 ld_rid=67 st_stid=0 st_bid=70/w0 st_rid=127
[C:369448 ][TMA.NA    ]: nuke_pair_diag ld_stid=0 ld_bid=178/w0 ld_rid=27 st_stid=0 st_bid=170/w0 st_rid=87
[C:369821 ][TMA.NA    ]: nuke_pair_diag ld_stid=0 ld_bid=22/w1 ld_rid=115 st_stid=0 st_bid=14/w1 st_rid=47
[C:370194 ][TMA.NA    ]: nuke_pair_diag ld_stid=0 ld_bid=122/w1 ld_rid=75 st_stid=0 st_bid=114/w1 st_rid=7
[C:370567 ][TMA.NA    ]: nuke_pair_diag ld_stid=0 ld_bid=222/w1 ld_rid=35 st_stid=0 st_bid=214/w1 st_rid=95
[C:370940 ][TMA.NA    ]: nuke_pair_diag ld_stid=0 ld_bid=66/w0 ld_rid=123 st_stid=0 st_bid=58/w0 st_rid=55
[C:371313 ][TMA.NA    ]: nuke_pair_diag ld_stid=0 ld_bid=166/w0 ld_rid=83 st_stid=0 st_bid=158/w0 st_rid=15
[C:371686 ][TMA.NA    ]: nuke_pair_diag ld_stid=0 ld_bid=10/w1 ld_rid=43 st_stid=0 st_bid=2/w1 st_rid=103
[C:372059 ][TMA.NA    ]: nuke_pair_diag ld_stid=0 ld_bid=110/w1 ld_rid=3 st_stid=0 st_bid=102/w1 st_rid=63
[C:372432 ][TMA.NA    ]: nuke_pair_diag ld_stid=0 ld_bid=210/w1 ld_rid=91 st_stid=0 st_bid=202/w1 st_rid=23
[C:372805 ][TMA.NA    ]: nuke_pair_diag ld_stid=0 ld_bid=54/w0 ld_rid=51 st_stid=0 st_bid=46/w0 st_rid=111
[C:373178 ][TMA.NA    ]: nuke_pair_diag ld_stid=0 ld_bid=154/w0 ld_rid=11 st_stid=0 st_bid=146/w0 st_rid=71
[C:373551 ][TMA.NA    ]: nuke_pair_diag ld_stid=0 ld_bid=254/w0 ld_rid=99 st_stid=0 st_bid=246/w0 st_rid=31
[C:373924 ][TMA.NA    ]: nuke_pair_diag ld_stid=0 ld_bid=98/w1 ld_rid=59 st_stid=0 st_bid=90/w1 st_rid=119
[C:374297 ][TMA.NA    ]: nuke_pair_diag ld_stid=0 ld_bid=198/w1 ld_rid=19 st_stid=0 st_bid=190/w1 st_rid=79
[C:374670 ][TMA.NA    ]: nuke_pair_diag ld_stid=0 ld_bid=42/w0 ld_rid=107 st_stid=0 st_bid=34/w0 st_rid=39
[C:375043 ][TMA.NA    ]: nuke_pair_diag ld_stid=0 ld_bid=142/w0 ld_rid=67 st_stid=0 st_bid=134/w0 st_rid=127
[C:375416 ][TMA.NA    ]: nuke_pair_diag ld_stid=0 ld_bid=242/w0 ld_rid=27 st_stid=0 st_bid=234/w0 st_rid=87
[C:375789 ][TMA.NA    ]: nuke_pair_diag ld_stid=0 ld_bid=86/w1 ld_rid=115 st_stid=0 st_bid=78/w1 st_rid=47
[C:376162 ][TMA.NA    ]: nuke_pair_diag ld_stid=0 ld_bid=186/w1 ld_rid=75 st_stid=0 st_bid=178/w1 st_rid=7
[C:376535 ][TMA.NA    ]: nuke_pair_diag ld_stid=0 ld_bid=30/w0 ld_rid=35 st_stid=0 st_bid=22/w0 st_rid=95
[C:376908 ][TMA.NA    ]: nuke_pair_diag ld_stid=0 ld_bid=130/w0 ld_rid=123 st_stid=0 st_bid=122/w0 st_rid=55
[C:377281 ][TMA.NA    ]: nuke_pair_diag ld_stid=0 ld_bid=230/w0 ld_rid=83 st_stid=0 st_bid=222/w0 st_rid=15
[C:377654 ][TMA.NA    ]: nuke_pair_diag ld_stid=0 ld_bid=74/w1 ld_rid=43 st_stid=0 st_bid=66/w1 st_rid=103
[C:378027 ][TMA.NA    ]: nuke_pair_diag ld_stid=0 ld_bid=174/w1 ld_rid=3 st_stid=0 st_bid=166/w1 st_rid=63
[C:378400 ][TMA.NA    ]: nuke_pair_diag ld_stid=0 ld_bid=18/w0 ld_rid=91 st_stid=0 st_bid=10/w0 st_rid=23
[C:378773 ][TMA.NA    ]: nuke_pair_diag ld_stid=0 ld_bid=118/w0 ld_rid=51 st_stid=0 st_bid=110/w0 st_rid=111
[C:379146 ][TMA.NA    ]: nuke_pair_diag ld_stid=0 ld_bid=218/w0 ld_rid=11 st_stid=0 st_bid=210/w0 st_rid=71
[C:379519 ][TMA.NA    ]: nuke_pair_diag ld_stid=0 ld_bid=62/w1 ld_rid=99 st_stid=0 st_bid=54/w1 st_rid=31
[C:379892 ][TMA.NA    ]: nuke_pair_diag ld_stid=0 ld_bid=162/w1 ld_rid=59 st_stid=0 st_bid=154/w1 st_rid=119
[C:380265 ][TMA.NA    ]: nuke_pair_diag ld_stid=0 ld_bid=6/w0 ld_rid=19 st_stid=0 st_bid=254/w1 st_rid=79
[C:380638 ][TMA.NA    ]: nuke_pair_diag ld_stid=0 ld_bid=106/w0 ld_rid=107 st_stid=0 st_bid=98/w0 st_rid=39
[C:381011 ][TMA.NA    ]: nuke_pair_diag ld_stid=0 ld_bid=206/w0 ld_rid=67 st_stid=0 st_bid=198/w0 st_rid=127
[C:381384 ][TMA.NA    ]: nuke_pair_diag ld_stid=0 ld_bid=50/w1 ld_rid=27 st_stid=0 st_bid=42/w1 st_rid=87
[C:381757 ][TMA.NA    ]: nuke_pair_diag ld_stid=0 ld_bid=150/w1 ld_rid=115 st_stid=0 st_bid=142/w1 st_rid=47
[C:382130 ][TMA.NA    ]: nuke_pair_diag ld_stid=0 ld_bid=250/w1 ld_rid=75 st_stid=0 st_bid=242/w1 st_rid=7
[C:382503 ][TMA.NA    ]: nuke_pair_diag ld_stid=0 ld_bid=94/w0 ld_rid=35 st_stid=0 st_bid=86/w0 st_rid=95
[C:382876 ][TMA.NA    ]: nuke_pair_diag ld_stid=0 ld_bid=194/w0 ld_rid=123 st_stid=0 st_bid=186/w0 st_rid=55
[C:383249 ][TMA.NA    ]: nuke_pair_diag ld_stid=0 ld_bid=38/w1 ld_rid=83 st_stid=0 st_bid=30/w1 st_rid=15
[C:383622 ][TMA.NA    ]: nuke_pair_diag ld_stid=0 ld_bid=138/w1 ld_rid=43 st_stid=0 st_bid=130/w1 st_rid=103
[C:383995 ][TMA.NA    ]: nuke_pair_diag ld_stid=0 ld_bid=238/w1 ld_rid=3 st_stid=0 st_bid=230/w1 st_rid=63
[C:384368 ][TMA.NA    ]: nuke_pair_diag ld_stid=0 ld_bid=82/w0 ld_rid=91 st_stid=0 st_bid=74/w0 st_rid=23
[C:384741 ][TMA.NA    ]: nuke_pair_diag ld_stid=0 ld_bid=182/w0 ld_rid=51 st_stid=0 st_bid=174/w0 st_rid=111
[C:385114 ][TMA.NA    ]: nuke_pair_diag ld_stid=0 ld_bid=26/w1 ld_rid=11 st_stid=0 st_bid=18/w1 st_rid=71
[C:385487 ][TMA.NA    ]: nuke_pair_diag ld_stid=0 ld_bid=126/w1 ld_rid=99 st_stid=0 st_bid=118/w1 st_rid=31
[C:385860 ][TMA.NA    ]: nuke_pair_diag ld_stid=0 ld_bid=226/w1 ld_rid=59 st_stid=0 st_bid=218/w1 st_rid=119
[C:386233 ][TMA.NA    ]: nuke_pair_diag ld_stid=0 ld_bid=70/w0 ld_rid=19 st_stid=0 st_bid=62/w0 st_rid=79
[C:386606 ][TMA.NA    ]: nuke_pair_diag ld_stid=0 ld_bid=170/w0 ld_rid=107 st_stid=0 st_bid=162/w0 st_rid=39
[C:386979 ][TMA.NA    ]: nuke_pair_diag ld_stid=0 ld_bid=14/w1 ld_rid=67 st_stid=0 st_bid=6/w1 st_rid=127
[C:387352 ][TMA.NA    ]: nuke_pair_diag ld_stid=0 ld_bid=114/w1 ld_rid=27 st_stid=0 st_bid=106/w1 st_rid=87
[C:387725 ][TMA.NA    ]: nuke_pair_diag ld_stid=0 ld_bid=214/w1 ld_rid=115 st_stid=0 st_bid=206/w1 st_rid=47
[C:388098 ][TMA.NA    ]: nuke_pair_diag ld_stid=0 ld_bid=58/w0 ld_rid=75 st_stid=0 st_bid=50/w0 st_rid=7
[C:388471 ][TMA.NA    ]: nuke_pair_diag ld_stid=0 ld_bid=158/w0 ld_rid=35 st_stid=0 st_bid=150/w0 st_rid=95
[C:388844 ][TMA.NA    ]: nuke_pair_diag ld_stid=0 ld_bid=2/w1 ld_rid=123 st_stid=0 st_bid=250/w0 st_rid=55
[C:389217 ][TMA.NA    ]: nuke_pair_diag ld_stid=0 ld_bid=102/w1 ld_rid=83 st_stid=0 st_bid=94/w1 st_rid=15
[C:389590 ][TMA.NA    ]: nuke_pair_diag ld_stid=0 ld_bid=202/w1 ld_rid=43 st_stid=0 st_bid=194/w1 st_rid=103
[C:389963 ][TMA.NA    ]: nuke_pair_diag ld_stid=0 ld_bid=46/w0 ld_rid=3 st_stid=0 st_bid=38/w0 st_rid=63
[C:390336 ][TMA.NA    ]: nuke_pair_diag ld_stid=0 ld_bid=146/w0 ld_rid=91 st_stid=0 st_bid=138/w0 st_rid=23
[C:390709 ][TMA.NA    ]: nuke_pair_diag ld_stid=0 ld_bid=246/w0 ld_rid=51 st_stid=0 st_bid=238/w0 st_rid=111
[C:391082 ][TMA.NA    ]: nuke_pair_diag ld_stid=0 ld_bid=90/w1 ld_rid=11 st_stid=0 st_bid=82/w1 st_rid=71
[C:391455 ][TMA.NA    ]: nuke_pair_diag ld_stid=0 ld_bid=190/w1 ld_rid=99 st_stid=0 st_bid=182/w1 st_rid=31
[C:391828 ][TMA.NA    ]: nuke_pair_diag ld_stid=0 ld_bid=34/w0 ld_rid=59 st_stid=0 st_bid=26/w0 st_rid=119
[C:392201 ][TMA.NA    ]: nuke_pair_diag ld_stid=0 ld_bid=134/w0 ld_rid=19 st_stid=0 st_bid=126/w0 st_rid=79
[C:392574 ][TMA.NA    ]: nuke_pair_diag ld_stid=0 ld_bid=234/w0 ld_rid=107 st_stid=0 st_bid=226/w0 st_rid=39
[C:392947 ][TMA.NA    ]: nuke_pair_diag ld_stid=0 ld_bid=78/w1 ld_rid=67 st_stid=0 st_bid=70/w1 st_rid=127
[C:393320 ][TMA.NA    ]: nuke_pair_diag ld_stid=0 ld_bid=178/w1 ld_rid=27 st_stid=0 st_bid=170/w1 st_rid=87
[C:393693 ][TMA.NA    ]: nuke_pair_diag ld_stid=0 ld_bid=22/w0 ld_rid=115 st_stid=0 st_bid=14/w0 st_rid=47
[C:394066 ][TMA.NA    ]: nuke_pair_diag ld_stid=0 ld_bid=122/w0 ld_rid=75 st_stid=0 st_bid=114/w0 st_rid=7
[C:394439 ][TMA.NA    ]: nuke_pair_diag ld_stid=0 ld_bid=222/w0 ld_rid=35 st_stid=0 st_bid=214/w0 st_rid=95
[C:394812 ][TMA.NA    ]: nuke_pair_diag ld_stid=0 ld_bid=66/w1 ld_rid=123 st_stid=0 st_bid=58/w1 st_rid=55
[C:395185 ][TMA.NA    ]: nuke_pair_diag ld_stid=0 ld_bid=166/w1 ld_rid=83 st_stid=0 st_bid=158/w1 st_rid=15
[C:395558 ][TMA.NA    ]: nuke_pair_diag ld_stid=0 ld_bid=10/w0 ld_rid=43 st_stid=0 st_bid=2/w0 st_rid=103
[C:395931 ][TMA.NA    ]: nuke_pair_diag ld_stid=0 ld_bid=110/w0 ld_rid=3 st_stid=0 st_bid=102/w0 st_rid=63
[C:396304 ][TMA.NA    ]: nuke_pair_diag ld_stid=0 ld_bid=210/w0 ld_rid=91 st_stid=0 st_bid=202/w0 st_rid=23
[C:396677 ][TMA.NA    ]: nuke_pair_diag ld_stid=0 ld_bid=54/w1 ld_rid=51 st_stid=0 st_bid=46/w1 st_rid=111
[C:397050 ][TMA.NA    ]: nuke_pair_diag ld_stid=0 ld_bid=154/w1 ld_rid=11 st_stid=0 st_bid=146/w1 st_rid=71
[C:397423 ][TMA.NA    ]: nuke_pair_diag ld_stid=0 ld_bid=254/w1 ld_rid=99 st_stid=0 st_bid=246/w1 st_rid=31
[C:397796 ][TMA.NA    ]: nuke_pair_diag ld_stid=0 ld_bid=98/w0 ld_rid=59 st_stid=0 st_bid=90/w0 st_rid=119
[C:398169 ][TMA.NA    ]: nuke_pair_diag ld_stid=0 ld_bid=198/w0 ld_rid=19 st_stid=0 st_bid=190/w0 st_rid=79
[C:398542 ][TMA.NA    ]: nuke_pair_diag ld_stid=0 ld_bid=42/w1 ld_rid=107 st_stid=0 st_bid=34/w1 st_rid=39
[C:398915 ][TMA.NA    ]: nuke_pair_diag ld_stid=0 ld_bid=142/w1 ld_rid=67 st_stid=0 st_bid=134/w1 st_rid=127
[C:399288 ][TMA.NA    ]: nuke_pair_diag ld_stid=0 ld_bid=242/w1 ld_rid=27 st_stid=0 st_bid=234/w1 st_rid=87
[C:399661 ][TMA.NA    ]: nuke_pair_diag ld_stid=0 ld_bid=86/w0 ld_rid=115 st_stid=0 st_bid=78/w0 st_rid=47
tid: 0 Core@400000: Retired blocks 72351. BROB head info: B159 STID0 BPC 0x11a7c [STD COND]
[C:400034 ][TMA.NA    ]: nuke_pair_diag ld_stid=0 ld_bid=186/w0 ld_rid=75 st_stid=0 st_bid=178/w0 st_rid=7
[C:400407 ][TMA.NA    ]: nuke_pair_diag ld_stid=0 ld_bid=30/w1 ld_rid=35 st_stid=0 st_bid=22/w1 st_rid=95
[C:400780 ][TMA.NA    ]: nuke_pair_diag ld_stid=0 ld_bid=130/w1 ld_rid=123 st_stid=0 st_bid=122/w1 st_rid=55
[C:401153 ][TMA.NA    ]: nuke_pair_diag ld_stid=0 ld_bid=230/w1 ld_rid=83 st_stid=0 st_bid=222/w1 st_rid=15
[C:401526 ][TMA.NA    ]: nuke_pair_diag ld_stid=0 ld_bid=74/w0 ld_rid=43 st_stid=0 st_bid=66/w0 st_rid=103
[C:401899 ][TMA.NA    ]: nuke_pair_diag ld_stid=0 ld_bid=174/w0 ld_rid=3 st_stid=0 st_bid=166/w0 st_rid=63
[C:402272 ][TMA.NA    ]: nuke_pair_diag ld_stid=0 ld_bid=18/w1 ld_rid=91 st_stid=0 st_bid=10/w1 st_rid=23
[C:402645 ][TMA.NA    ]: nuke_pair_diag ld_stid=0 ld_bid=118/w1 ld_rid=51 st_stid=0 st_bid=110/w1 st_rid=111
[C:403018 ][TMA.NA    ]: nuke_pair_diag ld_stid=0 ld_bid=218/w1 ld_rid=11 st_stid=0 st_bid=210/w1 st_rid=71
[C:403391 ][TMA.NA    ]: nuke_pair_diag ld_stid=0 ld_bid=62/w0 ld_rid=99 st_stid=0 st_bid=54/w0 st_rid=31
[C:403764 ][TMA.NA    ]: nuke_pair_diag ld_stid=0 ld_bid=162/w0 ld_rid=59 st_stid=0 st_bid=154/w0 st_rid=119
[C:404137 ][TMA.NA    ]: nuke_pair_diag ld_stid=0 ld_bid=6/w1 ld_rid=19 st_stid=0 st_bid=254/w0 st_rid=79
[C:404510 ][TMA.NA    ]: nuke_pair_diag ld_stid=0 ld_bid=106/w1 ld_rid=107 st_stid=0 st_bid=98/w1 st_rid=39
[C:404883 ][TMA.NA    ]: nuke_pair_diag ld_stid=0 ld_bid=206/w1 ld_rid=67 st_stid=0 st_bid=198/w1 st_rid=127
[C:405256 ][TMA.NA    ]: nuke_pair_diag ld_stid=0 ld_bid=50/w0 ld_rid=27 st_stid=0 st_bid=42/w0 st_rid=87
[C:405629 ][TMA.NA    ]: nuke_pair_diag ld_stid=0 ld_bid=150/w0 ld_rid=115 st_stid=0 st_bid=142/w0 st_rid=47
[C:406002 ][TMA.NA    ]: nuke_pair_diag ld_stid=0 ld_bid=250/w0 ld_rid=75 st_stid=0 st_bid=242/w0 st_rid=7
[C:406375 ][TMA.NA    ]: nuke_pair_diag ld_stid=0 ld_bid=94/w1 ld_rid=35 st_stid=0 st_bid=86/w1 st_rid=95
[C:406748 ][TMA.NA    ]: nuke_pair_diag ld_stid=0 ld_bid=194/w1 ld_rid=123 st_stid=0 st_bid=186/w1 st_rid=55
[C:407121 ][TMA.NA    ]: nuke_pair_diag ld_stid=0 ld_bid=38/w0 ld_rid=83 st_stid=0 st_bid=30/w0 st_rid=15
[C:407494 ][TMA.NA    ]: nuke_pair_diag ld_stid=0 ld_bid=138/w0 ld_rid=43 st_stid=0 st_bid=130/w0 st_rid=103
[C:407867 ][TMA.NA    ]: nuke_pair_diag ld_stid=0 ld_bid=238/w0 ld_rid=3 st_stid=0 st_bid=230/w0 st_rid=63
[C:408240 ][TMA.NA    ]: nuke_pair_diag ld_stid=0 ld_bid=82/w1 ld_rid=91 st_stid=0 st_bid=74/w1 st_rid=23
[C:408613 ][TMA.NA    ]: nuke_pair_diag ld_stid=0 ld_bid=182/w1 ld_rid=51 st_stid=0 st_bid=174/w1 st_rid=111
[C:408986 ][TMA.NA    ]: nuke_pair_diag ld_stid=0 ld_bid=26/w0 ld_rid=11 st_stid=0 st_bid=18/w0 st_rid=71
[C:409359 ][TMA.NA    ]: nuke_pair_diag ld_stid=0 ld_bid=126/w0 ld_rid=99 st_stid=0 st_bid=118/w0 st_rid=31
[C:409732 ][TMA.NA    ]: nuke_pair_diag ld_stid=0 ld_bid=226/w0 ld_rid=59 st_stid=0 st_bid=218/w0 st_rid=119
[C:410105 ][TMA.NA    ]: nuke_pair_diag ld_stid=0 ld_bid=70/w1 ld_rid=19 st_stid=0 st_bid=62/w1 st_rid=79
[C:410478 ][TMA.NA    ]: nuke_pair_diag ld_stid=0 ld_bid=170/w1 ld_rid=107 st_stid=0 st_bid=162/w1 st_rid=39
[C:410851 ][TMA.NA    ]: nuke_pair_diag ld_stid=0 ld_bid=14/w0 ld_rid=67 st_stid=0 st_bid=6/w0 st_rid=127
[C:411224 ][TMA.NA    ]: nuke_pair_diag ld_stid=0 ld_bid=114/w0 ld_rid=27 st_stid=0 st_bid=106/w0 st_rid=87
[C:411597 ][TMA.NA    ]: nuke_pair_diag ld_stid=0 ld_bid=214/w0 ld_rid=115 st_stid=0 st_bid=206/w0 st_rid=47
[C:411970 ][TMA.NA    ]: nuke_pair_diag ld_stid=0 ld_bid=58/w1 ld_rid=75 st_stid=0 st_bid=50/w1 st_rid=7
[C:412343 ][TMA.NA    ]: nuke_pair_diag ld_stid=0 ld_bid=158/w1 ld_rid=35 st_stid=0 st_bid=150/w1 st_rid=95
[C:412716 ][TMA.NA    ]: nuke_pair_diag ld_stid=0 ld_bid=2/w0 ld_rid=123 st_stid=0 st_bid=250/w1 st_rid=55
[C:413089 ][TMA.NA    ]: nuke_pair_diag ld_stid=0 ld_bid=102/w0 ld_rid=83 st_stid=0 st_bid=94/w0 st_rid=15
[C:413462 ][TMA.NA    ]: nuke_pair_diag ld_stid=0 ld_bid=202/w0 ld_rid=43 st_stid=0 st_bid=194/w0 st_rid=103
[C:413835 ][TMA.NA    ]: nuke_pair_diag ld_stid=0 ld_bid=46/w1 ld_rid=3 st_stid=0 st_bid=38/w1 st_rid=63
[C:414208 ][TMA.NA    ]: nuke_pair_diag ld_stid=0 ld_bid=146/w1 ld_rid=91 st_stid=0 st_bid=138/w1 st_rid=23
[C:414581 ][TMA.NA    ]: nuke_pair_diag ld_stid=0 ld_bid=246/w1 ld_rid=51 st_stid=0 st_bid=238/w1 st_rid=111
[C:414954 ][TMA.NA    ]: nuke_pair_diag ld_stid=0 ld_bid=90/w0 ld_rid=11 st_stid=0 st_bid=82/w0 st_rid=71
[C:415327 ][TMA.NA    ]: nuke_pair_diag ld_stid=0 ld_bid=190/w0 ld_rid=99 st_stid=0 st_bid=182/w0 st_rid=31
[C:415700 ][TMA.NA    ]: nuke_pair_diag ld_stid=0 ld_bid=34/w1 ld_rid=59 st_stid=0 st_bid=26/w1 st_rid=119
[C:416073 ][TMA.NA    ]: nuke_pair_diag ld_stid=0 ld_bid=134/w1 ld_rid=19 st_stid=0 st_bid=126/w1 st_rid=79
[C:416446 ][TMA.NA    ]: nuke_pair_diag ld_stid=0 ld_bid=234/w1 ld_rid=107 st_stid=0 st_bid=226/w1 st_rid=39
[C:416819 ][TMA.NA    ]: nuke_pair_diag ld_stid=0 ld_bid=78/w0 ld_rid=67 st_stid=0 st_bid=70/w0 st_rid=127
[C:417192 ][TMA.NA    ]: nuke_pair_diag ld_stid=0 ld_bid=178/w0 ld_rid=27 st_stid=0 st_bid=170/w0 st_rid=87
[C:417565 ][TMA.NA    ]: nuke_pair_diag ld_stid=0 ld_bid=22/w1 ld_rid=115 st_stid=0 st_bid=14/w1 st_rid=47
[C:417938 ][TMA.NA    ]: nuke_pair_diag ld_stid=0 ld_bid=122/w1 ld_rid=75 st_stid=0 st_bid=114/w1 st_rid=7
[C:418311 ][TMA.NA    ]: nuke_pair_diag ld_stid=0 ld_bid=222/w1 ld_rid=35 st_stid=0 st_bid=214/w1 st_rid=95
[C:418684 ][TMA.NA    ]: nuke_pair_diag ld_stid=0 ld_bid=66/w0 ld_rid=123 st_stid=0 st_bid=58/w0 st_rid=55
[C:419057 ][TMA.NA    ]: nuke_pair_diag ld_stid=0 ld_bid=166/w0 ld_rid=83 st_stid=0 st_bid=158/w0 st_rid=15
[C:419430 ][TMA.NA    ]: nuke_pair_diag ld_stid=0 ld_bid=10/w1 ld_rid=43 st_stid=0 st_bid=2/w1 st_rid=103
[C:419803 ][TMA.NA    ]: nuke_pair_diag ld_stid=0 ld_bid=110/w1 ld_rid=3 st_stid=0 st_bid=102/w1 st_rid=63
[C:420176 ][TMA.NA    ]: nuke_pair_diag ld_stid=0 ld_bid=210/w1 ld_rid=91 st_stid=0 st_bid=202/w1 st_rid=23
[C:420549 ][TMA.NA    ]: nuke_pair_diag ld_stid=0 ld_bid=54/w0 ld_rid=51 st_stid=0 st_bid=46/w0 st_rid=111
tid: 0 Core@500000: Retired blocks 93476. BROB head info: B36 STID0 BPC 0x11dc4 [STD COND]
tid: 0 Core@600000: Retired blocks 156175. BROB head info: B15 STID0 BPC 0x11d98 [STD COND]
tid: 0 Core@700000: Retired blocks 218826. BROB head info: B202 STID0 BPC 0x11d8c [STD COND]
tid: 0 Core@800000: Retired blocks 281416. BROB head info: B72 STID0 BPC 0x11d98 [STD COND]
tid: 0 Core@900000: Retired blocks 343887. BROB head info: B79 STID0 BPC 0x11d8c [STD COND]
tid: 0 Core@1000000: Retired blocks 406150. BROB head info: B134 STID0 BPC 0x11d98 [STD COND]
tid: 0 Core@1100000: Retired blocks 465737. BROB head info: B73 STID0 BPC 0x11e42 [STD COND]
Simulation time: 356s 
+-------------------------+--------------+
| Block Control Config Name | Value        |
+-------------------------+--------------+
| inst_decode_bw          | 4            |
| block_rob_depth         | 256          |
| BISQ:cube_isq_depth     | 32           |
| BISQ:vector_isq_depth   | 32           |
+-------------------------+--------------+
+-------------------+--------------+
| CUBE Config Name  | Value        |
+-------------------+--------------+
| uop_isq_depth     | 32           |
| tcvt_isq_depth    | 16           |
| L0A_size          | 16           |
| L0B_size          | 16           |
| L0C_size          | 16           |
+-------------------+--------------+
===================SuperScalar NPU Stats====================
Total Cycles.....................................:   1117803
================SuperScalar Unified Top-Down================
Retiring.........................................:     35.97%
Bad Speculation..................................:      8.41%
Frontend Bound...................................:      0.01%
CMD Bound........................................:      0.00%
Backend Bound....................................:     55.62%
=============Top-Down Normalization Diagnostics=============
Bad Speculation Clipped Slots....................:         0
Frontend Bound Clipped Slots.....................:         0
  |-- LD Retiring................................:      6.65%
  |-- ST Retiring................................:      0.57%
  |-- BR Retiring................................:      0.00%
  |-- ALU Retiring...............................:     28.75%
  |-- Other Retiring.............................:      0.00%
  |-- Misprediction..............................:      0.01%
  |-- Machine Clear..............................:      8.40%
  |-- Fetch Latency..............................:      0.01%
  |-- Fetch Bandwidth............................:      0.00%
    |-- Branch Resteering........................:      0.01%
    |-- ITLB/BTLB miss...........................:      0.00%
    |-- BHC miss penalty.........................:      0.00%
    |-- Other fetch lat..........................:      0.00%
    |-- Decode Stall.............................:      0.00%
    |-- Rename Stall.............................:      0.00%
    |-- BROB Stall...............................:      0.00%
    |-- SYS Block Stall..........................:      0.00%
  |-- CMD queue backpressure.....................:      0.00%
    |-- Operand not ready........................:      0.00%
    |-- BIQ capacity full........................:      0.00%
      |-- CUBE BIQ full..........................:      0.00%
      |-- VECTOR BIQ full........................:      0.00%
      |-- TLSU BIQ full..........................:      0.00%
      |-- GROUP/SHU BIQ full.....................:      0.00%
      |-- Other BIQ full.........................:      0.00%
    |-- TileReg capacity full....................:      0.00%
    |-- GPR LPV/no-cancel gate...................:      0.00%
    |-- Other CMD queue block....................:      0.00%
  |-- CMDPipe tile backpressure..................:      0.00%
    |-- TileReg resource unavailable.............:      0.00%
    |-- Other CMDPipe stall......................:      0.00%
  |-- Other CMD control..........................:      0.00%
  |-- Memory Bound...............................:      0.00%
  |-- Core Bound.................................:     55.62%
    |-- L1 Bound.................................:      0.00%
    |-- L2 Bound.................................:      0.00%
    |-- L3/DRAM Bound............................:      0.00%
    |-- Store Bound..............................:      0.00%
    |-- Scalar ALU...............................:     24.48%
    |-- Cube.....................................:      0.00%
    |-- Vector...................................:      0.00%
    |-- TLSU Tload...............................:     21.48%
    |-- TLSU Tstore..............................:      9.66%
    |-- TLSU TMOV................................:      0.00%
    |-- Idle.....................................:      0.00%
    |-- Other Core...............................:      0.00%
      |-- Simple ALU pipe full...................:      0.00%
      |-- Complex INT busy.......................:      0.31%
      |-- Branch port busy.......................:     12.68%
===============Top-Down Boundary Attribution================
IFU-OEX boundary observations (slots)............:   4471212
  |-- Frontend supply bubble (F5)................:      1.62%
  |-- Backend backpressure (F5)..................:     22.24%
  |-- Delivered to OEX (F5)......................:     76.14%
CMD queue/Pipe boundary observations (cycles)....:   1117803
  |-- CMD queue supply bubble....................:    100.00%
  |-- CMD queue backpressure.....................:      0.00%
  |-- CMD blocked union cycles...................:        30
  |-- CMD issued slots...........................:        19
  |-- CMD IQ TileOp issue count..................:         0
  |-- CMD IQ non-empty cycles....................:        49
  |-- CMD IQ TileOp issue rate (tileops/cycle)...:0.00000000
  |-- CMDPipe tile backpressure events...........:         0
=======Core-Cycles Oldest-Block Top-Down (diagnostic)=======
Core cycles......................................:   1117803
L1 Retiring......................................:     42.05%
L1 Recovery......................................:      0.02%
L1 Frontend Bound................................:     56.55%
L1 CMD Bound.....................................:      1.36%
L1 Backend Bound.................................:      0.00%
L1 Idle/Other....................................:      0.01%
  |-- L2 Memory Bound............................:      0.00%
  |-- L2 Group Sync Bound........................:      0.00%
  |-- L2 Core Bound..............................:      0.00%
    |-- L3 Cube..................................:      0.00%
    |-- L3 Vector................................:      0.00%
    |-- L3 TLSU..................................:      0.00%
    |-- L3 Scalar ALU............................:      0.00%
      |-- L4 Cube execution/queue owner..........:      0.00%
      |-- L4 Vector execution owner..............:      0.00%
      |-- L4 TLSU Tload owner....................:      0.00%
      |-- L4 TLSU Tstore owner...................:      0.00%
      |-- L4 Scalar ALU owner....................:      0.00%
Core-cycle attribution sum.......................:   1117803
STID0 oldest observations........................:   1117803
  |-- RETIRING representative STID...............:         0
  |-- RETIRING representative BID................:         0
  |-- RETIRING participant mask..................:         1
  |-- FRONTEND_BOUND representative STID.........:         0
  |-- FRONTEND_BOUND representative BID..........:         0
  |-- FRONTEND_BOUND participant mask............:         1
  |-- CMD_BOUND representative STID..............:         0
  |-- CMD_BOUND representative BID...............:         2
  |-- CMD_BOUND participant mask.................:         1
  |-- FLUSH_RECOVERY representative STID.........:         0
  |-- FLUSH_RECOVERY representative BID..........:         2
  |-- FLUSH_RECOVERY participant mask............:         1
  |-- IDLE_NO_OLDEST representative STID.........:         0
  |-- IDLE_NO_OLDEST representative BID..........:18446744073709551615
  |-- IDLE_NO_OLDEST participant mask............:         1
===================superScalar Key Stats====================
superScalar Tileop Total Cycles..................:   1117803
  |--Cube Tileop Total Cycles....................:         0
  |--Vector Tileop Total Cycles..................:         0
  |--TLSU Tileop Total Cycles....................:         0
superScalar Total Tileop Counter.................:         0
  |--Cube Execute Tileop Counter.................:         0
  |--Vector Execute Tileop Counter...............:         0
  |--TLSU Execute Tileop Counter.................:         0
    |--AccountExpTlsuCellReads...................:         0
    |--AccountExpTlsuCellWrites..................:         0
superScalar Run Tileop Wall Cycles...............:   1089349
  |--Cube Busy Resource-Cycles (PE-summed).......:         0
  |--Vector Busy Resource-Cycles (PE-summed).....:         0
  |--TLSU Busy Resource-Cycles (PE-summed).......:   1089349
  |--Cube Active Wall Cycles (union).............:         0
  |--Vector Active Wall Cycles (union)...........:         0
  |--TLSU Active Wall Cycles (union).............:   1089349
    |--TLSU Tload Resource-Cycles (PE-summed)....:    963388
      |--write Blocked By Ring Cycles............:         0
    |--TLSU Tstore Resource-Cycles (PE-summed)...:    433137
    |--TLSU Tmov Resource-Cycles (PE-summed).....:         0
    |--TLSU Mgather Resource-Cycles (PE-summed)..:         0
    |--TLSU Mscatter Resource-Cycles (PE-summed).:         0
    |--TLSU Vgather Resource-Cycles (PE-summed)..:         0
    |--TLSU Vscatter Resource-Cycles (PE-summed).:         0
  |--All Cores Idle Wall Cycles..................:     28454
  |--Vector-Cube Concurrent Wall Cycles (union)..:         0
  |--Vector-Cube Active Wall Cycles (union)......:         0
  |--Cube-TLSU Concurrent Wall Cycles (union)....:         0
  |--Cube-TLSU Active Wall Cycles (union)........:   1089349
  |--Vector-TLSU Concurrent Wall Cycles (union)..:         0
  |--Vector-TLSU Active Wall Cycles (union)......:   1089349
=============TileOp Efficiency (explicit units)=============
PE0 CUBE ExecCycles/TileOp.......................:      0.00
PE0 CUBE TileOpRate (ops/cycle)..................:0.00000000
PE0 CUBE TileOp Occupancy (%)....................:      0.00
PE0 VECTOR ReadLatency (cycles/op)...............:      0.00
PE0 VECTOR TileOpRate (ops/cycle)................:      0.00
PE0 VECTOR Utilization...........................:      0.00
PE0 VECTOR Utilization (issue-events)............:      0.00
PE0 TLSU Occupancy/Issue (cycles/event)..........:     10.77
PE0 TLSU IssueRate (events/cycle)................:      0.58
PE0 TLSU Utilization (%).........................:     97.50
Vector-Cube overlap ratio........................:      0.00
Vector-TLSU overlap ratio........................:      0.00
============PROB Status Occupancy (entry-cycles)============
  |--free........................................:         0
  |--alloc.......................................:   9844938
  |--renamed.....................................:         0
  |--dispatched..................................:   2315272
  |--in_queue....................................:  38212746
  |--issued......................................:   3972692
  |--executing...................................:   1237852
  |--writeback...................................:   1199796
  |--completed...................................:  62274023
  |--retired.....................................:   5438211
  |--fault.......................................:         0
  |--need_flush..................................:       129
===============Block Control Key Stats total================
Average Outstanding Block Number.................:      0.00
  |--Average Outstanding Cube Block Number.......:      0.00
  |--Average Outstanding Vector Block Number.....:      0.00
  |--Average Outstanding TLoad Number............:      0.00
  |--Average Outstanding TStore Number...........:      0.00
=============Block Control Key Stats SThread 0==============
Average Outstanding Block Number.................:      0.00
  |--Average Outstanding Cube Block Number.......:      0.00
  |--Average Outstanding Vector Block Number.....:      0.00
  |--Average Outstanding TLoad Number............:      0.00
  |--Average Outstanding TStore Number...........:      0.00
===================CubeCore 0 Statistics====================
Cube Total Cycles................................:   1117803
Cube MAC Exec Occupancy..........................:         0    0.00%
Cube MAC Utilization.............................:      0.00    0.00%
Cube Logical MAC Count...........................:         0
Cube Equivalent MAC Count........................:      0.00
Cube Equivalent MAC Rate (MAC/cycle).............:      0.00
Cube core workload units (dtype-normalized)......:      0.00
Cube core workload rate (units/cycle)............:0.00000000
Cube Achieved TFLOPS (equivalent MACs, 1.65GHz)..:  0.000000
Cube core exe tileop count.......................:         0
Cube Uop Generated Count.........................:         0
Cube core retired uop count......................:         0
Cube core total load count.......................:         0
Cube core total store count (CellReg TileC writes):         0
Cube FP16 Logical MAC Count......................:         0
Cube FP16 Equivalent MAC Count...................:      0.00
Cube FP8 Logical MAC Count.......................:         0
Cube FP8 Equivalent MAC Count....................:      0.00
Cube FP4 Logical MAC Count.......................:         0
Cube FP4 Equivalent MAC Count....................:      0.00
Cube TileOp Occupancy............................:         0    0.00%
Cube Load Outstanding............................:         0    0.00%
Cube FixPipe/Store Occupancy.....................:         0    0.00%
Cube core average acc slot use...................:       N/A
Cube core average l0a entry use..................:       N/A
Cube core average l0b entry use..................:       N/A
Cube core average l0a entry use busy.............:       N/A
Cube core average l0b entry use busy.............:       N/A
Cube core average acc slot use busy..............:       N/A
Cube MAC Range...................................:         0
Cube Load Range..................................:         0
Cube Store Range.................................:         0
Cube Load-MAC Range Overlap......................:         0     N/A
accSlotAllocCount................................:         0
accSlotFreeCount.................................:         0
accSlotPeakInUse.................................:         0
accSlotWaitCount.................................:         0
bandPairMapPeakSize..............................:         0
bandPairMapFinalSize.............................:         0
batchDistributeCount.............................:         0
batchFallbackCount...............................:         0
m0TileCReadCount.................................:         0
m1TileCReadCount.................................:         0
tileCReadRequestCount............................:         0
tileCReadBytes...................................:         0
batchMissedDistributeCount.......................:         0
uniqueTileCSourceAddresses.......................:         0
Cube core exe uop count..........................:         0
Cube core retired uop count......................:         0
Cube core total load count.......................:         0
Cube core total store count (CellReg TileC writes):         0
  |--CellReg Load Count..........................:         0
    |--CellReg TileA Count.......................:         0
    |--CellReg TileB Count.......................:         0
    |--CellReg TileC Count.......................:         0
    |--CellReg LeftScale Count...................:         0
    |--CellReg RightScale Count..................:         0
  |--CellReg Load Bytes..........................:         0
    |--CellReg TileA Bytes.......................:         0
    |--CellReg TileB Bytes.......................:         0
    |--CellReg TileC Bytes.......................:         0
    |--CellReg LeftScale Bytes...................:         0
    |--CellReg RightScale Bytes..................:         0
  |--CellReg Store Count.........................:         0
    |--CellReg TileC Count.......................:         0
  |--CellReg Store Bytes.........................:         0
    |--CellReg TileC Bytes.......................:         0
  |--ShareTReg Load Count........................:         0
    |--ShareTReg TileA Count.....................:         0
    |--ShareTReg TileB Count.....................:         0
  |--ShareTReg Load Bytes........................:         0
    |--ShareTReg TileA Bytes.....................:         0
    |--ShareTReg TileB Bytes.....................:         0
  |--Exp CellReg Load Count......................:         0
    |--Exp CellReg TileA Count...................:         0
    |--Exp CellReg TileB Count...................:         0
    |--Exp CellReg TileC Count...................:         0
    |--Exp CellReg LeftScale Count...............:         0
    |--Exp CellReg RightScale Count..............:         0
  |--Exp CellReg Load Delta......................:      0.00
  |--Exp CellReg Store Count.....................:         0
  |--Exp CellReg Store Delta.....................:      0.00
  |--Exp ShareTReg Load Count....................:         0
  |--Exp ShareTReg Load Delta....................:      0.00
Cube core cannot pick main chain uop ratio.......:         0     N/A
Cube core pick cub chain uop ratio...............:         0     N/A
Cube busy cycle..................................:         0
Cube core mmad busy cycle........................:         0     N/A
Cube core load busy cycle........................:         0     N/A
Cube core store busy cycle.......................:         0     N/A
  UtilMacW (array exec)..........................:         0
    |--UtilMacWMad (systolic MAC phase)..........:         0
    |--UtilMacWRamp (staging/fill-drain).........:         0
  UtilMacO (operand in-flight)...................:         0
  UtilMacA (exec/writeback struct)...............:         0
  UtilMacD (dependency chain)....................:         0
  UtilMacI (issue/rename struct).................:         0
  UtilMacS (no tile).............................:   1117803
  UtilMacUnaccounted.............................:         0
  UtilMacCycles..................................:   1117803
    |--UtilMacSub_O_L0InFlight...................:         0
    |--UtilMacSub_O_ScaleInFlight................:         0
    |--UtilMacSub_O_LoadPath.....................:         0
    |--UtilMacSub_O_LdUopBuf.....................:         0
    |--UtilMacSub_A_AllocBackpressure............:         0
    |--UtilMacSub_A_StoreInFlight................:         0
    |--UtilMacSub_A_FixPipeAnnounce..............:         0
    |--UtilMacSub_A_UopBufQueue..................:         0
    |--UtilMacSub_A_TileBoundary.................:         0
    |--UtilMacSubO_Reconcile.....................:      0.00
    |--UtilMacSubA_Reconcile.....................:      0.00
    |--UtilMacSub_O_L0InFlight_A.................:         0
    |--UtilMacSub_O_L0InFlight_B.................:         0
    |--UtilMacSub_O_L0InFlight_C.................:         0
    |--UtilMacSub_O_L0InFlight_Other.............:         0
    |--UtilMacSubO_L0Split_Reconcile.............:      0.00
  UtilMacIssue_Issued............................:         0
  UtilMacIssue_CStreamWait.......................:         0
  UtilMacIssue_L0InFlight........................:         0
  UtilMacIssue_ScaleInFlight.....................:         0
  UtilMacIssue_AllocBackpressure.................:         0
  UtilMacIssue_KLoopChain........................:         0
  UtilMacIssue_UopBufQueue.......................:         0
  UtilMacIssue_LdUopBufQueue.....................:         0
  UtilMacIssue_NoTile............................:   1117803
  UtilMacIssue_TileBoundary......................:         0
  UtilMacIssue_Unaccounted.......................:         0
  UtilMacIssue_Reconcile.........................:      0.00
  UtilMacIssue_L0InFlight_A......................:         0
  UtilMacIssue_L0InFlight_B......................:         0
  UtilMacIssue_L0InFlight_C......................:         0
  UtilMacIssue_L0InFlight_Other..................:         0
  UtilMacIssue_L0Split_Reconcile.................:      0.00
  UtilMacStageOcc................................:         0
  UtilMacStageIdle...............................:         0
  UtilMacStage_Reconcile.........................:      0.00
  UtilMacFillWeightedUtil........................:      0.00
  UtilMacShadow_CwaitCycles......................:         0
  UtilMacShadow_L0WithCwait......................:         0
  UtilMacStageIdleByCause_Reconcile..............:      0.00
=============== TLSU tile-store STQ residency peId=0 ===============
  resident entry-cycles ....................: 0
  |-- addr/interval not resolved ...........: 0  (0.00%)
  |-- tile data (rename) not ready .........: 0  (0.00%)
  |-- BLOCKED BY NON-FLUSH POINTER .........: 0  (0.00%)
  |-- older store still in STQ .............: 0  (0.00%)
  |-- SCB full ............................: 0  (0.00%)
  store_issue=51607 scb_enter=51607 stq_peak=52 scb_peak=48
  private_l1_handoff: fragments=51607 acks=51607 wait_entry_cycles=51612 balanced=yes
  invariants: stq_conservation=OK (created=52691 destroyed=52691) a3_tile_violation=0 scb_flush_hit=0 scb_waw_scalar=0 scb_waw_tile=0 nuke=254
=============== TLOAD Sub-path peId=0 ===============
  occupancy entry-cycles ..................: 3878267 (55.56%)
  issue events ............................: 596439
=============== TSTORE Sub-path peId=0 ===============
  occupancy entry-cycles ..................: 3101455 (44.44%)
  issue events ............................: 51607
=============== TMOV Sub-path peId=0 ===============
  occupancy entry-cycles ..................: 0 (0.00%)
  issue events ............................: 0
========================Streaming L2========================
l2_tr_read_sent..................................:         0
l2_tr_read_response..............................:         0
l2_tr_read_wait_cycles...........................:         0
l2_tr_read_queue_full_cycles.....................:         0
l2_tr_write_sent.................................:         0
l2_tr_write_response.............................:         0
l2_tr_write_wait_cycles..........................:         0
l2_tr_write_queue_full_cycles....................:         0
l2_rwdb_entry_full_cycles........................:         0
l2_prior_read_raw_renames........................:         0
l2_starvation_bypass_cycles......................:         0
=====================Retired block Type=====================
Retired Block Num................................:    470081
  |--Retired STD Block Num.......................:    470081
  |--Retired PARALLEL Block Num..................:         0
    |--Retired CUBE Block Num....................:         0     N/A
    |--Retired VCALL Block Num...................:         0     N/A
    |--Retired TLSU Block Num....................:         0     N/A
  |--Retired SYS Block Num.......................:         0
  |--Retired FP Block Num........................:         0
  |--Retired OTHER Block Num.....................:         0
==================Retired Template Opcode===================
FENTRY...........................................:         1
FEXIT............................................:         0
FRET.............................................:         1
MEMSET...........................................:         8
MEMCOPY..........................................:         0
Retired Instruction Number.......................:   3216446
  |--Retired Scalar Inst Number..................:   3216446
  |--Retired Vec Inst Number.....................:         0
Retired Cube TileOp Number.......................:         0
Blocks Per Cycle.................................:  0.420540
IPC..............................................:  2.877471
Average BROB occupancy...........................:     36.51
  |--STID0 Average BROB occupancy................: 36.514906
Effective window size............................:     59.20
MPKB.............................................:      1.38
MPKI.............................................:      0.20
Simulation speed (Kilo Insts Per Second).........:      9.02
Discontinuous BPC Count..........................:    291800
Average Continuous BPC Length....................:  1.610970
Average fetch minsts/header per cycle............:      9.90
==========Block Control Detail Stats(Tile rename)===========
Tile capacity sample cycles......................:   1117803
Tile virtual tag capacity T/U/M/N (all threads)..:      1024
Tile virtual peak live tags T/U/M/N (all threads):         0
Tile physical CellReg capacity per PE(B).........:    262144
Tile physical CellReg capacity all PEs(B)........:    262144
Tile lazy physical allocation enabled............:         0
Tile TLOAD first-data-ready bind enabled.........:         0
Tile physical bind requests......................:         0
Tile physical bind grants........................:         0
Tile physical bind failures......................:         0
Tile rename-to-bind average cycles...............:       N/A
Tile average virtual-only live tags..............:      0.00
Tile stale cell wakeup events....................:         0
Tile register average tag num....................:      0.00
  |--T...........................................:      0.00
  |--U...........................................:      0.00
  |--M...........................................:      0.00
  |--N...........................................:      0.00
  |--ACC.........................................:      0.00
  |--STK.........................................:      0.00
  |--DEP.........................................:      0.00
  |--MCALL_GPR...................................:      0.00
  |--MCALL_STK...................................:      0.00
Tile virtual average requested bytes (all threads):      0.00
Tile virtual sum of per-hand peak requested bytes:         0
Tile virtual simultaneous peak requested bytes (all threads):         0
Tile physical simultaneous peak occupied bytes (all PEs):         0
Tile physical simultaneous peak occupied cells (all PEs):         0
  |--T virtual requested bytes...................:      0.00
  |--T virtual peak requested bytes..............:         0
  |--U virtual requested bytes...................:      0.00
  |--U virtual peak requested bytes..............:         0
  |--M virtual requested bytes...................:      0.00
  |--M virtual peak requested bytes..............:         0
  |--N virtual requested bytes...................:      0.00
  |--N virtual peak requested bytes..............:         0
  |--ACC virtual requested bytes.................:      0.00
  |--ACC virtual peak requested bytes............:         0
  |--STK virtual requested bytes.................:      0.00
  |--STK virtual peak requested bytes............:         0
  |--DEP virtual requested bytes.................:      0.00
  |--DEP virtual peak requested bytes............:         0
  |--MCALL_GPR virtual requested bytes...........:      0.00
  |--MCALL_GPR virtual peak requested bytes......:         0
  |--MCALL_STK virtual requested bytes...........:      0.00
  |--MCALL_STK virtual peak requested bytes......:         0
Tile register average occupied bytes (all threads):      0.00
Tile register average utilization (%)............:    0.0000
  |--T occupied bytes............................:         0     N/A
  |--U occupied bytes............................:         0     N/A
  |--M occupied bytes............................:         0     N/A
  |--N occupied bytes............................:         0     N/A
  |--ACC occupied bytes..........................:         0     N/A
  |--STK occupied bytes..........................:         0     N/A
  |--DEP occupied bytes..........................:         0     N/A
  |--MCALL_GPR occupied bytes....................:         0     N/A
  |--MCALL_STK occupied bytes....................:         0     N/A
Tile physical configured hand size of T..........:     65536
  |-- physical peak utilization..................:         0    0.00%
Tile physical configured hand size of U..........:     65536
  |-- physical peak utilization..................:         0    0.00%
Tile physical configured hand size of M..........:     65536
  |-- physical peak utilization..................:         0    0.00%
Tile physical configured hand size of N..........:     65536
  |-- physical peak utilization..................:         0    0.00%
STID0 TileReg average occupied bytes.............:      0.00
STID0 TileReg average utilization (%)............:    0.0000
STID0 virtual Tile average requested bytes.......:      0.00
STID0 virtual Tile peak requested bytes..........:         0
STID0 physical Tile peak occupied bytes..........:         0
Tile size-class allocator enabled................:         1
Tile allocator unit size(B)......................:       128
Tile allocator requests..........................:         0
Tile allocator failures..........................:         0
Tile allocator successful requested units........:         0
Tile allocator granted units.....................:         0
Tile allocator class waste units.................:         0
Tile allocator split events......................:         0
Tile allocator merge events......................:         0
Tile allocator sum of per-thread peak(B).........:         0
==============Block Control Stall Stats Total===============
BRob Full Stall..................................:         0
RENAME Stall.....................................:         0
Block Rename Get Stall...........................:         0
Block Rename Set Stall...........................:         0
BIsq Full Stall .................................:         0
TileReg Full Stall ..............................:         0
============Block Control Stall Stats SThread 0=============
BRob Full Stall..................................:         0
RENAME Stall.....................................:         0
Block Rename Get Stall...........................:         0
Block Rename Set Stall...........................:         0
BIsq Full Stall .................................:         0
TileReg Full Stall ..............................:         0
============CtlStack (BISQ park head, per-stid)=============
  CtlStackG_S0...................................:        19
  CtlStackBIQFull_S0.............................:         0
  CtlStackPortBudget_S0..........................:         0
  CtlStackCellRename_S0..........................:         0
  CtlStackGroupGate_S0...........................:         0
  CtlStackTlsuBusy_S0............................:         0
  CtlStackPeCluster_S0...........................:         0
  CtlStackEmpty_S0...............................:   1117784
  CtlStackUnaccounted_S0.........................:         0
  CtlStackSyscallGate_S0.........................:         0
  CtlStackResidual_S0............................:         0
==============CtlStack2 (BIQ dispatch, per-IQ)==============
  CtlStack2G_CUBE................................:         0
  CtlStack2Empty_CUBE............................:   1117803
  CtlStack2ReadyWait_CUBE........................:         0
  CtlStack2DispQFull_CUBE........................:         0
  CtlStack2Unaccounted_CUBE......................:         0
  CtlStack2Residual_CUBE.........................:         0
  CtlStack2G_VEC_PE0.............................:         0
  CtlStack2Empty_VEC_PE0.........................:   1117803
  CtlStack2ReadyWait_VEC_PE0.....................:         0
  CtlStack2DispQFull_VEC_PE0.....................:         0
  CtlStack2Unaccounted_VEC_PE0...................:         0
  CtlStack2Residual_VEC_PE0......................:         0
============TileCell lifetime by producer module============
  TileCell OccCellCycles_CUBE....................:         0
  TileCell FreedCells_CUBE.......................:         0
  TileCell AvgLifeCycles_CUBE....................:      0.00
  TileCell MaxLifeCycles_CUBE....................:         0
  TileCell OccCellCycles_VEC.....................:         0
  TileCell FreedCells_VEC........................:         0
  TileCell AvgLifeCycles_VEC.....................:      0.00
  TileCell MaxLifeCycles_VEC.....................:         0
  TileCell OccCellCycles_TLSU....................:         0
  TileCell FreedCells_TLSU.......................:         0
  TileCell AvgLifeCycles_TLSU....................:      0.00
  TileCell MaxLifeCycles_TLSU....................:         0
  TileCell OccCellCycles_Other...................:         0
  TileCell FreedCells_Other......................:         0
  TileCell AvgLifeCycles_Other...................:      0.00
  TileCell MaxLifeCycles_Other...................:         0
==========GmmaGenSpread (lockstep 4-PE divergence)==========
  GenCount (4-PE complete).......................:         0
  IssueSpreadMean................................:       N/A
  IssueSpreadMax.................................:         0
  CompleteSpreadMean.............................:       N/A
  CompleteSpreadMax..............................:         0
  CompleteSpreadBucket_le4.......................:         0
  CompleteSpreadBucket_5to16.....................:         0
  CompleteSpreadBucket_17to64....................:         0
  CompleteSpreadBucket_gt64......................:         0
  FirstDivergenceGen (completeSpread>8)..........:         0
  FirstDivergenceCycle...........................:         0
  FirstDivergenceSpread..........................:         0
=====Block Control Detail Stats(Flush Statistics) Total=====
intra-block ld-st conflict.......................:         1
inter-block ld-st conflict.......................:       253
intra-block misp.................................:         0
inter-block misp.................................:       662
===Block Control Detail Stats(Flush Statistics) SThread 0===
intra-block ld-st conflict.......................:         1
inter-block ld-st conflict.......................:       253
intra-block misp.................................:         0
inter-block misp.................................:       662
=====================SPE OOO&IEX stats======================
decode inst bubble...............................:   5650683
average decode bundle............................:      0.00
Thread0 Pick Cnt.................................:   3280869
Thread0 rob stall cnt............................:    390209
decode pe rob stall..............................:         0
decode local gpr stall...........................:         0
inst buffer stall................................:         0
predicate reg stall..............................:         0
vector reg ptag stall............................:         0
vector local scalar reg stall....................:         0
retired ld inst..................................:    594872
retired st inst..................................:     50791
retired scalar inst..............................:   3216446
retired vector inst..............................:         0
retired div/sqrt inst............................:         0
MAPQ lg0 stall...................................:         0
ROB lg0 stall....................................:    390209
Thread0 decode cycle.............................:    722730
Thread0 alloc cycle..............................:    722730
Thread0 rename cycle.............................:    721883
Thread0 d2_s1 dispatch cnt.......................:    561633
Thread0 slots_total..............................:   5781840
Thread0 slots_rob_allocated......................:   3280869
Thread0 slots_fe_bubble..........................:   2500971
Thread0 slots_idle...............................:         0
Thread0 robStall.................................:   3121672
Thread0 retired_load.............................:    594872
Thread0 retired_store............................:     50791
Thread0 retired_innerJump........................:         0
Thread0 retiredAluInst...........................:   2570783
Thread0 retiredSAluInst..........................:   2570783
Thread0 retiredVAluInst..........................:         0
Thread0 retiredScalar............................:   3216446
Thread0 retiredVector............................:         0
Thread0 retiredDivSqrt...........................:         0
======================Vector PMU Stats======================
TileopNum........................................:         0
TCMPPackedTileNum................................:         0
TCMPFragmentExpected.............................:         0
TCMPFragmentCompleted............................:         0
TCMPFragmentCanceled.............................:         0
TCMPPackedCellWrites.............................:         0
TCMPPackWriteWaitCycles..........................:         0
TCMPFlushedTileNum...............................:         0
UopNum...........................................:         0
SplitCellCountMismatch...........................:         0
SplitPartialCellUopCount.........................:         0
SplitUopAvgPayloadBytes..........................:       N/A
UopQDispatch_INT.................................:         0
UopQReadyBypass_INT..............................:         0
UopQDispatchSrcBufFullCycles_INT.................:         0
UopQDispatchSrcBufFullBlockedCycles_INT..........:         0
VecSrcCellNotReadyCycles_INT.....................:         0
SharedReadPortWaitCycles_INT.....................:         0
UopQDispatch_FMA.................................:         0
UopQReadyBypass_FMA..............................:         0
UopQDispatchSrcBufFullCycles_FMA.................:         0
UopQDispatchSrcBufFullBlockedCycles_FMA..........:         0
VecSrcCellNotReadyCycles_FMA.....................:         0
SharedReadPortWaitCycles_FMA.....................:         0
UopQDispatch_LNEXP...............................:         0
UopQReadyBypass_LNEXP............................:         0
UopQDispatchSrcBufFullCycles_LNEXP...............:         0
UopQDispatchSrcBufFullBlockedCycles_LNEXP........:         0
VecSrcCellNotReadyCycles_LNEXP...................:         0
SharedReadPortWaitCycles_LNEXP...................:         0
CellReadMergedUops...............................:         0
StaticUopsIssued.................................:         0
StaticBoardBlockCycles...........................:         0
StaticWritebacks.................................:         0
EarlyWakeupFired.................................:         0
StaticDynPipeBlockCycles.........................:         0
DynStaticChainBlockCycles........................:         0
ExpandTagHits_INT................................:         0
ExpandTagMisses_INT..............................:         0
ExpandBankFills_INT..............................:         0
ExpandTempFills_INT..............................:         0
ExpandEvicts_INT.................................:         0
ExpandTagHits_FMA................................:         0
ExpandTagMisses_FMA..............................:         0
ExpandBankFills_FMA..............................:         0
ExpandTempFills_FMA..............................:         0
ExpandEvicts_FMA.................................:         0
ExpandTagHits_LNEXP..............................:         0
ExpandTagMisses_LNEXP............................:         0
ExpandBankFills_LNEXP............................:         0
ExpandTempFills_LNEXP............................:         0
ExpandEvicts_LNEXP...............................:         0
ExpandFillDrops..................................:         0
ExpandReadStaleFallbacks cls0....................:         0
ExpandReadStaleFallbacks cls1....................:         0
ExpandReadStaleFallbacks cls2....................:         0
LeSharedPortBlockCycles..........................:         0
LeSrc1CarrySkips.................................:         0
=======Static Path Bank Access / Conflict Attribution=======
  StaticBankReads Bank[0]........................:         0
  StaticBankReads Bank[1]........................:         0
  StaticBankReads Bank[2]........................:         0
  StaticBankReads Bank[3]........................:         0
  StaticBankReads Bank[4]........................:         0
  StaticBankReads Bank[5]........................:         0
  StaticBankReads Bank[6]........................:         0
  StaticBankReads Bank[7]........................:         0
  StaticDetectReadBlocks Bank[0].................:         0
  StaticDetectReadBlocks Bank[1].................:         0
  StaticDetectReadBlocks Bank[2].................:         0
  StaticDetectReadBlocks Bank[3].................:         0
  StaticDetectReadBlocks Bank[4].................:         0
  StaticDetectReadBlocks Bank[5].................:         0
  StaticDetectReadBlocks Bank[6].................:         0
  StaticDetectReadBlocks Bank[7].................:         0
  StaticDetectWriteBlocks Bank[0]................:         0
  StaticDetectWriteBlocks Bank[1]................:         0
  StaticDetectWriteBlocks Bank[2]................:         0
  StaticDetectWriteBlocks Bank[3]................:         0
  StaticDetectWriteBlocks Bank[4]................:         0
  StaticDetectWriteBlocks Bank[5]................:         0
  StaticDetectWriteBlocks Bank[6]................:         0
  StaticDetectWriteBlocks Bank[7]................:         0
  StaticIntYieldBlocks Bank[0]...................:         0
  StaticIntYieldBlocks Bank[1]...................:         0
  StaticIntYieldBlocks Bank[2]...................:         0
  StaticIntYieldBlocks Bank[3]...................:         0
  StaticIntYieldBlocks Bank[4]...................:         0
  StaticIntYieldBlocks Bank[5]...................:         0
  StaticIntYieldBlocks Bank[6]...................:         0
  StaticIntYieldBlocks Bank[7]...................:         0
  StaticBoardOccSum Bank[0]......................:         0
  StaticBoardOccSum Bank[1]......................:         0
  StaticBoardOccSum Bank[2]......................:         0
  StaticBoardOccSum Bank[3]......................:         0
  StaticBoardOccSum Bank[4]......................:         0
  StaticBoardOccSum Bank[5]......................:         0
  StaticBoardOccSum Bank[6]......................:         0
  StaticBoardOccSum Bank[7]......................:         0
  StaticBoardOccColSum Col[0]....................:         0
  StaticBoardOccColSum Col[1]....................:         0
  StaticBoardOccColSum Col[2]....................:         0
  StaticBoardOccColSum Col[3]....................:         0
  StaticBoardOccColSum Col[4]....................:         0
  StaticBoardOccColSum Col[5]....................:         0
  StaticBoardOccColSum Col[6]....................:         0
  StaticBoardOccColSum Col[7]....................:         0
  StaticBoardOccColSum Col[8]....................:         0
  StaticBoardOccColSum Col[9]....................:         0
  StaticBoardOccColSum Col[10]...................:         0
  StaticBoardOccColSum Col[11]...................:         0
  StaticBoardOccColSum Col[12]...................:         0
  StaticBoardOccColSum Col[13]...................:         0
  StaticBoardOccColSum Col[14]...................:         0
  StaticBoardOccColSum Col[15]...................:         0
VecAluAcceptCycles_FMA...........................:         0
VecAluAcceptCycles_INT...........................:         0
VecAluAcceptCycles_LNEXP.........................:         0
VecTripleIssueCycles.............................:         0
VecDualIssueCycles...............................:         0
VecSingleIssueCycles.............................:         0
VecIdleIssueCycles...............................:   1117803
CellReadMergeSaved...............................:         0
SrcBufBypassIssue................................:         0
SplitRawGateBlocked..............................:         0
SplitNoFreeSlotCycles............................:         0
IPC(UOP).........................................:  0.000000
RowExpandTileNum.................................:         0
RowExpandUopSplit................................:         0
RowExpandSrc0CellRegReadNum......................:         0
RowExpandBroadcastCellRegReadNum.................:         0
RowExpandBroadcastBufferHitNum...................:         0
RowExpandBroadcastOwnerDeliveryNum...............:         0
RowExpandBroadcastCacheFillNum...................:         0
RowExpandBroadcastWaitCycles.....................:         0
RowExpandReadPortWaitCycles......................:         0
RowExpandSourceResponseWaitUopCycles.............:         0
RowExpandCompletedTileNum........................:         0
RowExpandFlushedTileNum..........................:         0
RowExpandStaleResponseNum........................:         0
RowReduceTileNum.................................:         0
RowReduceLayerNum................................:         0
RowReduceUopSplit................................:         0
RowReduceUopDone.................................:         0
RowReduceRootWriteNum............................:         0
RowReduceFlushedTileNum..........................:         0
RowReduceEntryUnavailableCycles..................:         0
RowReduceSplitBandwidthWaitTileCycles............:         0
RowReduceSrcBufFullTileCycles....................:         0
RowReduceLayerWaitTileCycles.....................:         0
RowReduceLayerPublishWaitTileCycles..............:         0
RowReduceReadPortWaitUopCycles...................:         0
RowReduceSourceResponseWaitUopCycles.............:         0
RowReduceIssueIntervalWaitUopCycles..............:         0
RowReduceSameGroupWaitUopCycles..................:         0
RowReduceExecPipeFullUopCycles...................:         0
RowReduceRootDstBufWaitTileCycles................:         0
RowReduceRootWritePortWaitCycles.................:         0
RowReduceRootWriteResponseWaitCycles.............:         0
RowReduceSrcNotReadyCycles.......................:         0
RowReduceTEMPForwardHits.........................:         0
RowReduceCellFallbackReads.......................:         0
RedTempMacroNum..................................:         0
RedTempChainUopSplit.............................:         0
RedTempMergeUopSplit.............................:         0
RedTempUopDone...................................:         0
RedTempRootWriteNum..............................:         0
RedTempCountBlocks...............................:         0
RedTempSerialBlocks..............................:         0
RedTempFlushedMacroNum...........................:         0
TcvtChainSeqBlocks...............................:         0
RedTempWrite_T0..................................:         0
RedTempWrite_T1..................................:         0
RedTempWrite_T2..................................:         0
RedTempWrite_T3..................................:         0
RedTempWrite_T4..................................:         0
RedTempWrite_T5..................................:         0
HybridCountGatedTiles............................:         0
HybridCountGateBlocks............................:         0
HybridCountNotified..............................:         0
ReadNum..........................................:         0
CellReadAccessTotal..............................:         0
CellReadAccess_INT...............................:         0
CellReadAccess_FMA...............................:         0
CellReadAccess_LNEXP.............................:         0
ReadLat..........................................:      0.00
  |--LatLE5......................................:         0
  |--LatLE10.....................................:         0
  |--LatLE15.....................................:         0
  |--LatGT15.....................................:         0
WriteNum.........................................:         0
CellWriteAccessTotal.............................:         0
CellWriteAccess_INT..............................:         0
CellWriteAccess_FMA..............................:         0
CellWriteAccess_LNEXP............................:         0
TempForwardHits_INT..............................:         0
TempForwardHits_FMA..............................:         0
TempForwardHits_LNEXP............................:         0
TempForwardMisses_INT............................:         0
TempForwardMisses_FMA............................:         0
TempForwardMisses_LNEXP..........................:         0
ExpandTagHits_INT................................:         0
ExpandTagHits_FMA................................:         0
ExpandTagHits_LNEXP..............................:         0
ExpandTagMisses_INT..............................:         0
ExpandTagMisses_FMA..............................:         0
ExpandTagMisses_LNEXP............................:         0
ExpandBankFills_INT..............................:         0
ExpandBankFills_FMA..............................:         0
ExpandBankFills_LNEXP............................:         0
ExpandTempFills_INT..............................:         0
ExpandTempFills_FMA..............................:         0
ExpandTempFills_LNEXP............................:         0
ExpandEvicts_INT.................................:         0
ExpandEvicts_FMA.................................:         0
ExpandEvicts_LNEXP...............................:         0
LeSharedPortBlockCycles..........................:         0
WriteLat.........................................:      0.00
  |--LatLE5......................................:         0
  |--LatLE10.....................................:         0
  |--LatLE15.....................................:         0
  |--LatGT15.....................................:         0
AccountExpCellReads_INT..........................:         0
AccountExpCellReads_FMA..........................:         0
AccountExpCellReads_LNEXP........................:         0
AccountExpRedTempReads...........................:         0
AccountRedTempReads..............................:         0
AccountExpCellWrites_INT.........................:         0
AccountExpCellWrites_FMA.........................:         0
AccountExpCellWrites_LNEXP.......................:         0
AccountExpRedTempWrites..........................:         0
AccountExpReadsTotal.............................:         0
AccountActReadsTotal.............................:         0
AccountReadDelta.................................:      0.00
AccountExpWritesTotal............................:         0
AccountActWritesTotal............................:         0
AccountWriteDelta................................:      0.00
========================VecUtilStack========================
UtilStackW_INT...................................:         0
UtilStackO_INT...................................:         0
UtilStackA_INT...................................:         0
UtilStackD_INT...................................:         0
UtilStackI_INT...................................:         0
UtilStackS_INT...................................:   1117803
UtilStackUnaccounted_INT.........................:         0
UtilStackW_FMA...................................:         0
UtilStackO_FMA...................................:         0
UtilStackA_FMA...................................:         0
UtilStackD_FMA...................................:         0
UtilStackI_FMA...................................:         0
UtilStackS_FMA...................................:   1117803
UtilStackUnaccounted_FMA.........................:         0
UtilStackW_LNEXP.................................:         0
UtilStackO_LNEXP.................................:         0
UtilStackA_LNEXP.................................:         0
UtilStackD_LNEXP.................................:         0
UtilStackI_LNEXP.................................:         0
UtilStackS_LNEXP.................................:   1117803
UtilStackUnaccounted_LNEXP.......................:         0
UtilStackW_SHARED................................:         0
UtilStackO_SHARED................................:         0
UtilStackA_SHARED................................:         0
UtilStackD_SHARED................................:         0
UtilStackI_SHARED................................:         0
UtilStackS_SHARED................................:   1117803
UtilStackUnaccounted_SHARED......................:         0
UtilStackCycles..................................:   1117803
UtilStackVecBusy.................................:         0
UtilStackVecExposed..............................:         0
  UtilStackSub_O_DstWriteCfl_INT.................:         0
  UtilStackSub_O_BankCfl_INT.....................:         0
  UtilStackSub_O_SharedPort_INT..................:         0
  UtilStackSub_O_YieldFma_INT....................:         0
  UtilStackSub_O_LePort_INT......................:         0
  UtilStackSub_A_RedTempMacro_INT................:         0
  UtilStackSub_A_LeThrottle_INT..................:         0
  UtilStackSub_A_LeFifoFull_INT..................:         0
  UtilStackSub_A_IiCool_INT......................:         0
  UtilStackSub_A_DstbufFull_INT..................:         0
  UtilStackSub_A_PipeFull_INT....................:         0
  UtilStackSub_D_StaticSrc_INT...................:         0
  UtilStackSub_D_RedTempCount_INT................:         0
  UtilStackSub_D_DynSrcbuf_INT...................:         0
  UtilStackSubO_Reconcile_INT....................:      0.00
  UtilStackSubA_Reconcile_INT....................:      0.00
  UtilStackSubD_Reconcile_INT....................:      0.00
  UtilStackSub_O_DstWriteCfl_FMA.................:         0
  UtilStackSub_O_BankCfl_FMA.....................:         0
  UtilStackSub_O_SharedPort_FMA..................:         0
  UtilStackSub_O_YieldFma_FMA....................:         0
  UtilStackSub_O_LePort_FMA......................:         0
  UtilStackSub_A_RedTempMacro_FMA................:         0
  UtilStackSub_A_LeThrottle_FMA..................:         0
  UtilStackSub_A_LeFifoFull_FMA..................:         0
  UtilStackSub_A_IiCool_FMA......................:         0
  UtilStackSub_A_DstbufFull_FMA..................:         0
  UtilStackSub_A_PipeFull_FMA....................:         0
  UtilStackSub_D_StaticSrc_FMA...................:         0
  UtilStackSub_D_RedTempCount_FMA................:         0
  UtilStackSub_D_DynSrcbuf_FMA...................:         0
  UtilStackSubO_Reconcile_FMA....................:      0.00
  UtilStackSubA_Reconcile_FMA....................:      0.00
  UtilStackSubD_Reconcile_FMA....................:      0.00
  UtilStackSub_O_DstWriteCfl_LNEXP...............:         0
  UtilStackSub_O_BankCfl_LNEXP...................:         0
  UtilStackSub_O_SharedPort_LNEXP................:         0
  UtilStackSub_O_YieldFma_LNEXP..................:         0
  UtilStackSub_O_LePort_LNEXP....................:         0
  UtilStackSub_A_RedTempMacro_LNEXP..............:         0
  UtilStackSub_A_LeThrottle_LNEXP................:         0
  UtilStackSub_A_LeFifoFull_LNEXP................:         0
  UtilStackSub_A_IiCool_LNEXP....................:         0
  UtilStackSub_A_DstbufFull_LNEXP................:         0
  UtilStackSub_A_PipeFull_LNEXP..................:         0
  UtilStackSub_D_StaticSrc_LNEXP.................:         0
  UtilStackSub_D_RedTempCount_LNEXP..............:         0
  UtilStackSub_D_DynSrcbuf_LNEXP.................:         0
  UtilStackSubO_Reconcile_LNEXP..................:      0.00
  UtilStackSubA_Reconcile_LNEXP..................:      0.00
  UtilStackSubD_Reconcile_LNEXP..................:      0.00
  UtilStackSub_O_DstWriteCfl_SHARED..............:         0
  UtilStackSub_O_BankCfl_SHARED..................:         0
  UtilStackSub_O_SharedPort_SHARED...............:         0
  UtilStackSub_O_YieldFma_SHARED.................:         0
  UtilStackSub_O_LePort_SHARED...................:         0
  UtilStackSub_A_RedTempMacro_SHARED.............:         0
  UtilStackSub_A_LeThrottle_SHARED...............:         0
  UtilStackSub_A_LeFifoFull_SHARED...............:         0
  UtilStackSub_A_IiCool_SHARED...................:         0
  UtilStackSub_A_DstbufFull_SHARED...............:         0
  UtilStackSub_A_PipeFull_SHARED.................:         0
  UtilStackSub_D_StaticSrc_SHARED................:         0
  UtilStackSub_D_RedTempCount_SHARED.............:         0
  UtilStackSub_D_DynSrcbuf_SHARED................:         0
  UtilStackSubO_Reconcile_SHARED.................:      0.00
  UtilStackSubA_Reconcile_SHARED.................:      0.00
  UtilStackSubD_Reconcile_SHARED.................:      0.00
  UtilStackOBlocker_None_INT.....................:         0
  UtilStackOBlocker_FmaRead_INT..................:         0
  UtilStackOBlocker_IntRead_INT..................:         0
  UtilStackOBlocker_LeRead_INT...................:         0
  UtilStackOBlocker_FmaWrite_INT.................:         0
  UtilStackOBlocker_IntWrite_INT.................:         0
  UtilStackOBlocker_CubeRead_INT.................:         0
  UtilStackOBlocker_CubeWrite_INT................:         0
  UtilStackOBlocker_LeWrite_INT..................:         0
  UtilStackOBlocker_Reconcile_INT................:      0.00
  UtilStackOBlocker_None_FMA.....................:         0
  UtilStackOBlocker_FmaRead_FMA..................:         0
  UtilStackOBlocker_IntRead_FMA..................:         0
  UtilStackOBlocker_LeRead_FMA...................:         0
  UtilStackOBlocker_FmaWrite_FMA.................:         0
  UtilStackOBlocker_IntWrite_FMA.................:         0
  UtilStackOBlocker_CubeRead_FMA.................:         0
  UtilStackOBlocker_CubeWrite_FMA................:         0
  UtilStackOBlocker_LeWrite_FMA..................:         0
  UtilStackOBlocker_Reconcile_FMA................:      0.00
  UtilStackOBlocker_None_LNEXP...................:         0
  UtilStackOBlocker_FmaRead_LNEXP................:         0
  UtilStackOBlocker_IntRead_LNEXP................:         0
  UtilStackOBlocker_LeRead_LNEXP.................:         0
  UtilStackOBlocker_FmaWrite_LNEXP...............:         0
  UtilStackOBlocker_IntWrite_LNEXP...............:         0
  UtilStackOBlocker_CubeRead_LNEXP...............:         0
  UtilStackOBlocker_CubeWrite_LNEXP..............:         0
  UtilStackOBlocker_LeWrite_LNEXP................:         0
  UtilStackOBlocker_Reconcile_LNEXP..............:      0.00
  UtilStackOBlocker_None_SHARED..................:         0
  UtilStackOBlocker_FmaRead_SHARED...............:         0
  UtilStackOBlocker_IntRead_SHARED...............:         0
  UtilStackOBlocker_LeRead_SHARED................:         0
  UtilStackOBlocker_FmaWrite_SHARED..............:         0
  UtilStackOBlocker_IntWrite_SHARED..............:         0
  UtilStackOBlocker_CubeRead_SHARED..............:         0
  UtilStackOBlocker_CubeWrite_SHARED.............:         0
  UtilStackOBlocker_LeWrite_SHARED...............:         0
  UtilStackOBlocker_Reconcile_SHARED.............:      0.00
YieldFmaReadCycles...............................:         0
YieldFmaWriteCycles..............................:         0
UtilStackHideRatio...............................:       N/A
UtilStackHideRatioStrict.........................:       N/A
  UtilStackIssueCombo_None.......................:   1117803
  UtilStackIssueCombo_INT........................:         0
  UtilStackIssueCombo_FMA........................:         0
  UtilStackIssueCombo_INT+FMA....................:         0
  UtilStackIssueCombo_LE.........................:         0
  UtilStackIssueCombo_INT+LE.....................:         0
  UtilStackIssueCombo_FMA+LE.....................:         0
  UtilStackIssueCombo_INT+FMA+LE.................:         0
  UtilStackIssueCombo_SH.........................:         0
  UtilStackIssueCombo_INT+SH.....................:         0
  UtilStackIssueCombo_FMA+SH.....................:         0
  UtilStackIssueCombo_INT+FMA+SH.................:         0
  UtilStackIssueCombo_LE+SH......................:         0
  UtilStackIssueCombo_INT+LE+SH..................:         0
  UtilStackIssueCombo_FMA+LE+SH..................:         0
  UtilStackIssueCombo_INT+FMA+LE+SH..............:         0
  UtilStackIssueCombo_Reconcile..................:      0.00
  UtilStackIssueEvent_Reconcile..................:      0.00
UtilStackMultiIssueProb..........................:       N/A
UtilStackAvgIssueRate............................:      0.00
UtilStackIssueWidthUtil..........................:      0.00
===============CellReg Bank Arbitration Stats===============
Bank Active Cycles (>=1 pending).................:         0
  |--Bank Conflict Cycles (>=2 pending)..........:         0     N/A
  |--Bank Urgent(aged) Cycles....................:         0
Bank Grants (winners) Total......................:         0
Bank Lose (non-winner waits) Total...............:         0
Bank Port-Yield (no free channel) Total..........:         0
Total Served Read Bytes..........................:         0
Total Served Write Bytes.........................:         0
  |--RQ_CUBE Win.................................:         0
  |--RQ_CUBE Lose................................:         0     N/A
  |--RQ_CUBE PortYield...........................:         0
  |--RQ_CUBE Served Bytes........................:         0
  |--RQ_VEC Win..................................:         0
  |--RQ_VEC Lose.................................:         0     N/A
  |--RQ_VEC PortYield............................:         0
  |--RQ_VEC Served Bytes.........................:         0
  |--RQ_TLSU Win.................................:         0
  |--RQ_TLSU Lose................................:         0     N/A
  |--RQ_TLSU PortYield...........................:         0
  |--RQ_TLSU Served Bytes........................:         0
  |--WQ_CUBE Win.................................:         0
  |--WQ_CUBE Lose................................:         0     N/A
  |--WQ_CUBE PortYield...........................:         0
  |--WQ_CUBE Served Bytes........................:         0
  |--WQ_VEC Win..................................:         0
  |--WQ_VEC Lose.................................:         0     N/A
  |--WQ_VEC PortYield............................:         0
  |--WQ_VEC Served Bytes.........................:         0
  |--WQ_VEC_LNEXP Win............................:         0
  |--WQ_VEC_LNEXP Lose...........................:         0     N/A
  |--WQ_VEC_LNEXP PortYield......................:         0
  |--WQ_VEC_LNEXP Served Bytes...................:         0
  |--WQ_TLSU Win.................................:         0
  |--WQ_TLSU Lose................................:         0     N/A
  |--WQ_TLSU PortYield...........................:         0
  |--WQ_TLSU Served Bytes........................:         0
==============CellReg CUBE Bank-Group Backlog===============
WQ_CUBE active cycles............................:         0
  |--WQ_CUBE cross-group cycles..................:         0     N/A
RQ_CUBE active cycles............................:         0
  |--RQ_CUBE cross-group cycles..................:         0     N/A
CUBE Rd+Wr concurrent cycles.....................:         0
  |--Rd/Wr different-group cycles................:         0     N/A
  |--Wr-starved-by-Rd cycles (each owns a group).:         0     N/A
Direct OOR access dropped (pool end).............:         0
===========CellReg Per-Bank Conflict Distribution===========
  Bank[0] conflict cycles........................:         0     N/A
  Bank[1] conflict cycles........................:         0     N/A
  Bank[2] conflict cycles........................:         0     N/A
  Bank[3] conflict cycles........................:         0     N/A
  Bank[4] conflict cycles........................:         0     N/A
  Bank[5] conflict cycles........................:         0     N/A
  Bank[6] conflict cycles........................:         0     N/A
  Bank[7] conflict cycles........................:         0     N/A
==================SuperScalar Report Stop===================
======================Syscall Barrier=======================
sb_requested.....................................:        16
sb_executed......................................:         1
sb_canceled......................................:         7
sb_stashed.......................................:        15
sb_stash_overflow................................:         0
sb_pending.......................................:         8
sb_phase_idle....................................:   1117641
sb_phase_pre_commit..............................:        19
sb_phase_quiet_wait..............................:         0
sb_phase_gate_all................................:         1
sb_phase_draining................................:       142
sb_phase_executing...............................:         1
syscall_owner_precommit_wait.....................:        18
syscall_worker_quiet_wait........................:         0
syscall_worker_quiet_cycles_total................:         0
syscall_worker_quiet_cycles_max..................:         0
syscall_commit_wait..............................:        53
syscall_l1_scb_drain_wait........................:        88
syscall_sl2_drain_wait...........................:         0
drain_wait.......................................:       141
syscall_drain_progress_timeout...................:         0
sb_T_complete....................................:      9998
sb_T_deadlock_effective..........................:      9999
sb_last_progress_cycle...........................:   1117802
sb_lockstep_enabled..............................:         0
sb_lockstep_registered...........................:         0
sb_lockstep_blocks...............................:         0
sb_lockstep_executes.............................:         0
sb_lockstep_withdraw_startup.....................:         0
sb_lockstep_withdraw_flush.......................:         0
sb_lockstep_overflow.............................:         0
sb_lockstep_and_timeout..........................:         0
sb_lockstep_hold_cycles..........................:         0
sb_lockstep_exit_parks...........................:         0
syscall_post_ecall_issue_rejects.................:         0
syscall_bstop_admission_rejects..................:         0
sb_lockstep_held_now.............................:         0
