M2483100|TPC:0x126be  I0     T1 L0  |None                       |0x300                      |0xa                        |0x13                       |FRET_STK [ra ~ s8], sp!, 0x300 |bin: 0xc1353041
M2483101|TPC:0x126c2  I1     T1 L0  |None                       |                           |                           |                           |C.BSTOP |bin: 0x800

B515532  T2 BPC 0x126be [STD] [RET] [FRET_STK] [ra ~ s8], sp! 768 BNext 0x0
M2483100|TPC:0x126be  I0     T2 L0  |None                       |0x300                      |0xa                        |0x13                       |FRET_STK [ra ~ s8], sp!, 0x300 |bin: 0xc1353041
M2483101|TPC:0x126c2  I1     T2 L0  |None                       |                           |                           |                           |C.BSTOP |bin: 0x800

B515532  T3 BPC 0x12984 [STD] [RET] BNext 0x0
M2483091|TPC:0x12984  I0     T3 L0  |None                       |0x0                        |0x7                        |0x0                        |C.BSTART.STD RET |bin: 0x3800
M2483092|TPC:0x12986  I1     T3 L0  |None                       |ra:0x126ba                 |                           |                           |c.setc.tgt ra |bin: 0x29c
M2483093|TPC:0x12988  I2     T3 L0  |None                       |                           |                           |                           |C.BSTOP |bin: 0x800

B515533  T0 BPC 0x126ba [STD] [FALL] BNext 0x126ba
M3170908|TPC:0x126ba  I0     T0 L0  |None                       |0x0                        |0x1                        |0x0                        |C.BSTART.STD |bin: 0x800
M3170909|TPC:0x126bc  I1     T0 L0  |a0:0x0                     |fp(s0):0x0                 |                           |                           |c.movr fp(s0) -> a0 |bin: 0x12c6

B515533  T1 BPC 0x112d0 [STD] [FALL] BNext 0x112d0
M2483102|TPC:0x112d0  I0     T1 L0  |None                       |0x0                        |0x1                        |0x0                        |C.BSTART.STD |bin: 0x800
M2483103|TPC:0x112d2  I1     T1 L0  |x1:0x5e                    |zero:0x0                   |0x5e                       |                           |addi zero, 0x5e -> x1 |bin: 0x5e00a95
M2483104|TPC:0x112d6  I2     T1 L0  |None                       |0x1                        |                           |                           |ACRC 0x1 |bin: 0x10302b

B515533  T2 BPC 0x112d0 [STD] [FALL] BNext 0x112d0
M2483102|TPC:0x112d0  I0     T2 L0  |None                       |0x0                        |0x1                        |0x0                        |C.BSTART.STD |bin: 0x800
M2483103|TPC:0x112d2  I1     T2 L0  |x1:0x5e                    |zero:0x0                   |0x5e                       |                           |addi zero, 0x5e -> x1 |bin: 0x5e00a95
M2483104|TPC:0x112d6  I2     T2 L0  |None                       |0x1                        |                           |                           |ACRC 0x1 |bin: 0x10302b

B515533  T3 BPC 0x126ba [STD] [FALL] BNext 0x126ba
M2483094|TPC:0x126ba  I0     T3 L0  |None                       |0x0                        |0x1                        |0x0                        |C.BSTART.STD |bin: 0x800
M2483095|TPC:0x126bc  I1     T3 L0  |a0:0x0                     |fp(s0):0x0                 |                           |                           |c.movr fp(s0) -> a0 |bin: 0x12c6

B515534  T0 BPC 0x126be [STD] [RET] [FRET_STK] [ra ~ s8], sp! 768 BNext 0x0
M3170910|TPC:0x126be  I0     T0 L0  |None                       |0x300                      |0xa                        |0x13                       |FRET_STK [ra ~ s8], sp!, 0x300 |bin: 0xc1353041
M3170911|TPC:0x126c2  I1     T0 L0  |None                       |                           |                           |                           |C.BSTOP |bin: 0x800

B515534  T3 BPC 0x126be [STD] [RET] [FRET_STK] [ra ~ s8], sp! 768 BNext 0x0
M2483096|TPC:0x126be  I0     T3 L0  |None                       |0x300                      |0xa                        |0x13                       |FRET_STK [ra ~ s8], sp!, 0x300 |bin: 0xc1353041
M2483097|TPC:0x126c2  I1     T3 L0  |None                       |                           |                           |                           |C.BSTOP |bin: 0x800

B515535  T0 BPC 0x112d0 [STD] [FALL] BNext 0x112d0
M3170912|TPC:0x112d0  I0     T0 L0  |None                       |0x0                        |0x1                        |0x0                        |C.BSTART.STD |bin: 0x800
M3170913|TPC:0x112d2  I1     T0 L0  |x1:0x5e                    |zero:0x0                   |0x5e                       |                           |addi zero, 0x5e -> x1 |bin: 0x5e00a95
M3170914|TPC:0x112d6  I2     T0 L0  |None                       |0x1                        |                           |                           |ACRC 0x1 |bin: 0x10302b

B515535  T3 BPC 0x112d0 [STD] [FALL] BNext 0x112d0
M2483098|TPC:0x112d0  I0     T3 L0  |None                       |0x0                        |0x1                        |0x0                        |C.BSTART.STD |bin: 0x800
M2483099|TPC:0x112d2  I1     T3 L0  |x1:0x5e                    |zero:0x0                   |0x5e                       |                           |addi zero, 0x5e -> x1 |bin: 0x5e00a95
M2483100|TPC:0x112d6  I2     T3 L0  |None                       |0x1                        |                           |                           |ACRC 0x1 |bin: 0x10302b

Thread:0Total Block number = 515535
Thread:0Total Inst number = 3170915
Thread:1Total Block number = 515533
Thread:1Total Inst number = 2483105
Thread:2Total Block number = 515533
Thread:2Total Inst number = 2483105
Thread:3Total Block number = 515535
Thread:3Total Inst number = 2483101

Total Block number = 2062136
Total Inst number = 10620226
Suaccelss to Reach the End of Benchmark! R2 = 0
