M59143  |TPC:0x115cc  I3     T0 L0  |t:0x0                      |t#1:0x42cc                 |t#2:0x42cc                 |                           |xor t#1, t#2 -> t |bin: 0x19c4f85
M59144  |TPC:0x115d0  I4     T0 L0  |t:0x1                      |1                          |                           |                           |c.movi 1 -> t |bin: 0xf856
M59145  |TPC:0x115d2  I5     T0 L0  |None                       |t#1:0x1                    |t#2:0x0                    |                           |setc.ltu t#1, t#2 |bin: 0x19c6065

B10189  T0 BPC 0x115d6 [STD] [COND] BNext 0x115c2
M59146  |TPC:0x115d6  I0     T0 L0  |None                       |-20                        |                           |                           |C.BSTART.STD COND, 0x115c2 |bin: 0xff64
M59147  |TPC:0x115d8  I1     T0 L0  |a6:0x80                    |a6:0x7f                    |0x1                        |                           |addi a6, 0x1 -> a6 |bin: 0x140415
M59148  |TPC:0x115dc  I2     T0 L0  |None                       |a6:0x80                    |128                        |                           |setc.nei a6, 128 |bin: 0x8041075

B10190  T0 BPC 0x115e0 [STD] [DIRECT] BNext 0x11530
M59149  |TPC:0x115e0  I0     T0 L0  |None                       |-176                       |                           |                           |C.BSTART.STD DIRECT, 0x11530 |bin: 0xfa82
M59150  |TPC:0x115e2  I1     T0 L0  |a0:0x20                    |a0:0x1f                    |0x1                        |                           |addi a0, 0x1 -> a0 |bin: 0x110115
M59151  |TPC:0x115e6  I2     T0 L0  |None                       |                           |                           |                           |C.BSTOP |bin: 0xfa24

B10191  T0 BPC 0x11530 [STD] [COND] BNext 0x115e6
M59152  |TPC:0x11530  I0     T0 L0  |None                       |182                        |                           |                           |C.BSTART.STD COND, 0x115e6 |bin: 0x5b4
M59153  |TPC:0x11532  I1     T0 L0  |a3:0x20                    |a3:0x1f                    |0x1                        |                           |addi a3, 0x1 -> a3 |bin: 0x128295
M59154  |TPC:0x11536  I2     T0 L0  |None                       |a3:0x20                    |32                         |                           |setc.eqi a3, 32 |bin: 0x2028075
M59155  |TPC:0x1153a  I3     T0 L0  |a2:0x20                    |a2:0x1f                    |0x1                        |                           |addi a2, 0x1 -> a2 |bin: 0x120215
M59156  |TPC:0x1153e  I4     T0 L0  |None                       |                           |                           |                           |C.BSTOP |bin: 0xff94

B10192  T0 BPC 0x115e6 [STD] [COND] BNext 0x1152a
M59157  |TPC:0x115e6  I0     T0 L0  |None                       |-188                       |                           |                           |C.BSTART.STD COND, 0x1152a |bin: 0xfa24
M59158  |TPC:0x115e8  I1     T0 L0  |t:0x4                      |a1:0x3                     |1                          |                           |c.addi a1, 1 -> t |bin: 0x8cc
M59159  |TPC:0x115ea  I2     T0 L0  |t:0x3                      |a1:0x3                     |                           |                           |c.sext.w a1 -> t |bin: 0x50dc
M59160  |TPC:0x115ec  I3     T0 L0  |None                       |t#1:0x3                    |0x3                        |                           |setc.ltui t#1, 0x3 |bin: 0x3c6075
M59161  |TPC:0x115f0  I4     T0 L0  |a1:0x4                     |t#2:0x4                    |                           |                           |c.movr t#2 -> a1 |bin: 0x1e46

B10193  T0 BPC 0x115f2 [STD] [DIRECT] BNext 0x1160c
M59162  |TPC:0x115f2  I0     T0 L0  |None                       |26                         |                           |                           |C.BSTART.STD DIRECT, 0x1160c |bin: 0xd2
M59163  |TPC:0x115f4  I1     T0 L0  |t:0x20                     |a0:0x20                    |                           |                           |c.sext.w a0 -> t |bin: 0x509c
M59164  |TPC:0x115f6  I2     T0 L0  |t:0x1                      |t#1:0x20                   |32                         |                           |cmp.eqi t#1, 32 -> t |bin: 0x20c0fd5
M59165  |TPC:0x115fa  I3     T0 L0  |t:0x7                      |7                          |                           |                           |c.movi 7 -> t |bin: 0xf9d6
M59166  |TPC:0x115fc  I4     T0 L0  |a0:0x0                     |t#2:0x1                    |zero:0x0                   |t#1:0x7                    |csel t#2, zero, t#1 -> a0 |bin: 0xc9800177
M59167  |TPC:0x11600  I5     T0 L0  |None                       |                           |                           |                           |C.BSTOP |bin: 0x62

B10194  T0 BPC 0x1160c [STD] [FALL] BNext 0x1160c
M59168  |TPC:0x1160c  I0     T0 L0  |None                       |0x0                        |0x1                        |0x0                        |C.BSTART.STD |bin: 0x800

B10195  T0 BPC 0x1160e [STD] [RET] [FRET_STK] [ra ~ fp(s0)], sp! 256 BNext 0x0
M59169  |TPC:0x1160e  I0     T0 L0  |None                       |0x100                      |0xa                        |0xb                        |FRET_STK [ra ~ fp(s0)], sp!, 0x100 |bin: 0x40b53041
M59170  |TPC:0x11612  I1     T0 L0  |None                       |                           |                           |                           |C.BSTOP |bin: 0xffd2

B10196  T0 BPC 0x11330 [STD] [FALL] BNext 0x11330
M59171  |TPC:0x11330  I0     T0 L0  |None                       |0x0                        |0x1                        |0x0                        |C.BSTART.STD |bin: 0x800
M59172  |TPC:0x11332  I1     T0 L0  |x1:0x5e                    |zero:0x0                   |0x5e                       |                           |addi zero, 0x5e -> x1 |bin: 0x5e00a95
M59173  |TPC:0x11336  I2     T0 L0  |None                       |0x1                        |                           |                           |ACRC 0x1 |bin: 0x10302b

Thread:0Total Block number = 10196
Thread:0Total Inst number = 59174
Thread:1Total Block number = 1537
Thread:1Total Inst number = 15291
Thread:2Total Block number = 1537
Thread:2Total Inst number = 15323
Thread:3Total Block number = 1540
Thread:3Total Inst number = 15370

Total Block number = 14810
Total Inst number = 105158
Suaccelss to Reach the End of Benchmark! R2 = 0
