B17680  T2 BPC 0x1162a [STD] [FALL] BNext 0x1162a
M102560 |TPC:0x1162a  I0     T2 L0  |None                       |0x0                        |0x1                        |0x0                        |C.BSTART.STD |bin: 0x800
M102561 |TPC:0x1162c  I1     T2 L0  |a0:0x0                     |zero:0x0                   |[fp(s0).sw]:0x0            |                           |or zero, [fp(s0).sw] -> a0 |bin: 0x2b03105

B17680  T3 BPC 0x1162a [STD] [FALL] BNext 0x1162a
M102620 |TPC:0x1162a  I0     T3 L0  |None                       |0x0                        |0x1                        |0x0                        |C.BSTART.STD |bin: 0x800
M102621 |TPC:0x1162c  I1     T3 L0  |a0:0x0                     |zero:0x0                   |[fp(s0).sw]:0x0            |                           |or zero, [fp(s0).sw] -> a0 |bin: 0x2b03105

B17681  T0 BPC 0x1162a [STD] [FALL] BNext 0x1162a
M116138 |TPC:0x1162a  I0     T0 L0  |None                       |0x0                        |0x1                        |0x0                        |C.BSTART.STD |bin: 0x800
M116139 |TPC:0x1162c  I1     T0 L0  |a0:0x0                     |zero:0x0                   |[fp(s0).sw]:0x0            |                           |or zero, [fp(s0).sw] -> a0 |bin: 0x2b03105

B17681  T1 BPC 0x11630 [STD] [RET] [FRET_STK] [ra ~ s4], sp! 256 BNext 0x0
M102502 |TPC:0x11630  I0     T1 L0  |None                       |0x100                      |0xa                        |0xf                        |FRET_STK [ra ~ s4], sp!, 0x100 |bin: 0x40f53041
M102503 |TPC:0x11634  I1     T1 L0  |None                       |                           |                           |                           |C.BSTOP |bin: 0x800

B17681  T2 BPC 0x11630 [STD] [RET] [FRET_STK] [ra ~ s4], sp! 256 BNext 0x0
M102562 |TPC:0x11630  I0     T2 L0  |None                       |0x100                      |0xa                        |0xf                        |FRET_STK [ra ~ s4], sp!, 0x100 |bin: 0x40f53041
M102563 |TPC:0x11634  I1     T2 L0  |None                       |                           |                           |                           |C.BSTOP |bin: 0x800

B17681  T3 BPC 0x11630 [STD] [RET] [FRET_STK] [ra ~ s4], sp! 256 BNext 0x0
M102622 |TPC:0x11630  I0     T3 L0  |None                       |0x100                      |0xa                        |0xf                        |FRET_STK [ra ~ s4], sp!, 0x100 |bin: 0x40f53041
M102623 |TPC:0x11634  I1     T3 L0  |None                       |                           |                           |                           |C.BSTOP |bin: 0x800

B17682  T0 BPC 0x11630 [STD] [RET] [FRET_STK] [ra ~ s4], sp! 256 BNext 0x0
M116140 |TPC:0x11630  I0     T0 L0  |None                       |0x100                      |0xa                        |0xf                        |FRET_STK [ra ~ s4], sp!, 0x100 |bin: 0x40f53041
M116141 |TPC:0x11634  I1     T0 L0  |None                       |                           |                           |                           |C.BSTOP |bin: 0x800

B17682  T1 BPC 0x11390 [STD] [FALL] BNext 0x11390
M102504 |TPC:0x11390  I0     T1 L0  |None                       |0x0                        |0x1                        |0x0                        |C.BSTART.STD |bin: 0x800
M102505 |TPC:0x11392  I1     T1 L0  |x1:0x5e                    |zero:0x0                   |0x5e                       |                           |addi zero, 0x5e -> x1 |bin: 0x5e00a95
M102506 |TPC:0x11396  I2     T1 L0  |None                       |0x1                        |                           |                           |ACRC 0x1 |bin: 0x10302b

B17682  T2 BPC 0x11390 [STD] [FALL] BNext 0x11390
M102564 |TPC:0x11390  I0     T2 L0  |None                       |0x0                        |0x1                        |0x0                        |C.BSTART.STD |bin: 0x800
M102565 |TPC:0x11392  I1     T2 L0  |x1:0x5e                    |zero:0x0                   |0x5e                       |                           |addi zero, 0x5e -> x1 |bin: 0x5e00a95
M102566 |TPC:0x11396  I2     T2 L0  |None                       |0x1                        |                           |                           |ACRC 0x1 |bin: 0x10302b

B17682  T3 BPC 0x11390 [STD] [FALL] BNext 0x11390
M102624 |TPC:0x11390  I0     T3 L0  |None                       |0x0                        |0x1                        |0x0                        |C.BSTART.STD |bin: 0x800
M102625 |TPC:0x11392  I1     T3 L0  |x1:0x5e                    |zero:0x0                   |0x5e                       |                           |addi zero, 0x5e -> x1 |bin: 0x5e00a95
M102626 |TPC:0x11396  I2     T3 L0  |None                       |0x1                        |                           |                           |ACRC 0x1 |bin: 0x10302b

B17683  T0 BPC 0x11390 [STD] [FALL] BNext 0x11390
M116142 |TPC:0x11390  I0     T0 L0  |None                       |0x0                        |0x1                        |0x0                        |C.BSTART.STD |bin: 0x800
M116143 |TPC:0x11392  I1     T0 L0  |x1:0x5e                    |zero:0x0                   |0x5e                       |                           |addi zero, 0x5e -> x1 |bin: 0x5e00a95
M116144 |TPC:0x11396  I2     T0 L0  |None                       |0x1                        |                           |                           |ACRC 0x1 |bin: 0x10302b

Thread:0Total Block number = 17683
Thread:0Total Inst number = 116145
Thread:1Total Block number = 17682
Thread:1Total Inst number = 102507
Thread:2Total Block number = 17682
Thread:2Total Inst number = 102567
Thread:3Total Block number = 17682
Thread:3Total Inst number = 102627

Total Block number = 70729
Total Inst number = 423846
Suaccelss to Reach the End of Benchmark! R2 = 0
