./bin/gfsim --test-finisher true -f /mnt/workspace/projects/0931_SuperNPUBench/SuperNPUBench/benchmark/one-level-arch/output/solution/moe_dispatch/elf/solution_moe_dispatch_moe_dispatch_v2.elf 
[gfsim] ELF auto-detect: single-PE; using default config
Memory: 0x10200 - 0x10258 (Size=0KB) [.rodata]
Memory: 0x1025c - 0x10277 (Size=0KB) [.eh_frame_hdr]
Memory: 0x10278 - 0x102db (Size=0KB) [.eh_frame]
Memory: 0x112dc - 0x11fb7 (Size=3KB) [.text]
Memory: 0x12fb8 - 0x13027 (Size=0KB) [.init_array]
Memory: 0x13028 - 0x1303f (Size=0KB) [.data.rel.ro]
Memory: 0x15000 - 0x2e27f (Size=100KB) [.bss]
Memory: 0x2e280 - 0x2e2f3 (Size=0KB) [.sbss]
Memory: 0x2e300 - 0x803e300 (Size=131136KB) [stack mem]
Memory: 0x4000802000 - 0x4008803000 (Size=131076KB) [map mem]
Simulation time: 2s 
+-------------------------+--------------+
| Block Control Config Name | Value        |
+-------------------------+--------------+
| inst_decode_bw          | 4            |
| block_rob_depth         | 256          |
| BISQ:cube_isq_depth     | 32           |
| BISQ:vector_isq_depth   | 32           |
+-------------------------+--------------+
+-------------------+--------------+
| CUBE Config Name  | Value        |
+-------------------+--------------+
| uop_isq_depth     | 32           |
| tcvt_isq_depth    | 16           |
| L0A_size          | 16           |
| L0B_size          | 16           |
| L0C_size          | 16           |
+-------------------+--------------+
===================SuperScalar NPU Stats====================
Total Cycles.....................................:      9749
================SuperScalar Unified Top-Down================
Retiring.........................................:     26.14%
Bad Speculation..................................:      4.46%
Frontend Bound...................................:      0.52%
CMD Bound........................................:      0.27%
Backend Bound....................................:     68.61%
=============Top-Down Normalization Diagnostics=============
Bad Speculation Clipped Slots....................:         0
Frontend Bound Clipped Slots.....................:         0
  |-- LD Retiring................................:      1.79%
  |-- ST Retiring................................:      1.79%
  |-- BR Retiring................................:      0.00%
  |-- ALU Retiring...............................:     22.55%
  |-- Other Retiring.............................:      0.00%
  |-- Misprediction..............................:      0.04%
  |-- Machine Clear..............................:      4.42%
  |-- Fetch Latency..............................:      0.00%
  |-- Fetch Bandwidth............................:      0.52%
    |-- Branch Resteering........................:      0.00%
    |-- ITLB/BTLB miss...........................:      0.00%
    |-- BHC miss penalty.........................:      0.00%
    |-- Other fetch lat..........................:      0.00%
    |-- Decode Stall.............................:      0.00%
    |-- Rename Stall.............................:      0.00%
    |-- BROB Stall...............................:      0.00%
    |-- SYS Block Stall..........................:      0.00%
  |-- CMD queue backpressure.....................:      0.27%
    |-- Operand not ready........................:      0.27%
    |-- BIQ capacity full........................:      0.00%
      |-- CUBE BIQ full..........................:      0.00%
      |-- VECTOR BIQ full........................:      0.00%
      |-- TLSU BIQ full..........................:      0.00%
      |-- GROUP/SHU BIQ full.....................:      0.00%
      |-- Other BIQ full.........................:      0.00%
    |-- TileReg capacity full....................:      0.00%
    |-- GPR LPV/no-cancel gate...................:      0.00%
    |-- Other CMD queue block....................:      0.00%
  |-- CMDPipe tile backpressure..................:      0.00%
    |-- TileReg resource unavailable.............:      0.00%
    |-- Other CMDPipe stall......................:      0.00%
  |-- Other CMD control..........................:      0.00%
  |-- Memory Bound...............................:      0.00%
  |-- Core Bound.................................:     68.61%
    |-- L1 Bound.................................:      0.00%
    |-- L2 Bound.................................:      0.00%
    |-- L3/DRAM Bound............................:      0.00%
    |-- Store Bound..............................:      0.00%
    |-- Scalar ALU...............................:     16.53%
    |-- Cube.....................................:      0.00%
    |-- Vector...................................:      9.44%
    |-- TLSU Tload...............................:     19.58%
    |-- TLSU Tstore..............................:     23.06%
    |-- TLSU TMOV................................:      0.00%
    |-- Idle.....................................:      0.00%
    |-- Other Core...............................:      0.00%
      |-- Simple ALU pipe full...................:      0.00%
      |-- Complex INT busy.......................:      4.04%
      |-- Branch port busy.......................:      4.61%
===============Top-Down Boundary Attribution================
IFU-OEX boundary observations (slots)............:     38996
  |-- Frontend supply bubble (F5)................:      2.53%
  |-- Backend backpressure (F5)..................:     29.02%
  |-- Delivered to OEX (F5)......................:     68.45%
CMD queue/Pipe boundary observations (cycles)....:      9749
  |-- CMD queue supply bubble....................:     50.68%
  |-- CMD queue backpressure.....................:      0.27%
  |-- CMD blocked union cycles...................:        26
  |-- CMD issued slots...........................:      4782
  |-- CMD IQ TileOp issue count..................:       699
  |-- CMD IQ non-empty cycles....................:      4808
  |-- CMD IQ TileOp issue rate (tileops/cycle)...:0.14538270
  |-- CMDPipe tile backpressure events...........:         0
=======Core-Cycles Oldest-Block Top-Down (diagnostic)=======
Core cycles......................................:      9749
L1 Retiring......................................:     15.13%
L1 Recovery......................................:      0.00%
L1 Frontend Bound................................:     39.00%
L1 CMD Bound.....................................:      0.00%
L1 Backend Bound.................................:     45.34%
L1 Idle/Other....................................:      0.53%
  |-- L2 Memory Bound............................:      0.04%
  |-- L2 Group Sync Bound........................:      0.00%
  |-- L2 Core Bound..............................:     45.30%
    |-- L3 Cube..................................:      0.00%
    |-- L3 Vector................................:     10.01%
    |-- L3 TLSU..................................:     35.29%
    |-- L3 Scalar ALU............................:      0.00%
      |-- L4 Cube execution/queue owner..........:      0.00%
      |-- L4 Vector execution owner..............:     10.01%
      |-- L4 TLSU Tload owner....................:      2.64%
      |-- L4 TLSU Tstore owner...................:     32.65%
      |-- L4 Scalar ALU owner....................:      0.00%
Core-cycle attribution sum.......................:      9749
STID0 oldest observations........................:      9749
  |-- RETIRING representative STID...............:         0
  |-- RETIRING representative BID................:         0
  |-- RETIRING participant mask..................:         1
  |-- FRONTEND_BOUND representative STID.........:         0
  |-- FRONTEND_BOUND representative BID..........:         0
  |-- FRONTEND_BOUND participant mask............:         1
  |-- MEMORY_BOUND representative STID...........:         0
  |-- MEMORY_BOUND representative BID............:       194
  |-- MEMORY_BOUND participant mask..............:         1
  |-- TLSU_TLOAD representative STID.............:         0
  |-- TLSU_TLOAD representative BID..............:        20
  |-- TLSU_TLOAD participant mask................:         1
  |-- TLSU_TSTORE representative STID............:         0
  |-- TLSU_TSTORE representative BID.............:         2
  |-- TLSU_TSTORE participant mask...............:         1
  |-- VECTOR representative STID.................:         0
  |-- VECTOR representative BID..................:         0
  |-- VECTOR participant mask....................:         1
  |-- IDLE_NO_OLDEST representative STID.........:         0
  |-- IDLE_NO_OLDEST representative BID..........:18446744073709551615
  |-- IDLE_NO_OLDEST participant mask............:         1
===================superScalar Key Stats====================
superScalar Tileop Total Cycles..................:      9749
  |--Cube Tileop Total Cycles....................:         0
  |--Vector Tileop Total Cycles..................:      1457
  |--TLSU Tileop Total Cycles....................:      3835
superScalar Total Tileop Counter.................:       699
  |--Cube Execute Tileop Counter.................:         0
  |--Vector Execute Tileop Counter...............:       416
  |--TLSU Execute Tileop Counter.................:       283
    |--AccountExpTlsuCellReads...................:       561
    |--AccountExpTlsuCellWrites..................:       268
superScalar Run Tileop Wall Cycles...............:      9522
  |--Cube Busy Resource-Cycles (PE-summed).......:         0
  |--Vector Busy Resource-Cycles (PE-summed).....:      6795
  |--TLSU Busy Resource-Cycles (PE-summed).......:      9522
  |--Cube Active Wall Cycles (union).............:         0
  |--Vector Active Wall Cycles (union)...........:      3864
  |--TLSU Active Wall Cycles (union).............:      9522
    |--TLSU Tload Resource-Cycles (PE-summed)....:      8014
      |--write Blocked By Ring Cycles............:         0
    |--TLSU Tstore Resource-Cycles (PE-summed)...:      9437
    |--TLSU Tmov Resource-Cycles (PE-summed).....:         0
    |--TLSU Mgather Resource-Cycles (PE-summed)..:         0
    |--TLSU Mscatter Resource-Cycles (PE-summed).:         0
    |--TLSU Vgather Resource-Cycles (PE-summed)..:         0
    |--TLSU Vscatter Resource-Cycles (PE-summed).:         0
  |--All Cores Idle Wall Cycles..................:       227
  |--Vector-Cube Concurrent Wall Cycles (union)..:         0
  |--Vector-Cube Active Wall Cycles (union)......:      3864
  |--Cube-TLSU Concurrent Wall Cycles (union)....:         0
  |--Cube-TLSU Active Wall Cycles (union)........:      9522
  |--Vector-TLSU Concurrent Wall Cycles (union)..:      3864
  |--Vector-TLSU Active Wall Cycles (union)......:      9522
=============TileOp Efficiency (explicit units)=============
PE0 CUBE ExecCycles/TileOp.......................:      0.00
PE0 CUBE TileOpRate (ops/cycle)..................:0.00000000
PE0 CUBE TileOp Occupancy (%)....................:      0.00
PE0 VECTOR ReadLatency (cycles/op)...............:      6.00
PE0 VECTOR TileOpRate (ops/cycle)................:      0.04
PE0 VECTOR Utilization...........................:      0.39
PE0 VECTOR Utilization (issue-events)............:      0.01
PE0 TLSU Occupancy/Issue (cycles/event)..........:     23.22
PE0 TLSU IssueRate (events/cycle)................:      0.32
PE0 TLSU Utilization (%).........................:     97.78
Vector-Cube overlap ratio........................:      0.00
Vector-TLSU overlap ratio........................:      0.41
============PROB Status Occupancy (entry-cycles)============
  |--free........................................:         0
  |--alloc.......................................:    385391
  |--renamed.....................................:         0
  |--dispatched..................................:     13506
  |--in_queue....................................:    177528
  |--issued......................................:     47234
  |--executing...................................:     17772
  |--writeback...................................:      8780
  |--completed...................................:    464181
  |--retired.....................................:     29476
  |--fault.......................................:         0
  |--need_flush..................................:         0
===============Block Control Key Stats total================
Average Outstanding Block Number.................:      2.62
  |--Average Outstanding Cube Block Number.......:      0.00
  |--Average Outstanding Vector Block Number.....:      0.78
  |--Average Outstanding TLoad Number............:      0.61
  |--Average Outstanding TStore Number...........:      1.24
=============Block Control Key Stats SThread 0==============
Average Outstanding Block Number.................:      2.62
  |--Average Outstanding Cube Block Number.......:      0.00
  |--Average Outstanding Vector Block Number.....:      0.78
  |--Average Outstanding TLoad Number............:      0.61
  |--Average Outstanding TStore Number...........:      1.24
===================CubeCore 0 Statistics====================
Cube Total Cycles................................:      9749
Cube MAC Exec Occupancy..........................:         0    0.00%
Cube MAC Utilization.............................:      0.00    0.00%
Cube Logical MAC Count...........................:         0
Cube Equivalent MAC Count........................:      0.00
Cube Equivalent MAC Rate (MAC/cycle).............:      0.00
Cube core workload units (dtype-normalized)......:      0.00
Cube core workload rate (units/cycle)............:0.00000000
Cube Achieved TFLOPS (equivalent MACs, 1.65GHz)..:  0.000000
Cube core exe tileop count.......................:         0
Cube Uop Generated Count.........................:         0
Cube core retired uop count......................:         0
Cube core total load count.......................:         0
Cube core total store count (CellReg TileC writes):         0
Cube FP16 Logical MAC Count......................:         0
Cube FP16 Equivalent MAC Count...................:      0.00
Cube FP8 Logical MAC Count.......................:         0
Cube FP8 Equivalent MAC Count....................:      0.00
Cube FP4 Logical MAC Count.......................:         0
Cube FP4 Equivalent MAC Count....................:      0.00
Cube TileOp Occupancy............................:         0    0.00%
Cube Load Outstanding............................:         0    0.00%
Cube FixPipe/Store Occupancy.....................:         0    0.00%
Cube core average acc slot use...................:       N/A
Cube core average l0a entry use..................:       N/A
Cube core average l0b entry use..................:       N/A
Cube core average l0a entry use busy.............:       N/A
Cube core average l0b entry use busy.............:       N/A
Cube core average acc slot use busy..............:       N/A
Cube MAC Range...................................:         0
Cube Load Range..................................:         0
Cube Store Range.................................:         0
Cube Load-MAC Range Overlap......................:         0     N/A
accSlotAllocCount................................:         0
accSlotFreeCount.................................:         0
accSlotPeakInUse.................................:         0
accSlotWaitCount.................................:         0
bandPairMapPeakSize..............................:         0
bandPairMapFinalSize.............................:         0
batchDistributeCount.............................:         0
batchFallbackCount...............................:         0
m0TileCReadCount.................................:         0
m1TileCReadCount.................................:         0
tileCReadRequestCount............................:         0
tileCReadBytes...................................:         0
batchMissedDistributeCount.......................:         0
uniqueTileCSourceAddresses.......................:         0
Cube core exe uop count..........................:         0
Cube core retired uop count......................:         0
Cube core total load count.......................:         0
Cube core total store count (CellReg TileC writes):         0
  |--CellReg Load Count..........................:         0
    |--CellReg TileA Count.......................:         0
    |--CellReg TileB Count.......................:         0
    |--CellReg TileC Count.......................:         0
    |--CellReg LeftScale Count...................:         0
    |--CellReg RightScale Count..................:         0
  |--CellReg Load Bytes..........................:         0
    |--CellReg TileA Bytes.......................:         0
    |--CellReg TileB Bytes.......................:         0
    |--CellReg TileC Bytes.......................:         0
    |--CellReg LeftScale Bytes...................:         0
    |--CellReg RightScale Bytes..................:         0
  |--CellReg Store Count.........................:         0
    |--CellReg TileC Count.......................:         0
  |--CellReg Store Bytes.........................:         0
    |--CellReg TileC Bytes.......................:         0
  |--ShareTReg Load Count........................:         0
    |--ShareTReg TileA Count.....................:         0
    |--ShareTReg TileB Count.....................:         0
  |--ShareTReg Load Bytes........................:         0
    |--ShareTReg TileA Bytes.....................:         0
    |--ShareTReg TileB Bytes.....................:         0
  |--Exp CellReg Load Count......................:         0
    |--Exp CellReg TileA Count...................:         0
    |--Exp CellReg TileB Count...................:         0
    |--Exp CellReg TileC Count...................:         0
    |--Exp CellReg LeftScale Count...............:         0
    |--Exp CellReg RightScale Count..............:         0
  |--Exp CellReg Load Delta......................:      0.00
  |--Exp CellReg Store Count.....................:         0
  |--Exp CellReg Store Delta.....................:      0.00
  |--Exp ShareTReg Load Count....................:         0
  |--Exp ShareTReg Load Delta....................:      0.00
Cube core cannot pick main chain uop ratio.......:         0     N/A
Cube core pick cub chain uop ratio...............:         0     N/A
Cube busy cycle..................................:         0
Cube core mmad busy cycle........................:         0     N/A
Cube core load busy cycle........................:         0     N/A
Cube core store busy cycle.......................:         0     N/A
  UtilMacW (array exec)..........................:         0
    |--UtilMacWMad (systolic MAC phase)..........:         0
    |--UtilMacWRamp (staging/fill-drain).........:         0
  UtilMacO (operand in-flight)...................:         0
  UtilMacA (exec/writeback struct)...............:         0
  UtilMacD (dependency chain)....................:         0
  UtilMacI (issue/rename struct).................:         0
  UtilMacS (no tile).............................:      9749
  UtilMacUnaccounted.............................:         0
  UtilMacCycles..................................:      9749
    |--UtilMacSub_O_L0InFlight...................:         0
    |--UtilMacSub_O_ScaleInFlight................:         0
    |--UtilMacSub_O_LoadPath.....................:         0
    |--UtilMacSub_O_LdUopBuf.....................:         0
    |--UtilMacSub_A_AllocBackpressure............:         0
    |--UtilMacSub_A_StoreInFlight................:         0
    |--UtilMacSub_A_FixPipeAnnounce..............:         0
    |--UtilMacSub_A_UopBufQueue..................:         0
    |--UtilMacSub_A_TileBoundary.................:         0
    |--UtilMacSubO_Reconcile.....................:      0.00
    |--UtilMacSubA_Reconcile.....................:      0.00
    |--UtilMacSub_O_L0InFlight_A.................:         0
    |--UtilMacSub_O_L0InFlight_B.................:         0
    |--UtilMacSub_O_L0InFlight_C.................:         0
    |--UtilMacSub_O_L0InFlight_Other.............:         0
    |--UtilMacSubO_L0Split_Reconcile.............:      0.00
  UtilMacIssue_Issued............................:         0
  UtilMacIssue_CStreamWait.......................:         0
  UtilMacIssue_L0InFlight........................:         0
  UtilMacIssue_ScaleInFlight.....................:         0
  UtilMacIssue_AllocBackpressure.................:         0
  UtilMacIssue_KLoopChain........................:         0
  UtilMacIssue_UopBufQueue.......................:         0
  UtilMacIssue_LdUopBufQueue.....................:         0
  UtilMacIssue_NoTile............................:      9749
  UtilMacIssue_TileBoundary......................:         0
  UtilMacIssue_Unaccounted.......................:         0
  UtilMacIssue_Reconcile.........................:      0.00
  UtilMacIssue_L0InFlight_A......................:         0
  UtilMacIssue_L0InFlight_B......................:         0
  UtilMacIssue_L0InFlight_C......................:         0
  UtilMacIssue_L0InFlight_Other..................:         0
  UtilMacIssue_L0Split_Reconcile.................:      0.00
  UtilMacStageOcc................................:         0
  UtilMacStageIdle...............................:         0
  UtilMacStage_Reconcile.........................:      0.00
  UtilMacFillWeightedUtil........................:      0.00
  UtilMacShadow_CwaitCycles......................:         0
  UtilMacShadow_L0WithCwait......................:         0
  UtilMacStageIdleByCause_Reconcile..............:      0.00
=============== TLSU tile-store STQ residency peId=0 ===============
  resident entry-cycles ....................: 8784
  |-- addr/interval not resolved ...........: 0  (0.00%)
  |-- tile data (rename) not ready .........: 5882  (66.96%)
  |-- BLOCKED BY NON-FLUSH POINTER .........: 578  (6.58%)
  |-- older store still in STQ .............: 2152  (24.50%)
  |-- SCB full ............................: 0  (0.00%)
  store_issue=1571 scb_enter=1571 stq_peak=21 scb_peak=12
  private_l1_handoff: fragments=1399 acks=1399 wait_entry_cycles=1399 balanced=yes
  invariants: stq_conservation=OK (created=1436 destroyed=1436) a3_tile_violation=0 scb_flush_hit=0 scb_waw_scalar=0 scb_waw_tile=0 nuke=0
=============== TLOAD Sub-path peId=0 ===============
  occupancy entry-cycles ..................: 15277 (21.24%)
  issue events ............................: 1527
=============== TSTORE Sub-path peId=0 ===============
  occupancy entry-cycles ..................: 56664 (78.76%)
  issue events ............................: 1571
=============== TMOV Sub-path peId=0 ===============
  occupancy entry-cycles ..................: 0 (0.00%)
  issue events ............................: 0
========================Streaming L2========================
l2_tr_read_sent..................................:       561
l2_tr_read_response..............................:       561
l2_tr_read_wait_cycles...........................:      1709
l2_tr_read_queue_full_cycles.....................:         0
l2_tr_write_sent.................................:       270
l2_tr_write_response.............................:       270
l2_tr_write_wait_cycles..........................:      1680
l2_tr_write_queue_full_cycles....................:         0
l2_rwdb_entry_full_cycles........................:         3
l2_prior_read_raw_renames........................:         0
l2_starvation_bypass_cycles......................:         0
=====================Retired block Type=====================
Retired Block Num................................:      2175
  |--Retired STD Block Num.......................:       452
  |--Retired PARALLEL Block Num..................:       699
    |--Retired CUBE Block Num....................:         0    0.00%
    |--Retired VCALL Block Num...................:       416   59.51%
    |--Retired TLSU Block Num....................:       283   40.49%
  |--Retired SYS Block Num.......................:         0
  |--Retired FP Block Num........................:      1024
  |--Retired OTHER Block Num.....................:         0
==================Retired Template Opcode===================
FENTRY...........................................:         2
FEXIT............................................:         0
FRET.............................................:         2
MEMSET...........................................:         0
MEMCOPY..........................................:         0
Retired Instruction Number.......................:     20384
  |--Retired Scalar Inst Number..................:     20384
  |--Retired Vec Inst Number.....................:         0
Retired Cube TileOp Number.......................:         0
Blocks Per Cycle.................................:  0.223100
IPC..............................................:  2.090881
Average BROB occupancy...........................:    114.77
  |--STID0 Average BROB occupancy................:114.770028
Effective window size............................:    139.25
MPKB.............................................:     16.15
MPKI.............................................:      1.72
Simulation speed (Kilo Insts Per Second).........:      7.64
Discontinuous BPC Count..........................:      1159
Average Continuous BPC Length....................:  1.876618
Average fetch minsts/header per cycle............:     15.99
==========Block Control Detail Stats(Tile rename)===========
Tile capacity sample cycles......................:      9749
Tile virtual tag capacity T/U/M/N (all threads)..:      1024
Tile virtual peak live tags T/U/M/N (all threads):        92
Tile physical CellReg capacity per PE(B).........:    262144
Tile physical CellReg capacity all PEs(B)........:    262144
Tile lazy physical allocation enabled............:         0
Tile TLOAD first-data-ready bind enabled.........:         0
Tile physical bind requests......................:         0
Tile physical bind grants........................:         0
Tile physical bind failures......................:         0
Tile rename-to-bind average cycles...............:       N/A
Tile average virtual-only live tags..............:      0.00
Tile stale cell wakeup events....................:         0
Tile register average tag num....................:     30.73
  |--T...........................................:     10.79
  |--U...........................................:     10.07
  |--M...........................................:      6.07
  |--N...........................................:      3.80
  |--ACC.........................................:      0.00
  |--STK.........................................:      0.00
  |--DEP.........................................:      0.00
  |--MCALL_GPR...................................:      0.00
  |--MCALL_STK...................................:      0.00
Tile virtual average requested bytes (all threads):  14338.06
Tile virtual sum of per-hand peak requested bytes:     51840
Tile virtual simultaneous peak requested bytes (all threads):     50048
Tile physical simultaneous peak occupied bytes (all PEs):     33408
Tile physical simultaneous peak occupied cells (all PEs):       261
  |--T virtual requested bytes...................:   4318.26
  |--T virtual peak requested bytes..............:     10240
  |--U virtual requested bytes...................:   4710.98
  |--U virtual peak requested bytes..............:     20224
  |--M virtual requested bytes...................:   3376.93
  |--M virtual peak requested bytes..............:     16128
  |--N virtual requested bytes...................:   1931.90
  |--N virtual peak requested bytes..............:      5248
  |--ACC virtual requested bytes.................:      0.00
  |--ACC virtual peak requested bytes............:         0
  |--STK virtual requested bytes.................:      0.00
  |--STK virtual peak requested bytes............:         0
  |--DEP virtual requested bytes.................:      0.00
  |--DEP virtual peak requested bytes............:         0
  |--MCALL_GPR virtual requested bytes...........:      0.00
  |--MCALL_GPR virtual peak requested bytes......:         0
  |--MCALL_STK virtual requested bytes...........:      0.00
  |--MCALL_STK virtual peak requested bytes......:         0
Tile register average occupied bytes (all threads):   4293.31
Tile register average utilization (%)............:    1.6378
  |--T occupied bytes............................:       937   21.83%
  |--U occupied bytes............................:      2840   66.15%
  |--M occupied bytes............................:       409    9.53%
  |--N occupied bytes............................:       105    2.45%
  |--ACC occupied bytes..........................:         0    0.00%
  |--STK occupied bytes..........................:         0    0.00%
  |--DEP occupied bytes..........................:         0    0.00%
  |--MCALL_GPR occupied bytes....................:         0    0.00%
  |--MCALL_STK occupied bytes....................:         0    0.00%
Tile physical configured hand size of T..........:     65536
  |-- physical peak utilization..................:      4096    6.25%
Tile physical configured hand size of U..........:     65536
  |-- physical peak utilization..................:     15744   24.02%
Tile physical configured hand size of M..........:     65536
  |-- physical peak utilization..................:     12672   19.34%
Tile physical configured hand size of N..........:     65536
  |-- physical peak utilization..................:      4224    6.45%
STID0 TileReg average occupied bytes.............:   4293.31
STID0 TileReg average utilization (%)............:    1.6378
STID0 virtual Tile average requested bytes.......:  14338.06
STID0 virtual Tile peak requested bytes..........:     50048
STID0 physical Tile peak occupied bytes..........:     33408
Tile size-class allocator enabled................:         1
Tile allocator unit size(B)......................:       128
Tile allocator requests..........................:       523
Tile allocator failures..........................:         0
Tile allocator successful requested units........:      1852
Tile allocator granted units.....................:      1852
Tile allocator class waste units.................:         0
Tile allocator split events......................:       285
Tile allocator merge events......................:       281
Tile allocator sum of per-thread peak(B).........:     33408
==============Block Control Stall Stats Total===============
BRob Full Stall..................................:         0
RENAME Stall.....................................:         0
Block Rename Get Stall...........................:         0
Block Rename Set Stall...........................:         0
BIsq Full Stall .................................:         0
TileReg Full Stall ..............................:         0
============Block Control Stall Stats SThread 0=============
BRob Full Stall..................................:         0
RENAME Stall.....................................:         0
Block Rename Get Stall...........................:         0
Block Rename Set Stall...........................:         0
BIsq Full Stall .................................:         0
TileReg Full Stall ..............................:         0
============CtlStack (BISQ park head, per-stid)=============
  CtlStackG_S0...................................:      4782
  CtlStackBIQFull_S0.............................:         0
  CtlStackPortBudget_S0..........................:         0
  CtlStackCellRename_S0..........................:         0
  CtlStackGroupGate_S0...........................:         0
  CtlStackTlsuBusy_S0............................:         0
  CtlStackPeCluster_S0...........................:         0
  CtlStackEmpty_S0...............................:      4967
  CtlStackUnaccounted_S0.........................:         0
  CtlStackSyscallGate_S0.........................:         0
  CtlStackResidual_S0............................:         0
==============CtlStack2 (BIQ dispatch, per-IQ)==============
  CtlStack2G_CUBE................................:         0
  CtlStack2Empty_CUBE............................:      9749
  CtlStack2ReadyWait_CUBE........................:         0
  CtlStack2DispQFull_CUBE........................:         0
  CtlStack2Unaccounted_CUBE......................:         0
  CtlStack2Residual_CUBE.........................:         0
  CtlStack2G_VEC_PE0.............................:       416
  CtlStack2Empty_VEC_PE0.........................:      5086
  CtlStack2ReadyWait_VEC_PE0.....................:      4247
  CtlStack2DispQFull_VEC_PE0.....................:         0
  CtlStack2Unaccounted_VEC_PE0...................:         0
  CtlStack2Residual_VEC_PE0......................:         0
============TileCell lifetime by producer module============
  TileCell OccCellCycles_CUBE....................:         0
  TileCell FreedCells_CUBE.......................:         0
  TileCell AvgLifeCycles_CUBE....................:      0.00
  TileCell MaxLifeCycles_CUBE....................:         0
  TileCell OccCellCycles_VEC.....................:   1067508
  TileCell FreedCells_VEC........................:      1305
  TileCell AvgLifeCycles_VEC.....................:    818.01
  TileCell MaxLifeCycles_VEC.....................:       682
  TileCell OccCellCycles_TLSU....................:    406479
  TileCell FreedCells_TLSU.......................:       144
  TileCell AvgLifeCycles_TLSU....................:   2822.77
  TileCell MaxLifeCycles_TLSU....................:      6633
  TileCell OccCellCycles_Other...................:         0
  TileCell FreedCells_Other......................:         0
  TileCell AvgLifeCycles_Other...................:      0.00
  TileCell MaxLifeCycles_Other...................:         0
==========GmmaGenSpread (lockstep 4-PE divergence)==========
  GenCount (4-PE complete).......................:         0
  IssueSpreadMean................................:       N/A
  IssueSpreadMax.................................:         0
  CompleteSpreadMean.............................:       N/A
  CompleteSpreadMax..............................:         0
  CompleteSpreadBucket_le4.......................:         0
  CompleteSpreadBucket_5to16.....................:         0
  CompleteSpreadBucket_17to64....................:         0
  CompleteSpreadBucket_gt64......................:         0
  FirstDivergenceGen (completeSpread>8)..........:         0
  FirstDivergenceCycle...........................:         0
  FirstDivergenceSpread..........................:         0
=====Block Control Detail Stats(Flush Statistics) Total=====
intra-block ld-st conflict.......................:         0
inter-block ld-st conflict.......................:         0
intra-block misp.................................:         0
inter-block misp.................................:        36
===Block Control Detail Stats(Flush Statistics) SThread 0===
intra-block ld-st conflict.......................:         0
inter-block ld-st conflict.......................:         0
intra-block misp.................................:         0
inter-block misp.................................:        36
=====================SPE OOO&IEX stats======================
decode inst bubble...............................:     55709
average decode bundle............................:      0.00
Thread0 Pick Cnt.................................:     21851
Thread0 rob stall cnt............................:      6469
decode pe rob stall..............................:         0
decode local gpr stall...........................:         0
inst buffer stall................................:         0
predicate reg stall..............................:         0
vector reg ptag stall............................:         0
vector local scalar reg stall....................:         0
retired ld inst..................................:      1398
retired st inst..................................:      1399
retired scalar inst..............................:     20384
retired vector inst..............................:         0
retired div/sqrt inst............................:         0
MAPQ lg0 stall...................................:         0
ROB lg0 stall....................................:      6469
Thread0 decode cycle.............................:      3035
Thread0 alloc cycle..............................:      3035
Thread0 rename cycle.............................:      3014
Thread0 d2_s1 dispatch cnt.......................:      2976
Thread0 slots_total..............................:     24280
Thread0 slots_rob_allocated......................:     21851
Thread0 slots_fe_bubble..........................:      2429
Thread0 slots_idle...............................:         0
Thread0 robStall.................................:     51752
Thread0 retired_load.............................:      1398
Thread0 retired_store............................:      1399
Thread0 retired_innerJump........................:         0
Thread0 retiredAluInst...........................:     17587
Thread0 retiredSAluInst..........................:     17587
Thread0 retiredVAluInst..........................:         0
Thread0 retiredScalar............................:     20384
Thread0 retiredVector............................:         0
Thread0 retiredDivSqrt...........................:         0
======================Vector PMU Stats======================
TileopNum........................................:       416
TCMPPackedTileNum................................:         1
TCMPFragmentExpected.............................:        32
TCMPFragmentCompleted............................:        32
TCMPFragmentCanceled.............................:         0
TCMPPackedCellWrites.............................:         1
TCMPPackWriteWaitCycles..........................:         1
TCMPFlushedTileNum...............................:         0
UopNum...........................................:      1581
SplitCellCountMismatch...........................:         0
SplitPartialCellUopCount.........................:         0
SplitUopAvgPayloadBytes..........................:       N/A
UopQDispatch_INT.................................:        64
UopQReadyBypass_INT..............................:         8
UopQDispatchSrcBufFullCycles_INT.................:        98
UopQDispatchSrcBufFullBlockedCycles_INT..........:        98
VecSrcCellNotReadyCycles_INT.....................:       802
SharedReadPortWaitCycles_INT.....................:         0
UopQDispatch_FMA.................................:         0
UopQReadyBypass_FMA..............................:         0
UopQDispatchSrcBufFullCycles_FMA.................:         0
UopQDispatchSrcBufFullBlockedCycles_FMA..........:         0
VecSrcCellNotReadyCycles_FMA.....................:       266
SharedReadPortWaitCycles_FMA.....................:         0
UopQDispatch_LNEXP...............................:         0
UopQReadyBypass_LNEXP............................:         0
UopQDispatchSrcBufFullCycles_LNEXP...............:         0
UopQDispatchSrcBufFullBlockedCycles_LNEXP........:         0
VecSrcCellNotReadyCycles_LNEXP...................:        62
SharedReadPortWaitCycles_LNEXP...................:         0
CellReadMergedUops...............................:         0
StaticUopsIssued.................................:      1517
StaticBoardBlockCycles...........................:         1
StaticWritebacks.................................:      1517
EarlyWakeupFired.................................:       413
StaticDynPipeBlockCycles.........................:        68
DynStaticChainBlockCycles........................:       104
ExpandTagHits_INT................................:        31
ExpandTagMisses_INT..............................:         1
ExpandBankFills_INT..............................:         1
ExpandTempFills_INT..............................:         0
ExpandEvicts_INT.................................:         0
ExpandTagHits_FMA................................:         0
ExpandTagMisses_FMA..............................:         0
ExpandBankFills_FMA..............................:         0
ExpandTempFills_FMA..............................:         0
ExpandEvicts_FMA.................................:         0
ExpandTagHits_LNEXP..............................:         0
ExpandTagMisses_LNEXP............................:         0
ExpandBankFills_LNEXP............................:         0
ExpandTempFills_LNEXP............................:         0
ExpandEvicts_LNEXP...............................:         0
ExpandFillDrops..................................:         0
ExpandReadStaleFallbacks cls0....................:         0
ExpandReadStaleFallbacks cls1....................:         0
ExpandReadStaleFallbacks cls2....................:         0
LeSharedPortBlockCycles..........................:         0
LeSrc1CarrySkips.................................:         0
=======Static Path Bank Access / Conflict Attribution=======
  StaticBankReads Bank[0]........................:       153
  StaticBankReads Bank[1]........................:       151
  StaticBankReads Bank[2]........................:       106
  StaticBankReads Bank[3]........................:       108
  StaticBankReads Bank[4]........................:       147
  StaticBankReads Bank[5]........................:       146
  StaticBankReads Bank[6]........................:       146
  StaticBankReads Bank[7]........................:       146
  StaticDetectReadBlocks Bank[0].................:         5
  StaticDetectReadBlocks Bank[1].................:         5
  StaticDetectReadBlocks Bank[2].................:         0
  StaticDetectReadBlocks Bank[3].................:         1
  StaticDetectReadBlocks Bank[4].................:         5
  StaticDetectReadBlocks Bank[5].................:         4
  StaticDetectReadBlocks Bank[6].................:         0
  StaticDetectReadBlocks Bank[7].................:         2
  StaticDetectWriteBlocks Bank[0]................:         0
  StaticDetectWriteBlocks Bank[1]................:         0
  StaticDetectWriteBlocks Bank[2]................:         0
  StaticDetectWriteBlocks Bank[3]................:         0
  StaticDetectWriteBlocks Bank[4]................:         0
  StaticDetectWriteBlocks Bank[5]................:         0
  StaticDetectWriteBlocks Bank[6]................:         0
  StaticDetectWriteBlocks Bank[7]................:         0
  StaticIntYieldBlocks Bank[0]...................:         0
  StaticIntYieldBlocks Bank[1]...................:         0
  StaticIntYieldBlocks Bank[2]...................:         0
  StaticIntYieldBlocks Bank[3]...................:         0
  StaticIntYieldBlocks Bank[4]...................:         0
  StaticIntYieldBlocks Bank[5]...................:         0
  StaticIntYieldBlocks Bank[6]...................:         0
  StaticIntYieldBlocks Bank[7]...................:         0
  StaticBoardOccSum Bank[0]......................:      2539
  StaticBoardOccSum Bank[1]......................:      2560
  StaticBoardOccSum Bank[2]......................:      2557
  StaticBoardOccSum Bank[3]......................:      2507
  StaticBoardOccSum Bank[4]......................:      2509
  StaticBoardOccSum Bank[5]......................:      2508
  StaticBoardOccSum Bank[6]......................:      2486
  StaticBoardOccSum Bank[7]......................:      2490
  StaticBoardOccColSum Col[0]....................:      2200
  StaticBoardOccColSum Col[1]....................:      2200
  StaticBoardOccColSum Col[2]....................:      2200
  StaticBoardOccColSum Col[3]....................:      1610
  StaticBoardOccColSum Col[4]....................:      1551
  StaticBoardOccColSum Col[5]....................:      1485
  StaticBoardOccColSum Col[6]....................:      1485
  StaticBoardOccColSum Col[7]....................:      1485
  StaticBoardOccColSum Col[8]....................:      1485
  StaticBoardOccColSum Col[9]....................:      1485
  StaticBoardOccColSum Col[10]...................:      1485
  StaticBoardOccColSum Col[11]...................:      1485
  StaticBoardOccColSum Col[12]...................:         0
  StaticBoardOccColSum Col[13]...................:         0
  StaticBoardOccColSum Col[14]...................:         0
  StaticBoardOccColSum Col[15]...................:         0
VecAluAcceptCycles_FMA...........................:       388
VecAluAcceptCycles_INT...........................:      1161
VecAluAcceptCycles_LNEXP.........................:        32
VecTripleIssueCycles.............................:         0
VecDualIssueCycles...............................:        70
VecSingleIssueCycles.............................:      1441
VecIdleIssueCycles...............................:      8238
CellReadMergeSaved...............................:         0
SrcBufBypassIssue................................:         0
SplitRawGateBlocked..............................:         0
SplitNoFreeSlotCycles............................:         0
IPC(UOP).........................................:  0.162170
RowExpandTileNum.................................:         0
RowExpandUopSplit................................:         0
RowExpandSrc0CellRegReadNum......................:         0
RowExpandBroadcastCellRegReadNum.................:         0
RowExpandBroadcastBufferHitNum...................:         0
RowExpandBroadcastOwnerDeliveryNum...............:         0
RowExpandBroadcastCacheFillNum...................:         0
RowExpandBroadcastWaitCycles.....................:         0
RowExpandReadPortWaitCycles......................:         0
RowExpandSourceResponseWaitUopCycles.............:         0
RowExpandCompletedTileNum........................:         0
RowExpandFlushedTileNum..........................:         0
RowExpandStaleResponseNum........................:         0
RowReduceTileNum.................................:         9
RowReduceLayerNum................................:         0
RowReduceUopSplit................................:        39
RowReduceUopDone.................................:        39
RowReduceRootWriteNum............................:         9
RowReduceFlushedTileNum..........................:         0
RowReduceEntryUnavailableCycles..................:         0
RowReduceSplitBandwidthWaitTileCycles............:         0
RowReduceSrcBufFullTileCycles....................:         0
RowReduceLayerWaitTileCycles.....................:         0
RowReduceLayerPublishWaitTileCycles..............:         0
RowReduceReadPortWaitUopCycles...................:         0
RowReduceSourceResponseWaitUopCycles.............:         0
RowReduceIssueIntervalWaitUopCycles..............:         0
RowReduceSameGroupWaitUopCycles..................:         0
RowReduceExecPipeFullUopCycles...................:         0
RowReduceRootDstBufWaitTileCycles................:         0
RowReduceRootWritePortWaitCycles.................:         0
RowReduceRootWriteResponseWaitCycles.............:         0
RowReduceSrcNotReadyCycles.......................:        31
RowReduceTEMPForwardHits.........................:        31
RowReduceCellFallbackReads.......................:        39
RedTempMacroNum..................................:         0
RedTempChainUopSplit.............................:         0
RedTempMergeUopSplit.............................:         0
RedTempUopDone...................................:         0
RedTempRootWriteNum..............................:         0
RedTempCountBlocks...............................:         0
RedTempSerialBlocks..............................:         0
RedTempFlushedMacroNum...........................:         0
TcvtChainSeqBlocks...............................:         0
RedTempWrite_T0..................................:         0
RedTempWrite_T1..................................:         0
RedTempWrite_T2..................................:         0
RedTempWrite_T3..................................:         0
RedTempWrite_T4..................................:         0
RedTempWrite_T5..................................:         0
HybridCountGatedTiles............................:         0
HybridCountGateBlocks............................:         0
HybridCountNotified..............................:         0
ReadNum..........................................:        32
CellReadAccessTotal..............................:      1167
CellReadAccess_INT...............................:       359
CellReadAccess_FMA...............................:       776
CellReadAccess_LNEXP.............................:        32
ReadLat..........................................:      6.00
  |--LatLE5......................................:         0
  |--LatLE10.....................................:        32
  |--LatLE15.....................................:         0
  |--LatGT15.....................................:         0
WriteNum.........................................:        65
CellWriteAccessTotal.............................:      1550
CellWriteAccess_INT..............................:      1130
CellWriteAccess_FMA..............................:       388
CellWriteAccess_LNEXP............................:        32
TempForwardHits_INT..............................:       580
TempForwardHits_FMA..............................:         0
TempForwardHits_LNEXP............................:         0
TempForwardMisses_INT............................:       326
TempForwardMisses_FMA............................:       776
TempForwardMisses_LNEXP..........................:        32
ExpandTagHits_INT................................:        31
ExpandTagHits_FMA................................:         0
ExpandTagHits_LNEXP..............................:         0
ExpandTagMisses_INT..............................:         1
ExpandTagMisses_FMA..............................:         0
ExpandTagMisses_LNEXP............................:         0
ExpandBankFills_INT..............................:         1
ExpandBankFills_FMA..............................:         0
ExpandBankFills_LNEXP............................:         0
ExpandTempFills_INT..............................:         0
ExpandTempFills_FMA..............................:         0
ExpandTempFills_LNEXP............................:         0
ExpandEvicts_INT.................................:         0
ExpandEvicts_FMA.................................:         0
ExpandEvicts_LNEXP...............................:         0
LeSharedPortBlockCycles..........................:         0
WriteLat.........................................:      1.06
  |--LatLE5......................................:        65
  |--LatLE10.....................................:         0
  |--LatLE15.....................................:         0
  |--LatGT15.....................................:         0
AccountExpCellReads_INT..........................:       970
AccountExpCellReads_FMA..........................:       776
AccountExpCellReads_LNEXP........................:        32
AccountExpRedTempReads...........................:         0
AccountRedTempReads..............................:         0
AccountExpCellWrites_INT.........................:      1161
AccountExpCellWrites_FMA.........................:       388
AccountExpCellWrites_LNEXP.......................:        32
AccountExpRedTempWrites..........................:         0
AccountExpReadsTotal.............................:      1778
AccountActReadsTotal.............................:      1778
AccountReadDelta.................................:      0.00
AccountExpWritesTotal............................:      1581
AccountActWritesTotal............................:      1550
AccountWriteDelta................................:     31.00
========================VecUtilStack========================
UtilStackW_INT...................................:      1161
UtilStackO_INT...................................:         0
UtilStackA_INT...................................:         0
UtilStackD_INT...................................:         0
UtilStackI_INT...................................:        45
UtilStackS_INT...................................:      8543
UtilStackUnaccounted_INT.........................:         0
UtilStackW_FMA...................................:       388
UtilStackO_FMA...................................:         0
UtilStackA_FMA...................................:         0
UtilStackD_FMA...................................:         0
UtilStackI_FMA...................................:         0
UtilStackS_FMA...................................:      9361
UtilStackUnaccounted_FMA.........................:         0
UtilStackW_LNEXP.................................:        32
UtilStackO_LNEXP.................................:         0
UtilStackA_LNEXP.................................:        34
UtilStackD_LNEXP.................................:         0
UtilStackI_LNEXP.................................:         0
UtilStackS_LNEXP.................................:      9683
UtilStackUnaccounted_LNEXP.......................:         0
UtilStackW_SHARED................................:         0
UtilStackO_SHARED................................:         0
UtilStackA_SHARED................................:         0
UtilStackD_SHARED................................:         0
UtilStackI_SHARED................................:         0
UtilStackS_SHARED................................:      9749
UtilStackUnaccounted_SHARED......................:         0
UtilStackCycles..................................:      9749
UtilStackVecBusy.................................:      3756
UtilStackVecExposed..............................:      3756
  UtilStackSub_O_DstWriteCfl_INT.................:         0
  UtilStackSub_O_BankCfl_INT.....................:         0
  UtilStackSub_O_SharedPort_INT..................:         0
  UtilStackSub_O_YieldFma_INT....................:         0
  UtilStackSub_O_LePort_INT......................:         0
  UtilStackSub_A_RedTempMacro_INT................:         0
  UtilStackSub_A_LeThrottle_INT..................:         0
  UtilStackSub_A_LeFifoFull_INT..................:         0
  UtilStackSub_A_IiCool_INT......................:         0
  UtilStackSub_A_DstbufFull_INT..................:         0
  UtilStackSub_A_PipeFull_INT....................:         0
  UtilStackSub_D_StaticSrc_INT...................:         0
  UtilStackSub_D_RedTempCount_INT................:         0
  UtilStackSub_D_DynSrcbuf_INT...................:         0
  UtilStackSubO_Reconcile_INT....................:      0.00
  UtilStackSubA_Reconcile_INT....................:      0.00
  UtilStackSubD_Reconcile_INT....................:      0.00
  UtilStackSub_O_DstWriteCfl_FMA.................:         0
  UtilStackSub_O_BankCfl_FMA.....................:         0
  UtilStackSub_O_SharedPort_FMA..................:         0
  UtilStackSub_O_YieldFma_FMA....................:         0
  UtilStackSub_O_LePort_FMA......................:         0
  UtilStackSub_A_RedTempMacro_FMA................:         0
  UtilStackSub_A_LeThrottle_FMA..................:         0
  UtilStackSub_A_LeFifoFull_FMA..................:         0
  UtilStackSub_A_IiCool_FMA......................:         0
  UtilStackSub_A_DstbufFull_FMA..................:         0
  UtilStackSub_A_PipeFull_FMA....................:         0
  UtilStackSub_D_StaticSrc_FMA...................:         0
  UtilStackSub_D_RedTempCount_FMA................:         0
  UtilStackSub_D_DynSrcbuf_FMA...................:         0
  UtilStackSubO_Reconcile_FMA....................:      0.00
  UtilStackSubA_Reconcile_FMA....................:      0.00
  UtilStackSubD_Reconcile_FMA....................:      0.00
  UtilStackSub_O_DstWriteCfl_LNEXP...............:         0
  UtilStackSub_O_BankCfl_LNEXP...................:         0
  UtilStackSub_O_SharedPort_LNEXP................:         0
  UtilStackSub_O_YieldFma_LNEXP..................:         0
  UtilStackSub_O_LePort_LNEXP....................:         0
  UtilStackSub_A_RedTempMacro_LNEXP..............:         0
  UtilStackSub_A_LeThrottle_LNEXP................:        32
  UtilStackSub_A_LeFifoFull_LNEXP................:         2
  UtilStackSub_A_IiCool_LNEXP....................:         0
  UtilStackSub_A_DstbufFull_LNEXP................:         0
  UtilStackSub_A_PipeFull_LNEXP..................:         0
  UtilStackSub_D_StaticSrc_LNEXP.................:         0
  UtilStackSub_D_RedTempCount_LNEXP..............:         0
  UtilStackSub_D_DynSrcbuf_LNEXP.................:         0
  UtilStackSubO_Reconcile_LNEXP..................:      0.00
  UtilStackSubA_Reconcile_LNEXP..................:      0.00
  UtilStackSubD_Reconcile_LNEXP..................:      0.00
  UtilStackSub_O_DstWriteCfl_SHARED..............:         0
  UtilStackSub_O_BankCfl_SHARED..................:         0
  UtilStackSub_O_SharedPort_SHARED...............:         0
  UtilStackSub_O_YieldFma_SHARED.................:         0
  UtilStackSub_O_LePort_SHARED...................:         0
  UtilStackSub_A_RedTempMacro_SHARED.............:         0
  UtilStackSub_A_LeThrottle_SHARED...............:         0
  UtilStackSub_A_LeFifoFull_SHARED...............:         0
  UtilStackSub_A_IiCool_SHARED...................:         0
  UtilStackSub_A_DstbufFull_SHARED...............:         0
  UtilStackSub_A_PipeFull_SHARED.................:         0
  UtilStackSub_D_StaticSrc_SHARED................:         0
  UtilStackSub_D_RedTempCount_SHARED.............:         0
  UtilStackSub_D_DynSrcbuf_SHARED................:         0
  UtilStackSubO_Reconcile_SHARED.................:      0.00
  UtilStackSubA_Reconcile_SHARED.................:      0.00
  UtilStackSubD_Reconcile_SHARED.................:      0.00
  UtilStackOBlocker_None_INT.....................:         0
  UtilStackOBlocker_FmaRead_INT..................:         0
  UtilStackOBlocker_IntRead_INT..................:         0
  UtilStackOBlocker_LeRead_INT...................:         0
  UtilStackOBlocker_FmaWrite_INT.................:         0
  UtilStackOBlocker_IntWrite_INT.................:         0
  UtilStackOBlocker_CubeRead_INT.................:         0
  UtilStackOBlocker_CubeWrite_INT................:         0
  UtilStackOBlocker_LeWrite_INT..................:         0
  UtilStackOBlocker_Reconcile_INT................:      0.00
  UtilStackOBlocker_None_FMA.....................:         0
  UtilStackOBlocker_FmaRead_FMA..................:         0
  UtilStackOBlocker_IntRead_FMA..................:         0
  UtilStackOBlocker_LeRead_FMA...................:         0
  UtilStackOBlocker_FmaWrite_FMA.................:         0
  UtilStackOBlocker_IntWrite_FMA.................:         0
  UtilStackOBlocker_CubeRead_FMA.................:         0
  UtilStackOBlocker_CubeWrite_FMA................:         0
  UtilStackOBlocker_LeWrite_FMA..................:         0
  UtilStackOBlocker_Reconcile_FMA................:      0.00
  UtilStackOBlocker_None_LNEXP...................:         0
  UtilStackOBlocker_FmaRead_LNEXP................:         0
  UtilStackOBlocker_IntRead_LNEXP................:         0
  UtilStackOBlocker_LeRead_LNEXP.................:         0
  UtilStackOBlocker_FmaWrite_LNEXP...............:         0
  UtilStackOBlocker_IntWrite_LNEXP...............:         0
  UtilStackOBlocker_CubeRead_LNEXP...............:         0
  UtilStackOBlocker_CubeWrite_LNEXP..............:         0
  UtilStackOBlocker_LeWrite_LNEXP................:         0
  UtilStackOBlocker_Reconcile_LNEXP..............:      0.00
  UtilStackOBlocker_None_SHARED..................:         0
  UtilStackOBlocker_FmaRead_SHARED...............:         0
  UtilStackOBlocker_IntRead_SHARED...............:         0
  UtilStackOBlocker_LeRead_SHARED................:         0
  UtilStackOBlocker_FmaWrite_SHARED..............:         0
  UtilStackOBlocker_IntWrite_SHARED..............:         0
  UtilStackOBlocker_CubeRead_SHARED..............:         0
  UtilStackOBlocker_CubeWrite_SHARED.............:         0
  UtilStackOBlocker_LeWrite_SHARED...............:         0
  UtilStackOBlocker_Reconcile_SHARED.............:      0.00
YieldFmaReadCycles...............................:         0
YieldFmaWriteCycles..............................:         0
UtilStackHideRatio...............................:      0.00
UtilStackHideRatioStrict.........................:      0.00
  UtilStackIssueCombo_None.......................:      8238
  UtilStackIssueCombo_INT........................:      1091
  UtilStackIssueCombo_FMA........................:       347
  UtilStackIssueCombo_INT+FMA....................:        41
  UtilStackIssueCombo_LE.........................:         3
  UtilStackIssueCombo_INT+LE.....................:        29
  UtilStackIssueCombo_FMA+LE.....................:         0
  UtilStackIssueCombo_INT+FMA+LE.................:         0
  UtilStackIssueCombo_SH.........................:         0
  UtilStackIssueCombo_INT+SH.....................:         0
  UtilStackIssueCombo_FMA+SH.....................:         0
  UtilStackIssueCombo_INT+FMA+SH.................:         0
  UtilStackIssueCombo_LE+SH......................:         0
  UtilStackIssueCombo_INT+LE+SH..................:         0
  UtilStackIssueCombo_FMA+LE+SH..................:         0
  UtilStackIssueCombo_INT+FMA+LE+SH..............:         0
  UtilStackIssueCombo_Reconcile..................:      0.00
  UtilStackIssueEvent_Reconcile..................:      0.00
UtilStackMultiIssueProb..........................:      0.05
UtilStackAvgIssueRate............................:      0.16
UtilStackIssueWidthUtil..........................:      0.05
===============CellReg Bank Arbitration Stats===============
Bank Active Cycles (>=1 pending).................:      1042
  |--Bank Conflict Cycles (>=2 pending)..........:        16    1.54%
  |--Bank Urgent(aged) Cycles....................:         0
Bank Grants (winners) Total......................:       962
Bank Lose (non-winner waits) Total...............:        96
Bank Port-Yield (no free channel) Total..........:        89
Total Served Read Bytes..........................:     80256
Total Served Write Bytes.........................:     38784
  |--RQ_CUBE Win.................................:         0
  |--RQ_CUBE Lose................................:         0     N/A
  |--RQ_CUBE PortYield...........................:         0
  |--RQ_CUBE Served Bytes........................:         0
  |--RQ_VEC Win..................................:        64
  |--RQ_VEC Lose.................................:         0    0.00%
  |--RQ_VEC PortYield............................:         0
  |--RQ_VEC Served Bytes.........................:      8192
  |--RQ_TLSU Win.................................:       563
  |--RQ_TLSU Lose................................:        49    8.01%
  |--RQ_TLSU PortYield...........................:        42
  |--RQ_TLSU Served Bytes........................:     72064
  |--WQ_CUBE Win.................................:         0
  |--WQ_CUBE Lose................................:         0     N/A
  |--WQ_CUBE PortYield...........................:         0
  |--WQ_CUBE Served Bytes........................:         0
  |--WQ_VEC Win..................................:        33
  |--WQ_VEC Lose.................................:         0    0.00%
  |--WQ_VEC PortYield............................:         0
  |--WQ_VEC Served Bytes.........................:      4224
  |--WQ_VEC_LNEXP Win............................:        32
  |--WQ_VEC_LNEXP Lose...........................:         0    0.00%
  |--WQ_VEC_LNEXP PortYield......................:         0
  |--WQ_VEC_LNEXP Served Bytes...................:      4096
  |--WQ_TLSU Win.................................:       270
  |--WQ_TLSU Lose................................:        47   14.83%
  |--WQ_TLSU PortYield...........................:        47
  |--WQ_TLSU Served Bytes........................:     34560
==============CellReg CUBE Bank-Group Backlog===============
WQ_CUBE active cycles............................:         0
  |--WQ_CUBE cross-group cycles..................:         0     N/A
RQ_CUBE active cycles............................:         0
  |--RQ_CUBE cross-group cycles..................:         0     N/A
CUBE Rd+Wr concurrent cycles.....................:         0
  |--Rd/Wr different-group cycles................:         0     N/A
  |--Wr-starved-by-Rd cycles (each owns a group).:         0     N/A
Direct OOR access dropped (pool end).............:         0
===========CellReg Per-Bank Conflict Distribution===========
  Bank[0] conflict cycles........................:         0    0.00%
  Bank[1] conflict cycles........................:         1    6.25%
  Bank[2] conflict cycles........................:         1    6.25%
  Bank[3] conflict cycles........................:         2   12.50%
  Bank[4] conflict cycles........................:         2   12.50%
  Bank[5] conflict cycles........................:         2   12.50%
  Bank[6] conflict cycles........................:         4   25.00%
  Bank[7] conflict cycles........................:         4   25.00%
==================SuperScalar Report Stop===================
======================Syscall Barrier=======================
sb_requested.....................................:         2
sb_executed......................................:         1
sb_canceled......................................:         0
sb_stashed.......................................:         1
sb_stash_overflow................................:         0
sb_pending.......................................:         1
sb_phase_idle....................................:      9630
sb_phase_pre_commit..............................:        19
sb_phase_quiet_wait..............................:         0
sb_phase_gate_all................................:         1
sb_phase_draining................................:        99
sb_phase_executing...............................:         1
syscall_owner_precommit_wait.....................:        18
syscall_worker_quiet_wait........................:         0
syscall_worker_quiet_cycles_total................:         0
syscall_worker_quiet_cycles_max..................:         0
syscall_commit_wait..............................:        50
syscall_l1_scb_drain_wait........................:        48
syscall_sl2_drain_wait...........................:         0
drain_wait.......................................:        98
syscall_drain_progress_timeout...................:         0
sb_T_complete....................................:      9998
sb_T_deadlock_effective..........................:      9999
sb_last_progress_cycle...........................:      9747
sb_lockstep_enabled..............................:         0
sb_lockstep_registered...........................:         0
sb_lockstep_blocks...............................:         0
sb_lockstep_executes.............................:         0
sb_lockstep_withdraw_startup.....................:         0
sb_lockstep_withdraw_flush.......................:         0
sb_lockstep_overflow.............................:         0
sb_lockstep_and_timeout..........................:         0
sb_lockstep_hold_cycles..........................:         0
sb_lockstep_exit_parks...........................:         0
syscall_post_ecall_issue_rejects.................:         0
syscall_bstop_admission_rejects..................:         0
sb_lockstep_held_now.............................:         0
