./bin/gfsim -f /mnt/workspace/projects/1009_SuperNPUBench_v2/SuperNPUBench/benchmark/one-level-arch/output/solution/mega_moe/elf/solution_mega_moe_mega_moe_sim_BS16_H32_HD64.elf --pto-v02 true -s tlsu.fake_l2_enable=false 
[gfsim] ELF auto-detect: single-PE; using default config
Override configurations:
tlsu.fake_l2_enable=false
Memory: 0x10200 - 0x102e8 (Size=0KB) [.rodata]
Memory: 0x102ec - 0x1032f (Size=0KB) [.eh_frame_hdr]
Memory: 0x10330 - 0x1043b (Size=0KB) [.eh_frame]
Memory: 0x1143c - 0x13287 (Size=7KB) [.text]
Memory: 0x14288 - 0x14347 (Size=0KB) [.init_array]
Memory: 0x14348 - 0x1435f (Size=0KB) [.data.rel.ro]
Memory: 0x16000 - 0x2d537 (Size=93KB) [.bss]
Memory: 0x2e000 - 0x2f0c7 (Size=4KB) [.sbss]
Memory: 0x2f0d0 - 0x803f0d0 (Size=131136KB) [stack mem]
Memory: 0x4000802000 - 0x4008803000 (Size=131076KB) [map mem]
tid: 0 Core@100000: Retired blocks 6443. BROB head info: B43 STID0 BPC 0x1160c [STD COND]
tid: 0 Core@200000: Retired blocks 13347. BROB head info: B35 STID0 BPC 0x11870 [FP COND]
tid: 0 Core@300000: Retired blocks 31279. BROB head info: B47 STID0 BPC 0x11a3a [FP COND]
tid: 0 Core@400000: Retired blocks 49228. BROB head info: B76 STID0 BPC 0x11a3a [FP COND]
tid: 0 Core@500000: Retired blocks 67216. BROB head info: B144 STID0 BPC 0x11a3a [FP COND]
tid: 0 Core@600000: Retired blocks 85383. BROB head info: B135 STID0 BPC 0x11870 [FP COND]
tid: 0 Core@700000: Retired blocks 103379. BROB head info: B211 STID0 BPC 0x11870 [FP COND]
tid: 0 Core@800000: Retired blocks 121389. BROB head info: B45 STID0 BPC 0x1189a [FP COND]
tid: 0 Core@900000: Retired blocks 139391. BROB head info: B127 STID0 BPC 0x11870 [FP COND]
tid: 0 Core@1000000: Retired blocks 157390. BROB head info: B206 STID0 BPC 0x11870 [FP COND]
Simulation time: 247s 
+-------------------------+--------------+
| Block Control Config Name | Value        |
+-------------------------+--------------+
| inst_decode_bw          | 4            |
| block_rob_depth         | 256          |
| BISQ:cube_isq_depth     | 32           |
| BISQ:vector_isq_depth   | 32           |
+-------------------------+--------------+
+-------------------+--------------+
| CUBE Config Name  | Value        |
+-------------------+--------------+
| uop_isq_depth     | 32           |
| tcvt_isq_depth    | 16           |
| L0A_size          | 32           |
| L0B_size          | 32           |
| L0C_size          | 32           |
+-------------------+--------------+
===================SuperScalar NPU Stats====================
Total Cycles.....................................:   1058546
================SuperScalar Unified Top-Down================
Retiring.........................................:     23.77%
Bad Speculation..................................:      0.00%
Frontend Bound...................................:      0.01%
CMD Bound........................................:      0.08%
Backend Bound....................................:     76.15%
=============Top-Down Normalization Diagnostics=============
Bad Speculation Clipped Slots....................:         0
Frontend Bound Clipped Slots.....................:         0
  |-- LD Retiring................................:      2.48%
  |-- ST Retiring................................:      0.16%
  |-- BR Retiring................................:      0.00%
  |-- ALU Retiring...............................:     21.14%
  |-- Other Retiring.............................:      0.00%
  |-- Misprediction..............................:      0.00%
  |-- Machine Clear..............................:      0.00%
  |-- Fetch Latency..............................:      0.00%
  |-- Fetch Bandwidth............................:      0.01%
    |-- Branch Resteering........................:      0.00%
    |-- ITLB/BTLB miss...........................:      0.00%
    |-- BHC miss penalty.........................:      0.00%
    |-- Other fetch lat..........................:      0.00%
    |-- Decode Stall.............................:      0.00%
    |-- Rename Stall.............................:      0.00%
    |-- BROB Stall...............................:      0.08%
    |-- SYS Block Stall..........................:      0.00%
  |-- CMD queue backpressure.....................:      0.08%
    |-- Operand not ready........................:      0.08%
    |-- BIQ capacity full........................:      0.00%
      |-- CUBE BIQ full..........................:      0.00%
      |-- VECTOR BIQ full........................:      0.00%
      |-- TLSU BIQ full..........................:      0.00%
      |-- GROUP/SHU BIQ full.....................:      0.00%
      |-- Other BIQ full.........................:      0.00%
    |-- TileReg capacity full....................:      0.00%
    |-- GPR LPV/no-cancel gate...................:      0.00%
    |-- Other CMD queue block....................:      0.00%
  |-- CMDPipe tile backpressure..................:      0.00%
    |-- TileReg resource unavailable.............:      0.00%
    |-- Other CMDPipe stall......................:      0.00%
  |-- Other CMD control..........................:      0.00%
  |-- Memory Bound...............................:      0.00%
  |-- Core Bound.................................:     76.15%
    |-- L1 Bound.................................:      0.00%
    |-- L2 Bound.................................:      0.00%
    |-- L3/DRAM Bound............................:      0.00%
    |-- Store Bound..............................:      0.00%
    |-- Scalar ALU...............................:     41.39%
    |-- Cube.....................................:      0.16%
    |-- Vector...................................:      0.08%
    |-- TLSU Tload...............................:     22.74%
    |-- TLSU Tstore..............................:     11.77%
    |-- TLSU TMOV................................:      0.00%
    |-- Idle.....................................:      0.00%
    |-- Other Core...............................:      0.00%
      |-- Simple ALU pipe full...................:      0.00%
      |-- Complex INT busy.......................:      7.12%
      |-- Branch port busy.......................:      4.06%
===============Top-Down Boundary Attribution================
IFU-OEX boundary observations (slots)............:   4234184
  |-- Frontend supply bubble (F5)................:      0.14%
  |-- Backend backpressure (F5)..................:     50.47%
  |-- Delivered to OEX (F5)......................:     49.39%
CMD queue/Pipe boundary observations (cycles)....:   1058546
  |-- CMD queue supply bubble....................:     99.54%
  |-- CMD queue backpressure.....................:      0.08%
  |-- CMD blocked union cycles...................:       806
  |-- CMD issued slots...........................:      4037
  |-- CMD IQ TileOp issue count..................:       610
  |-- CMD IQ non-empty cycles....................:      4843
  |-- CMD IQ TileOp issue rate (tileops/cycle)...:0.12595499
  |-- CMDPipe tile backpressure events...........:         0
=======Core-Cycles Oldest-Block Top-Down (diagnostic)=======
Core cycles......................................:   1058546
L1 Retiring......................................:     15.73%
L1 Recovery......................................:      0.00%
L1 Frontend Bound................................:     83.31%
L1 CMD Bound.....................................:      0.00%
L1 Backend Bound.................................:      0.96%
L1 Idle/Other....................................:      0.01%
  |-- L2 Memory Bound............................:      0.00%
  |-- L2 Group Sync Bound........................:      0.00%
  |-- L2 Core Bound..............................:      0.96%
    |-- L3 Cube..................................:      0.40%
    |-- L3 Vector................................:      0.16%
    |-- L3 TLSU..................................:      0.40%
    |-- L3 Scalar ALU............................:      0.00%
      |-- L4 Cube execution/queue owner..........:      0.40%
      |-- L4 Vector execution owner..............:      0.16%
      |-- L4 TLSU Tload owner....................:      0.15%
      |-- L4 TLSU Tstore owner...................:      0.25%
      |-- L4 Scalar ALU owner....................:      0.00%
Core-cycle attribution sum.......................:   1058546
STID0 oldest observations........................:   1058546
  |-- RETIRING representative STID...............:         0
  |-- RETIRING representative BID................:         0
  |-- RETIRING participant mask..................:         1
  |-- FRONTEND_BOUND representative STID.........:         0
  |-- FRONTEND_BOUND representative BID..........:         0
  |-- FRONTEND_BOUND participant mask............:         1
  |-- MEMORY_BOUND representative STID...........:         0
  |-- MEMORY_BOUND representative BID............:       146
  |-- MEMORY_BOUND participant mask..............:         1
  |-- CUBE representative STID...................:         0
  |-- CUBE representative BID....................:         5
  |-- CUBE participant mask......................:         1
  |-- TLSU_TLOAD representative STID.............:         0
  |-- TLSU_TLOAD representative BID..............:         1
  |-- TLSU_TLOAD participant mask................:         1
  |-- TLSU_TSTORE representative STID............:         0
  |-- TLSU_TSTORE representative BID.............:         0
  |-- TLSU_TSTORE participant mask...............:         1
  |-- VECTOR representative STID.................:         0
  |-- VECTOR representative BID..................:         5
  |-- VECTOR participant mask....................:         1
  |-- IDLE_NO_OLDEST representative STID.........:         0
  |-- IDLE_NO_OLDEST representative BID..........:18446744073709551615
  |-- IDLE_NO_OLDEST participant mask............:         1
===================superScalar Key Stats====================
superScalar Tileop Total Cycles..................:   1058546
  |--Cube Tileop Total Cycles....................:      4272
  |--Vector Tileop Total Cycles..................:      1977
  |--TLSU Tileop Total Cycles....................:      4936
superScalar Total Tileop Counter.................:       610
  |--Cube Execute Tileop Counter.................:        48
  |--Vector Execute Tileop Counter...............:       162
  |--TLSU Execute Tileop Counter.................:       400
    |--AccountExpTlsuCellReads...................:       930
    |--AccountExpTlsuCellWrites..................:      1329
superScalar Run Tileop Wall Cycles...............:    795655
  |--Cube Busy Resource-Cycles (PE-summed).......:      4128
  |--Vector Busy Resource-Cycles (PE-summed).....:      2454
  |--TLSU Busy Resource-Cycles (PE-summed).......:    795655
  |--Cube Active Wall Cycles (union).............:      4128
  |--Vector Active Wall Cycles (union)...........:      2123
  |--TLSU Active Wall Cycles (union).............:    795655
    |--TLSU Tload Resource-Cycles (PE-summed)....:    577558
      |--write Blocked By Ring Cycles............:         0
    |--TLSU Tstore Resource-Cycles (PE-summed)...:    298861
    |--TLSU Tmov Resource-Cycles (PE-summed).....:         0
    |--TLSU Mgather Resource-Cycles (PE-summed)..:         0
    |--TLSU Mscatter Resource-Cycles (PE-summed).:         0
    |--TLSU Vgather Resource-Cycles (PE-summed)..:         0
    |--TLSU Vscatter Resource-Cycles (PE-summed).:         0
  |--All Cores Idle Wall Cycles..................:    262891
  |--Vector-Cube Concurrent Wall Cycles (union)..:       181
  |--Vector-Cube Active Wall Cycles (union)......:      6070
  |--Cube-TLSU Concurrent Wall Cycles (union)....:      4128
  |--Cube-TLSU Active Wall Cycles (union)........:    795655
  |--Vector-TLSU Concurrent Wall Cycles (union)..:      2123
  |--Vector-TLSU Active Wall Cycles (union)......:    795655
=============TileOp Efficiency (explicit units)=============
PE0 CUBE ExecCycles/TileOp.......................:     46.00
PE0 CUBE TileOpRate (ops/cycle)..................:0.00004535
PE0 CUBE TileOp Occupancy (%)....................:      0.39
PE0 VECTOR ReadLatency (cycles/op)...............:      0.00
PE0 VECTOR TileOpRate (ops/cycle)................:      0.00
PE0 VECTOR Utilization...........................:      0.00
PE0 VECTOR Utilization (issue-events)............:      0.00
PE0 TLSU Occupancy/Issue (cycles/event)..........:     10.18
PE0 TLSU IssueRate (events/cycle)................:      0.21
PE0 TLSU Utilization (%).........................:     75.21
Vector-Cube overlap ratio........................:      0.00
Vector-TLSU overlap ratio........................:      0.00
============PROB Status Occupancy (entry-cycles)============
  |--free........................................:         0
  |--alloc.......................................:   5432321
  |--renamed.....................................:         0
  |--dispatched..................................:   1679334
  |--in_queue....................................:  30966312
  |--issued......................................:   1222012
  |--executing...................................:   2564840
  |--writeback...................................:   1338002
  |--completed...................................:  82810413
  |--retired.....................................:   3496993
  |--fault.......................................:         0
  |--need_flush..................................:         0
===============Block Control Key Stats total================
Average Outstanding Block Number.................:      0.09
  |--Average Outstanding Cube Block Number.......:      0.00
  |--Average Outstanding Vector Block Number.....:      0.00
  |--Average Outstanding TLoad Number............:      0.07
  |--Average Outstanding TStore Number...........:      0.01
=============Block Control Key Stats SThread 0==============
Average Outstanding Block Number.................:      0.09
  |--Average Outstanding Cube Block Number.......:      0.00
  |--Average Outstanding Vector Block Number.....:      0.00
  |--Average Outstanding TLoad Number............:      0.07
  |--Average Outstanding TStore Number...........:      0.01
===================CubeCore 0 Statistics====================
Cube Total Cycles................................:   1058546
Cube MAC Exec Occupancy..........................:      1440    0.14%
Cube MAC Utilization.............................:     48.00    0.00%
Cube Logical MAC Count...........................:     49152
Cube Equivalent MAC Count........................:  49152.00
Cube Equivalent MAC Rate (MAC/cycle).............:      0.05
Cube core workload units (dtype-normalized)......:     48.00
Cube core workload rate (units/cycle)............:0.00004535
Cube Achieved TFLOPS (equivalent MACs, 1.65GHz)..:  0.000153
Cube core exe tileop count.......................:        48
L0A Tag Hits (A resident)........................:         0
L0A Tag Misses (A resident)......................:         0
L0A Tag Flushes (A resident).....................:         0
Cube Uop Generated Count.........................:       768
Cube core retired uop count......................:       768
Cube core total load count.......................:      1152
Cube core total store count (CellReg TileC writes):       768
==================InternalAcc Feature PMU===================
internal_acc_entry_alloc_count...................:         0
internal_acc_entry_read_count....................:         0
internal_acc_entry_write_count...................:         0
internal_acc_entry_peak_occupancy................:         0
internal_acc_active_cycles.......................:         0
internal_acc_entry_unavailable_stall_cycles......:         0
internal_acc_entry_lookup_wait_stall_cycles......:         0
internal_acc_entry_not_ready_stall_cycles........:         0
internal_acc_stale_reference_count...............:         0
Cube FP16 Logical MAC Count......................:     49152
Cube FP16 Equivalent MAC Count...................:  49152.00
Cube FP8 Logical MAC Count.......................:         0
Cube FP8 Equivalent MAC Count....................:      0.00
Cube FP4 Logical MAC Count.......................:         0
Cube FP4 Equivalent MAC Count....................:      0.00
Cube TileOp Occupancy............................:      4128    0.39%
Cube Load Outstanding............................:      1920    0.18%
Cube FixPipe/Store Occupancy.....................:       624    0.06%
Cube core average acc slot use...................:      0.00
Cube core average l0a entry use..................:      1.86
Cube core average l0b entry use..................:      3.62
Cube core average l0a entry use busy.............:      1.90
Cube core average l0b entry use busy.............:      3.71
Cube core average acc slot use busy..............:       N/A
Cube MAC Range...................................:      1440
Cube Load Range..................................:      1968
Cube Store Range.................................:       624
Cube Load-MAC Range Overlap......................:       720   50.00%
accSlotAllocCount................................:         0
accSlotFreeCount.................................:         0
accSlotPeakInUse.................................:         0
accSlotWaitCount.................................:         0
bandPairMapPeakSize..............................:         0
bandPairMapFinalSize.............................:         0
batchDistributeCount.............................:         0
batchFallbackCount...............................:         0
m0TileCReadCount.................................:         0
m1TileCReadCount.................................:         0
tileCReadRequestCount............................:         0
tileCReadBytes...................................:         0
batchMissedDistributeCount.......................:         0
uniqueTileCSourceAddresses.......................:         0
Cube core exe uop count..........................:       768
Cube core retired uop count......................:       768
Cube core total load count.......................:      1152
Cube core total store count (CellReg TileC writes):       768
  |--CellReg Load Count..........................:      1152
    |--CellReg TileA Count.......................:       384
    |--CellReg TileB Count.......................:       768
    |--CellReg TileC Count.......................:         0
    |--CellReg LeftScale Count...................:         0
    |--CellReg RightScale Count..................:         0
  |--CellReg Load Bytes..........................:    147456
    |--CellReg TileA Bytes.......................:     49152
    |--CellReg TileB Bytes.......................:     98304
    |--CellReg TileC Bytes.......................:         0
    |--CellReg LeftScale Bytes...................:         0
    |--CellReg RightScale Bytes..................:         0
  |--CellReg Store Count.........................:       768
    |--CellReg TileC Count.......................:       768
  |--CellReg Store Bytes.........................:     98304
    |--CellReg TileC Bytes.......................:     98304
  |--ShareTReg Load Count........................:         0
    |--ShareTReg TileA Count.....................:         0
    |--ShareTReg TileB Count.....................:         0
  |--ShareTReg Load Bytes........................:         0
    |--ShareTReg TileA Bytes.....................:         0
    |--ShareTReg TileB Bytes.....................:         0
  |--Exp CellReg Load Count......................:       816
    |--Exp CellReg TileA Count...................:        48
    |--Exp CellReg TileB Count...................:       768
    |--Exp CellReg TileC Count...................:         0
    |--Exp CellReg LeftScale Count...............:         0
    |--Exp CellReg RightScale Count..............:         0
  |--Exp CellReg Load Delta......................:   -336.00
  |--Exp CellReg Store Count.....................:        48
  |--Exp CellReg Store Delta.....................:   -720.00
  |--Exp ShareTReg Load Count....................:         0
  |--Exp ShareTReg Load Cache Skip...............:         0
  |--Exp ShareTReg Load Delta....................:      0.00
Cube core cannot pick main chain uop ratio.......:         0    0.00%
Cube core pick cub chain uop ratio...............:         0     N/A
Cube busy cycle..................................:         0
Cube core mmad busy cycle........................:         0     N/A
Cube core load busy cycle........................:         0     N/A
Cube core store busy cycle.......................:         0     N/A
  UtilMacW (array exec)..........................:      1392
    |--UtilMacWMad (systolic MAC phase)..........:      1248
    |--UtilMacWRamp (staging/fill-drain).........:       144
  UtilMacO (operand in-flight)...................:      1344
  UtilMacA (exec/writeback struct)...............:      1344
  UtilMacD (dependency chain)....................:         0
  UtilMacI (issue/rename struct).................:         0
  UtilMacS (no tile).............................:   1054466
  UtilMacUnaccounted.............................:         0
  UtilMacCycles..................................:   1058546
    |--UtilMacSub_O_L0InFlight...................:      1296
    |--UtilMacSub_O_ScaleInFlight................:         0
    |--UtilMacSub_O_LoadPath.....................:         0
    |--UtilMacSub_O_LdUopBuf.....................:        48
    |--UtilMacSub_A_AllocBackpressure............:         0
    |--UtilMacSub_A_StoreInFlight................:       624
    |--UtilMacSub_A_FixPipeAnnounce..............:       528
    |--UtilMacSub_A_UopBufQueue..................:         0
    |--UtilMacSub_A_TileBoundary.................:       192
    |--UtilMacSub_A_AccPoolFull..................:         0
    |--UtilMacSub_A_AccEntryRelease..............:         0
    |--UtilMacSub_D_KLoopChain...................:         0
    |--UtilMacSub_D_AccEntryNotReady.............:         0
    |--UtilMacSubO_Reconcile.....................:      0.00
    |--UtilMacSubA_Reconcile.....................:      0.00
    |--UtilMacSubD_Reconcile.....................:      0.00
    |--UtilMacSub_O_L0InFlight_A.................:      1200
    |--UtilMacSub_O_L0InFlight_B.................:        48
    |--UtilMacSub_O_L0InFlight_C.................:         0
    |--UtilMacSub_O_L0InFlight_Other.............:        48
    |--UtilMacSubO_L0Split_Reconcile.............:      0.00
  UtilMacIssue_Issued............................:       768
  UtilMacIssue_CStreamWait.......................:         0
  UtilMacIssue_L0InFlight........................:      1440
  UtilMacIssue_ScaleInFlight.....................:         0
  UtilMacIssue_AllocBackpressure.................:         0
  UtilMacIssue_KLoopChain........................:         0
  UtilMacIssue_UopBufQueue.......................:        48
  UtilMacIssue_LdUopBufQueue.....................:         0
  UtilMacIssue_NoTile............................:   1054466
  UtilMacIssue_TileBoundary......................:      1824
  UtilMacIssue_Unaccounted.......................:         0
  UtilMacIssue_Reconcile.........................:      0.00
  UtilMacIssue_L0InFlight_A......................:      1344
  UtilMacIssue_L0InFlight_B......................:         0
  UtilMacIssue_L0InFlight_C......................:         0
  UtilMacIssue_L0InFlight_Other..................:        96
  UtilMacIssue_L0Split_Reconcile.................:      0.00
  UtilMacStageOcc................................:      5376
  RenameAllocAFailCycles.........................:         0
  RenameAllocBFailCycles.........................:         0
  RenameFifoFullCycles...........................:         0
  UtilMacStageIdle...............................:      3360
  UtilMacStage_Reconcile.........................:      0.00
  UtilMacFillWeightedUtil........................:      0.00
  UtilMacShadow_CwaitCycles......................:         0
  UtilMacShadow_L0WithCwait......................:         0
  UtilMacStageIdle_L0InFlight....................:      2352
  UtilMacStageIdle_TileBoundary..................:      1008
  UtilMacStageIdleByCause_Reconcile..............:      0.00
=============== TLSU tile-store STQ residency peId=0 ===============
  resident entry-cycles ....................: 67350
  |-- addr/interval not resolved ...........: 0  (0.00%)
  |-- tile data (rename) not ready .........: 57679  (85.64%)
  |-- BLOCKED BY NON-FLUSH POINTER .........: 7331  (10.88%)
  |-- older store still in STQ .............: 2219  (3.29%)
  |-- SCB full ............................: 0  (0.00%)
  store_issue=13725 scb_enter=13725 stq_peak=30 scb_peak=16
  private_l1_handoff: fragments=13604 acks=13604 wait_entry_cycles=13604 balanced=yes
  invariants: stq_conservation=OK (created=13623 destroyed=13623) a3_tile_violation=0 scb_flush_hit=0 scb_waw_scalar=0 scb_waw_tile=0 nuke=0
=============== TLOAD Sub-path peId=0 ===============
  occupancy entry-cycles ..................: 1332922 (58.54%)
  issue events ............................: 209948
=============== TSTORE Sub-path peId=0 ===============
  occupancy entry-cycles ..................: 944095 (41.46%)
  issue events ............................: 13725
=============== TMOV Sub-path peId=0 ===============
  occupancy entry-cycles ..................: 0 (0.00%)
  issue events ............................: 0
========================Streaming L2========================
l2_tr_read_sent..................................:       355
l2_tr_read_response..............................:       355
l2_tr_read_wait_cycles...........................:      1363
l2_tr_read_queue_full_cycles.....................:         0
l2_tr_write_sent.................................:       563
l2_tr_write_response.............................:       563
l2_tr_write_wait_cycles..........................:      3487
l2_tr_write_queue_full_cycles....................:         0
l2_rwdb_entry_full_cycles........................:         6
l2_prior_read_raw_renames........................:         0
l2_starvation_bypass_cycles......................:         0
=====================Retired block Type=====================
Retired Block Num................................:    167507
  |--Retired STD Block Num.......................:     16348
  |--Retired PARALLEL Block Num..................:       610
    |--Retired CUBE Block Num....................:        48    7.87%
    |--Retired VCALL Block Num...................:       162   26.56%
    |--Retired TLSU Block Num....................:       400   65.57%
  |--Retired SYS Block Num.......................:         0
  |--Retired FP Block Num........................:    150549
  |--Retired OTHER Block Num.....................:         0
==================Retired Template Opcode===================
FENTRY...........................................:        19
FEXIT............................................:         0
FRET.............................................:        18
MEMSET...........................................:         3
MEMCOPY..........................................:         0
Retired Instruction Number.......................:   2012997
  |--Retired Scalar Inst Number..................:   2012997
  |--Retired Vec Inst Number.....................:         0
Retired Cube TileOp Number.......................:        48
Blocks Per Cycle.................................:  0.158243
IPC..............................................:  1.901662
Average BROB occupancy...........................:     93.59
  |--STID0 Average BROB occupancy................: 93.587530
Effective window size............................:    129.85
MPKB.............................................:      1.39
MPKI.............................................:      0.12
Simulation speed (Kilo Insts Per Second).........:      8.13
Discontinuous BPC Count..........................:     65504
Average Continuous BPC Length....................:  2.557203
Average fetch minsts/header per cycle............:     15.37
==========Block Control Detail Stats(Tile rename)===========
Tile capacity sample cycles......................:   1058546
Tile virtual tag capacity T/U/M/N (all threads)..:      1024
Tile virtual peak live tags T/U/M/N (all threads):        88
Tile physical CellReg capacity per PE(B).........:    262144
Tile physical CellReg capacity all PEs(B)........:    262144
Tile lazy physical allocation enabled............:         0
Tile TLOAD first-data-ready bind enabled.........:         0
Tile physical bind requests......................:         0
Tile physical bind grants........................:         0
Tile physical bind failures......................:         0
Tile rename-to-bind average cycles...............:       N/A
Tile average virtual-only live tags..............:      0.00
Tile stale cell wakeup events....................:         0
Tile register average tag num....................:     39.87
  |--T...........................................:     13.32
  |--U...........................................:     13.29
  |--M...........................................:     13.26
  |--N...........................................:      0.00
  |--ACC.........................................:      0.00
  |--STK.........................................:      0.00
  |--DEP.........................................:      0.00
  |--MCALL_GPR...................................:      0.00
  |--MCALL_STK...................................:      0.00
Tile virtual average requested bytes (all threads):  36491.45
Tile virtual sum of per-hand peak requested bytes:    105728
Tile virtual simultaneous peak requested bytes (all threads):     96640
Tile physical simultaneous peak occupied bytes (all PEs):     36608
Tile physical simultaneous peak occupied cells (all PEs):       286
  |--T virtual requested bytes...................:   1871.79
  |--T virtual peak requested bytes..............:     31232
  |--U virtual requested bytes...................:  20836.39
  |--U virtual peak requested bytes..............:     46848
  |--M virtual requested bytes...................:  13783.27
  |--M virtual peak requested bytes..............:     27648
  |--N virtual requested bytes...................:      0.00
  |--N virtual peak requested bytes..............:         0
  |--ACC virtual requested bytes.................:      0.00
  |--ACC virtual peak requested bytes............:         0
  |--STK virtual requested bytes.................:      0.00
  |--STK virtual peak requested bytes............:         0
  |--DEP virtual requested bytes.................:      0.00
  |--DEP virtual peak requested bytes............:         0
  |--MCALL_GPR virtual requested bytes...........:      0.00
  |--MCALL_GPR virtual peak requested bytes......:         0
  |--MCALL_STK virtual requested bytes...........:      0.00
  |--MCALL_STK virtual peak requested bytes......:         0
Tile register average occupied bytes (all threads):   8633.38
Tile register average utilization (%)............:    3.2934
  |--T occupied bytes............................:      8519   98.68%
  |--U occupied bytes............................:        37    0.43%
  |--M occupied bytes............................:        76    0.88%
  |--N occupied bytes............................:         0    0.00%
  |--ACC occupied bytes..........................:         0    0.00%
  |--STK occupied bytes..........................:         0    0.00%
  |--DEP occupied bytes..........................:         0    0.00%
  |--MCALL_GPR occupied bytes....................:         0    0.00%
  |--MCALL_STK occupied bytes....................:         0    0.00%
Tile physical configured hand size of T..........:     65536
  |-- physical peak utilization..................:     20864   31.84%
Tile physical configured hand size of U..........:     65536
  |-- physical peak utilization..................:      5376    8.20%
Tile physical configured hand size of M..........:     65536
  |-- physical peak utilization..................:     11264   17.19%
Tile physical configured hand size of N..........:     65536
  |-- physical peak utilization..................:         0    0.00%
STID0 TileReg average occupied bytes.............:   8633.38
STID0 TileReg average utilization (%)............:    3.2934
STID0 virtual Tile average requested bytes.......:  36491.45
STID0 virtual Tile peak requested bytes..........:     96640
STID0 physical Tile peak occupied bytes..........:     36608
Tile size-class allocator enabled................:         1
Tile allocator unit size(B)......................:       128
Tile allocator requests..........................:       395
Tile allocator failures..........................:         0
Tile allocator successful requested units........:      2551
Tile allocator granted units.....................:      2551
Tile allocator class waste units.................:         0
Tile allocator split events......................:       246
Tile allocator merge events......................:       255
Tile allocator sum of per-thread peak(B).........:     36608
==============Block Control Stall Stats Total===============
BRob Full Stall..................................:      6706
RENAME Stall.....................................:         0
Block Rename Get Stall...........................:         0
Block Rename Set Stall...........................:         0
BIsq Full Stall .................................:         0
TileReg Full Stall ..............................:         0
============Block Control Stall Stats SThread 0=============
BRob Full Stall..................................:      6706
RENAME Stall.....................................:         0
Block Rename Get Stall...........................:         0
Block Rename Set Stall...........................:         0
BIsq Full Stall .................................:         0
TileReg Full Stall ..............................:         0
InternalAcc Credit Wait..........................:         0
internal_acc_chain_allocated.....................:         0
internal_acc_chain_completed.....................:         0
internal_acc_chain_flush_released................:         0
internal_acc_block_head..........................:         0
internal_acc_block_mid...........................:         0
internal_acc_block_tail..........................:         0
internal_acc_chain_order_wait_stall_cycles.......:         0
internal_acc_dispatch_queue_full_wait_cycles.....:         0
============CtlStack (BISQ park head, per-stid)=============
  CtlStackG_S0...................................:      4024
  CtlStackBIQFull_S0.............................:         0
  CtlStackPortBudget_S0..........................:         0
  CtlStackCellRename_S0..........................:         0
  CtlStackGroupGate_S0...........................:         0
  CtlStackTlsuBusy_S0............................:         0
  CtlStackPeCluster_S0...........................:         0
  CtlStackEmpty_S0...............................:   1054522
  CtlStackUnaccounted_S0.........................:         0
  CtlStackSyscallGate_S0.........................:         0
  CtlStackResidual_S0............................:         0
==============CtlStack0 (fetch slot, per-stid)==============
  CtlStack0G0_S0.................................:      4024
  CtlStack0Empty0_S0.............................:   1054522
  CtlStack0Held0_S0..............................:         0
  CtlStack0Residual_S0...........................:         0
==============CtlStack2 (BIQ dispatch, per-IQ)==============
  CtlStack2G_CUBE................................:        48
  CtlStack2Empty_CUBE............................:   1048724
  CtlStack2ReadyWait_CUBE........................:      9774
  CtlStack2DispQFull_CUBE........................:         0
  CtlStack2Unaccounted_CUBE......................:         0
  CtlStack2Residual_CUBE.........................:         0
  CtlStack2G_VEC_PE0.............................:       162
  CtlStack2Empty_VEC_PE0.........................:   1048162
  CtlStack2ReadyWait_VEC_PE0.....................:     10222
  CtlStack2DispQFull_VEC_PE0.....................:         0
  CtlStack2Unaccounted_VEC_PE0...................:         0
  CtlStack2Residual_VEC_PE0......................:         0
============TileCell lifetime by producer module============
  TileCell OccCellCycles_CUBE....................: 667110752
  TileCell FreedCells_CUBE.......................:         0
  TileCell AvgLifeCycles_CUBE....................:667110752.00
  TileCell MaxLifeCycles_CUBE....................:         0
  TileCell OccCellCycles_VEC.....................:    211826
  TileCell FreedCells_VEC........................:       438
  TileCell AvgLifeCycles_VEC.....................:    483.62
  TileCell MaxLifeCycles_VEC.....................:       868
  TileCell OccCellCycles_TLSU....................:18446744073141399819
  TileCell FreedCells_TLSU.......................:      2001
  TileCell AvgLifeCycles_TLSU....................:9218762655243078.00
  TileCell MaxLifeCycles_TLSU....................:    195295
  TileCell OccCellCycles_Other...................:         0
  TileCell FreedCells_Other......................:         0
  TileCell AvgLifeCycles_Other...................:      0.00
  TileCell MaxLifeCycles_Other...................:         0
==========GmmaGenSpread (lockstep 4-PE divergence)==========
  GenCount (4-PE complete).......................:         0
  IssueSpreadMean................................:       N/A
  IssueSpreadMax.................................:         0
  CompleteSpreadMean.............................:       N/A
  CompleteSpreadMax..............................:         0
  CompleteSpreadBucket_le4.......................:         0
  CompleteSpreadBucket_5to16.....................:         0
  CompleteSpreadBucket_17to64....................:         0
  CompleteSpreadBucket_gt64......................:         0
  FirstDivergenceGen (completeSpread>8)..........:         0
  FirstDivergenceCycle...........................:         0
  FirstDivergenceSpread..........................:         0
=====Block Control Detail Stats(Flush Statistics) Total=====
intra-block ld-st conflict.......................:         0
inter-block ld-st conflict.......................:         0
intra-block misp.................................:         0
inter-block misp.................................:       242
===Block Control Detail Stats(Flush Statistics) SThread 0===
intra-block ld-st conflict.......................:         0
inter-block ld-st conflict.......................:         0
intra-block misp.................................:         0
inter-block misp.................................:       242
=====================SPE OOO&IEX stats======================
decode inst bubble...............................:   6446793
average decode bundle............................:      0.00
Thread0 Pick Cnt.................................:   2020775
Thread0 rob stall cnt............................:    802472
decode pe rob stall..............................:         0
decode local gpr stall...........................:         0
inst buffer stall................................:         0
predicate reg stall..............................:         0
vector reg ptag stall............................:         0
vector local scalar reg stall....................:         0
retired ld inst..................................:    209612
retired st inst..................................:     13536
retired scalar inst..............................:   2012997
retired vector inst..............................:         0
retired div/sqrt inst............................:       512
MAPQ lg0 stall...................................:      8122
ROB lg0 stall....................................:    802472
Thread0 decode cycle.............................:    254531
Thread0 alloc cycle..............................:    254531
Thread0 rename cycle.............................:    254463
Thread0 d2_s1 dispatch cnt.......................:    265730
Thread0 slots_total..............................:   2036248
Thread0 slots_rob_allocated......................:   2020775
Thread0 slots_fe_bubble..........................:     15473
Thread0 slots_idle...............................:         0
Thread0 robStall.................................:   6419776
Thread0 retired_load.............................:    209612
Thread0 retired_store............................:     13536
Thread0 retired_innerJump........................:         0
Thread0 retiredAluInst...........................:   1789849
Thread0 retiredSAluInst..........................:   1789849
Thread0 retiredVAluInst..........................:         0
Thread0 retiredScalar............................:   2012997
Thread0 retiredVector............................:         0
Thread0 retiredDivSqrt...........................:       512
======================Vector PMU Stats======================
TileopNum........................................:       162
TCMPPackedTileNum................................:         0
TCMPFragmentExpected.............................:         0
TCMPFragmentCompleted............................:         0
TCMPFragmentCanceled.............................:         0
TCMPPackedCellWrites.............................:         0
TCMPPackWriteWaitCycles..........................:         0
TCMPFlushedTileNum...............................:         0
UopNum...........................................:       342
SplitCellCountMismatch...........................:         0
SplitPartialCellUopCount.........................:         0
SplitUopAvgPayloadBytes..........................:       N/A
UopQDispatch_INT.................................:         1
UopQReadyBypass_INT..............................:         0
UopQDispatchSrcBufFullCycles_INT.................:         0
UopQDispatchSrcBufFullBlockedCycles_INT..........:         0
VecSrcCellNotReadyCycles_INT.....................:        95
SharedReadPortWaitCycles_INT.....................:         0
UopQDispatch_FMA.................................:         0
UopQReadyBypass_FMA..............................:         0
UopQDispatchSrcBufFullCycles_FMA.................:         0
UopQDispatchSrcBufFullBlockedCycles_FMA..........:         0
VecSrcCellNotReadyCycles_FMA.....................:        94
SharedReadPortWaitCycles_FMA.....................:         0
UopQDispatch_LNEXP...............................:         0
UopQReadyBypass_LNEXP............................:         0
UopQDispatchSrcBufFullCycles_LNEXP...............:         0
UopQDispatchSrcBufFullBlockedCycles_LNEXP........:         0
VecSrcCellNotReadyCycles_LNEXP...................:         0
SharedReadPortWaitCycles_LNEXP...................:         0
CellReadMergedUops...............................:         0
StaticUopsIssued.................................:       341
StaticBoardBlockCycles...........................:         1
StaticWritebacks.................................:       341
EarlyWakeupFired.................................:       129
StaticDynPipeBlockCycles.........................:         4
DynStaticChainBlockCycles........................:         9
ExpandTagHits_INT................................:         0
ExpandTagMisses_INT..............................:         0
ExpandBankFills_INT..............................:         0
ExpandTempFills_INT..............................:         0
ExpandEvicts_INT.................................:         0
ExpandTagHits_FMA................................:         0
ExpandTagMisses_FMA..............................:         0
ExpandBankFills_FMA..............................:         0
ExpandTempFills_FMA..............................:         0
ExpandEvicts_FMA.................................:         0
ExpandTagHits_LNEXP..............................:         0
ExpandTagMisses_LNEXP............................:         0
ExpandBankFills_LNEXP............................:         0
ExpandTempFills_LNEXP............................:         0
ExpandEvicts_LNEXP...............................:         0
ExpandFillDrops..................................:         0
ExpandReadStaleFallbacks cls0....................:         0
ExpandReadStaleFallbacks cls1....................:         0
ExpandReadStaleFallbacks cls2....................:         0
LeSharedPortBlockCycles..........................:         0
LeSrc1CarrySkips.................................:         0
=======Static Path Bank Access / Conflict Attribution=======
  StaticBankReads Bank[0]........................:        56
  StaticBankReads Bank[1]........................:        26
  StaticBankReads Bank[2]........................:        45
  StaticBankReads Bank[3]........................:        28
  StaticBankReads Bank[4]........................:        56
  StaticBankReads Bank[5]........................:        24
  StaticBankReads Bank[6]........................:        44
  StaticBankReads Bank[7]........................:        24
  StaticDetectReadBlocks Bank[0].................:         5
  StaticDetectReadBlocks Bank[1].................:         2
  StaticDetectReadBlocks Bank[2].................:         2
  StaticDetectReadBlocks Bank[3].................:         2
  StaticDetectReadBlocks Bank[4].................:         4
  StaticDetectReadBlocks Bank[5].................:         3
  StaticDetectReadBlocks Bank[6].................:         3
  StaticDetectReadBlocks Bank[7].................:         3
  StaticDetectWriteBlocks Bank[0]................:         0
  StaticDetectWriteBlocks Bank[1]................:         0
  StaticDetectWriteBlocks Bank[2]................:         0
  StaticDetectWriteBlocks Bank[3]................:         0
  StaticDetectWriteBlocks Bank[4]................:         0
  StaticDetectWriteBlocks Bank[5]................:         0
  StaticDetectWriteBlocks Bank[6]................:         0
  StaticDetectWriteBlocks Bank[7]................:         0
  StaticIntYieldBlocks Bank[0]...................:         0
  StaticIntYieldBlocks Bank[1]...................:         0
  StaticIntYieldBlocks Bank[2]...................:         0
  StaticIntYieldBlocks Bank[3]...................:         0
  StaticIntYieldBlocks Bank[4]...................:         0
  StaticIntYieldBlocks Bank[5]...................:         0
  StaticIntYieldBlocks Bank[6]...................:         0
  StaticIntYieldBlocks Bank[7]...................:         0
  StaticBoardOccSum Bank[0]......................:      3342
  StaticBoardOccSum Bank[1]......................:      3090
  StaticBoardOccSum Bank[2]......................:      3418
  StaticBoardOccSum Bank[3]......................:      3108
  StaticBoardOccSum Bank[4]......................:      3299
  StaticBoardOccSum Bank[5]......................:      3072
  StaticBoardOccSum Bank[6]......................:      3385
  StaticBoardOccSum Bank[7]......................:      3048
  StaticBoardOccColSum Col[0]....................:      2532
  StaticBoardOccColSum Col[1]....................:      2532
  StaticBoardOccColSum Col[2]....................:      2532
  StaticBoardOccColSum Col[3]....................:      2254
  StaticBoardOccColSum Col[4]....................:      2229
  StaticBoardOccColSum Col[5]....................:      2229
  StaticBoardOccColSum Col[6]....................:      2229
  StaticBoardOccColSum Col[7]....................:      2229
  StaticBoardOccColSum Col[8]....................:      2229
  StaticBoardOccColSum Col[9]....................:      2229
  StaticBoardOccColSum Col[10]...................:      2229
  StaticBoardOccColSum Col[11]...................:       309
  StaticBoardOccColSum Col[12]...................:         0
  StaticBoardOccColSum Col[13]...................:         0
  StaticBoardOccColSum Col[14]...................:         0
  StaticBoardOccColSum Col[15]...................:         0
VecAluAcceptCycles_FMA...........................:       177
VecAluAcceptCycles_INT...........................:       133
VecAluAcceptCycles_LNEXP.........................:        32
VecTripleIssueCycles.............................:         0
VecDualIssueCycles...............................:        21
VecSingleIssueCycles.............................:       300
VecIdleIssueCycles...............................:   1058225
CellReadMergeSaved...............................:         0
SrcBufBypassIssue................................:         0
SplitRawGateBlocked..............................:         0
SplitNoFreeSlotCycles............................:         0
IPC(UOP).........................................:  0.000323
RowExpandTileNum.................................:         0
RowExpandUopSplit................................:         0
RowExpandSrc0CellRegReadNum......................:         0
RowExpandBroadcastCellRegReadNum.................:         0
RowExpandBroadcastBufferHitNum...................:         0
RowExpandBroadcastOwnerDeliveryNum...............:         0
RowExpandBroadcastCacheFillNum...................:         0
RowExpandBroadcastWaitCycles.....................:         0
RowExpandReadPortWaitCycles......................:         0
RowExpandSourceResponseWaitUopCycles.............:         0
RowExpandCompletedTileNum........................:         0
RowExpandFlushedTileNum..........................:         0
RowExpandStaleResponseNum........................:         0
RowReduceTileNum.................................:         0
RowReduceLayerNum................................:         0
RowReduceUopSplit................................:         0
RowReduceUopDone.................................:         0
RowReduceRootWriteNum............................:         0
RowReduceFlushedTileNum..........................:         0
RowReduceEntryUnavailableCycles..................:         0
RowReduceSplitBandwidthWaitTileCycles............:         0
RowReduceSrcBufFullTileCycles....................:         0
RowReduceLayerWaitTileCycles.....................:         0
RowReduceLayerPublishWaitTileCycles..............:         0
RowReduceReadPortWaitUopCycles...................:         0
RowReduceSourceResponseWaitUopCycles.............:         0
RowReduceIssueIntervalWaitUopCycles..............:         0
RowReduceSameGroupWaitUopCycles..................:         0
RowReduceExecPipeFullUopCycles...................:         0
RowReduceRootDstBufWaitTileCycles................:         0
RowReduceRootWritePortWaitCycles.................:         0
RowReduceRootWriteResponseWaitCycles.............:         0
RowReduceSrcNotReadyCycles.......................:         0
RowReduceTEMPForwardHits.........................:         0
RowReduceCellFallbackReads.......................:         0
RedTempMacroNum..................................:         0
RedTempChainUopSplit.............................:         0
RedTempMergeUopSplit.............................:         0
RedTempUopDone...................................:         0
RedTempRootWriteNum..............................:         0
RedTempCountBlocks...............................:         0
RedTempSerialBlocks..............................:         0
RedTempFlushedMacroNum...........................:         0
TcvtChainSeqBlocks...............................:         0
RedTempWrite_T0..................................:         0
RedTempWrite_T1..................................:         0
RedTempWrite_T2..................................:         0
RedTempWrite_T3..................................:         0
RedTempWrite_T4..................................:         0
RedTempWrite_T5..................................:         0
HybridCountGatedTiles............................:         0
HybridCountGateBlocks............................:         0
HybridCountNotified..............................:         0
ReadNum..........................................:         0
CellReadAccessTotal..............................:       303
CellReadAccess_INT...............................:       121
CellReadAccess_FMA...............................:       182
CellReadAccess_LNEXP.............................:         0
ReadLat..........................................:      0.00
  |--LatLE5......................................:         0
  |--LatLE10.....................................:         0
  |--LatLE15.....................................:         0
  |--LatGT15.....................................:         0
WriteNum.........................................:        33
CellWriteAccessTotal.............................:       342
CellWriteAccess_INT..............................:       133
CellWriteAccess_FMA..............................:       177
CellWriteAccess_LNEXP............................:        32
TempForwardHits_INT..............................:         9
TempForwardHits_FMA..............................:        27
TempForwardHits_LNEXP............................:        32
TempForwardMisses_INT............................:       121
TempForwardMisses_FMA............................:       182
TempForwardMisses_LNEXP..........................:         0
ExpandTagHits_INT................................:         0
ExpandTagHits_FMA................................:         0
ExpandTagHits_LNEXP..............................:         0
ExpandTagMisses_INT..............................:         0
ExpandTagMisses_FMA..............................:         0
ExpandTagMisses_LNEXP............................:         0
ExpandBankFills_INT..............................:         0
ExpandBankFills_FMA..............................:         0
ExpandBankFills_LNEXP............................:         0
ExpandTempFills_INT..............................:         0
ExpandTempFills_FMA..............................:         0
ExpandTempFills_LNEXP............................:         0
ExpandEvicts_INT.................................:         0
ExpandEvicts_FMA.................................:         0
ExpandEvicts_LNEXP...............................:         0
LeSharedPortBlockCycles..........................:         0
WriteLat.........................................:      1.03
  |--LatLE5......................................:        33
  |--LatLE10.....................................:         0
  |--LatLE15.....................................:         0
  |--LatGT15.....................................:         0
AccountExpCellReads_INT..........................:       130
AccountExpCellReads_FMA..........................:       209
AccountExpCellReads_LNEXP........................:        32
AccountExpRedTempReads...........................:         0
AccountRedTempReads..............................:         0
AccountExpCellWrites_INT.........................:       133
AccountExpCellWrites_FMA.........................:       177
AccountExpCellWrites_LNEXP.......................:        32
AccountExpRedTempWrites..........................:         0
AccountExpReadsTotal.............................:       371
AccountActReadsTotal.............................:       371
AccountReadDelta.................................:      0.00
AccountExpWritesTotal............................:       342
AccountActWritesTotal............................:       342
AccountWriteDelta................................:      0.00
========================VecUtilStack========================
UtilStackW_INT...................................:       133
UtilStackO_INT...................................:         1
UtilStackA_INT...................................:         0
UtilStackD_INT...................................:         2
UtilStackI_INT...................................:        12
UtilStackS_INT...................................:   1058398
UtilStackUnaccounted_INT.........................:         0
UtilStackW_FMA...................................:       177
UtilStackO_FMA...................................:         3
UtilStackA_FMA...................................:         0
UtilStackD_FMA...................................:         0
UtilStackI_FMA...................................:         0
UtilStackS_FMA...................................:   1058366
UtilStackUnaccounted_FMA.........................:         0
UtilStackW_LNEXP.................................:        32
UtilStackO_LNEXP.................................:         0
UtilStackA_LNEXP.................................:        17
UtilStackD_LNEXP.................................:         0
UtilStackI_LNEXP.................................:         0
UtilStackS_LNEXP.................................:   1058497
UtilStackUnaccounted_LNEXP.......................:         0
UtilStackW_SHARED................................:         0
UtilStackO_SHARED................................:         0
UtilStackA_SHARED................................:         0
UtilStackD_SHARED................................:         0
UtilStackI_SHARED................................:         0
UtilStackS_SHARED................................:   1058546
UtilStackUnaccounted_SHARED......................:         0
UtilStackCycles..................................:   1058546
UtilStackVecBusy.................................:      1986
UtilStackVecExposed..............................:      1821
  UtilStackSub_O_DstWriteCfl_INT.................:         0
  UtilStackSub_O_BankCfl_INT.....................:         1
  UtilStackSub_O_SharedPort_INT..................:         0
  UtilStackSub_O_YieldFma_INT....................:         0
  UtilStackSub_O_LePort_INT......................:         0
  UtilStackSub_A_RedTempMacro_INT................:         0
  UtilStackSub_A_LeThrottle_INT..................:         0
  UtilStackSub_A_LeFifoFull_INT..................:         0
  UtilStackSub_A_IiCool_INT......................:         0
  UtilStackSub_A_DstbufFull_INT..................:         0
  UtilStackSub_A_PipeFull_INT....................:         0
  UtilStackSub_D_StaticSrc_INT...................:         0
  UtilStackSub_D_RedTempCount_INT................:         0
  UtilStackSub_D_DynSrcbuf_INT...................:         2
  UtilStackSubO_Reconcile_INT....................:      0.00
  UtilStackSubA_Reconcile_INT....................:      0.00
  UtilStackSubD_Reconcile_INT....................:      0.00
  UtilStackSub_O_DstWriteCfl_FMA.................:         0
  UtilStackSub_O_BankCfl_FMA.....................:         3
  UtilStackSub_O_SharedPort_FMA..................:         0
  UtilStackSub_O_YieldFma_FMA....................:         0
  UtilStackSub_O_LePort_FMA......................:         0
  UtilStackSub_A_RedTempMacro_FMA................:         0
  UtilStackSub_A_LeThrottle_FMA..................:         0
  UtilStackSub_A_LeFifoFull_FMA..................:         0
  UtilStackSub_A_IiCool_FMA......................:         0
  UtilStackSub_A_DstbufFull_FMA..................:         0
  UtilStackSub_A_PipeFull_FMA....................:         0
  UtilStackSub_D_StaticSrc_FMA...................:         0
  UtilStackSub_D_RedTempCount_FMA................:         0
  UtilStackSub_D_DynSrcbuf_FMA...................:         0
  UtilStackSubO_Reconcile_FMA....................:      0.00
  UtilStackSubA_Reconcile_FMA....................:      0.00
  UtilStackSubD_Reconcile_FMA....................:      0.00
  UtilStackSub_O_DstWriteCfl_LNEXP...............:         0
  UtilStackSub_O_BankCfl_LNEXP...................:         0
  UtilStackSub_O_SharedPort_LNEXP................:         0
  UtilStackSub_O_YieldFma_LNEXP..................:         0
  UtilStackSub_O_LePort_LNEXP....................:         0
  UtilStackSub_A_RedTempMacro_LNEXP..............:         0
  UtilStackSub_A_LeThrottle_LNEXP................:        17
  UtilStackSub_A_LeFifoFull_LNEXP................:         0
  UtilStackSub_A_IiCool_LNEXP....................:         0
  UtilStackSub_A_DstbufFull_LNEXP................:         0
  UtilStackSub_A_PipeFull_LNEXP..................:         0
  UtilStackSub_D_StaticSrc_LNEXP.................:         0
  UtilStackSub_D_RedTempCount_LNEXP..............:         0
  UtilStackSub_D_DynSrcbuf_LNEXP.................:         0
  UtilStackSubO_Reconcile_LNEXP..................:      0.00
  UtilStackSubA_Reconcile_LNEXP..................:      0.00
  UtilStackSubD_Reconcile_LNEXP..................:      0.00
  UtilStackSub_O_DstWriteCfl_SHARED..............:         0
  UtilStackSub_O_BankCfl_SHARED..................:         0
  UtilStackSub_O_SharedPort_SHARED...............:         0
  UtilStackSub_O_YieldFma_SHARED.................:         0
  UtilStackSub_O_LePort_SHARED...................:         0
  UtilStackSub_A_RedTempMacro_SHARED.............:         0
  UtilStackSub_A_LeThrottle_SHARED...............:         0
  UtilStackSub_A_LeFifoFull_SHARED...............:         0
  UtilStackSub_A_IiCool_SHARED...................:         0
  UtilStackSub_A_DstbufFull_SHARED...............:         0
  UtilStackSub_A_PipeFull_SHARED.................:         0
  UtilStackSub_D_StaticSrc_SHARED................:         0
  UtilStackSub_D_RedTempCount_SHARED.............:         0
  UtilStackSub_D_DynSrcbuf_SHARED................:         0
  UtilStackSubO_Reconcile_SHARED.................:      0.00
  UtilStackSubA_Reconcile_SHARED.................:      0.00
  UtilStackSubD_Reconcile_SHARED.................:      0.00
  UtilStackOBlocker_None_INT.....................:         0
  UtilStackOBlocker_FmaRead_INT..................:         0
  UtilStackOBlocker_IntRead_INT..................:         0
  UtilStackOBlocker_LeRead_INT...................:         0
  UtilStackOBlocker_FmaWrite_INT.................:         0
  UtilStackOBlocker_IntWrite_INT.................:         0
  UtilStackOBlocker_CubeRead_INT.................:         1
  UtilStackOBlocker_CubeWrite_INT................:         0
  UtilStackOBlocker_LeWrite_INT..................:         0
  UtilStackOBlocker_Reconcile_INT................:      0.00
  UtilStackOBlocker_None_FMA.....................:         0
  UtilStackOBlocker_FmaRead_FMA..................:         0
  UtilStackOBlocker_IntRead_FMA..................:         0
  UtilStackOBlocker_LeRead_FMA...................:         0
  UtilStackOBlocker_FmaWrite_FMA.................:         2
  UtilStackOBlocker_IntWrite_FMA.................:         1
  UtilStackOBlocker_CubeRead_FMA.................:         0
  UtilStackOBlocker_CubeWrite_FMA................:         0
  UtilStackOBlocker_LeWrite_FMA..................:         0
  UtilStackOBlocker_Reconcile_FMA................:      0.00
  UtilStackOBlocker_None_LNEXP...................:         0
  UtilStackOBlocker_FmaRead_LNEXP................:         0
  UtilStackOBlocker_IntRead_LNEXP................:         0
  UtilStackOBlocker_LeRead_LNEXP.................:         0
  UtilStackOBlocker_FmaWrite_LNEXP...............:         0
  UtilStackOBlocker_IntWrite_LNEXP...............:         0
  UtilStackOBlocker_CubeRead_LNEXP...............:         0
  UtilStackOBlocker_CubeWrite_LNEXP..............:         0
  UtilStackOBlocker_LeWrite_LNEXP................:         0
  UtilStackOBlocker_Reconcile_LNEXP..............:      0.00
  UtilStackOBlocker_None_SHARED..................:         0
  UtilStackOBlocker_FmaRead_SHARED...............:         0
  UtilStackOBlocker_IntRead_SHARED...............:         0
  UtilStackOBlocker_LeRead_SHARED................:         0
  UtilStackOBlocker_FmaWrite_SHARED..............:         0
  UtilStackOBlocker_IntWrite_SHARED..............:         0
  UtilStackOBlocker_CubeRead_SHARED..............:         0
  UtilStackOBlocker_CubeWrite_SHARED.............:         0
  UtilStackOBlocker_LeWrite_SHARED...............:         0
  UtilStackOBlocker_Reconcile_SHARED.............:      0.00
YieldFmaReadCycles...............................:         0
YieldFmaWriteCycles..............................:         0
UtilStackHideRatio...............................:      0.08
UtilStackHideRatioStrict.........................:      0.00
  UtilStackIssueCombo_None.......................:   1058225
  UtilStackIssueCombo_INT........................:       112
  UtilStackIssueCombo_FMA........................:       156
  UtilStackIssueCombo_INT+FMA....................:        21
  UtilStackIssueCombo_LE.........................:        32
  UtilStackIssueCombo_INT+LE.....................:         0
  UtilStackIssueCombo_FMA+LE.....................:         0
  UtilStackIssueCombo_INT+FMA+LE.................:         0
  UtilStackIssueCombo_SH.........................:         0
  UtilStackIssueCombo_INT+SH.....................:         0
  UtilStackIssueCombo_FMA+SH.....................:         0
  UtilStackIssueCombo_INT+FMA+SH.................:         0
  UtilStackIssueCombo_LE+SH......................:         0
  UtilStackIssueCombo_INT+LE+SH..................:         0
  UtilStackIssueCombo_FMA+LE+SH..................:         0
  UtilStackIssueCombo_INT+FMA+LE+SH..............:         0
  UtilStackIssueCombo_Reconcile..................:      0.00
  UtilStackIssueEvent_Reconcile..................:      0.00
UtilStackMultiIssueProb..........................:      0.07
UtilStackAvgIssueRate............................:      0.00
UtilStackIssueWidthUtil..........................:      0.00
===============CellReg Bank Arbitration Stats===============
Bank Active Cycles (>=1 pending).................:      1062
  |--Bank Conflict Cycles (>=2 pending)..........:         0    0.00%
  |--Bank Urgent(aged) Cycles....................:         0
Bank Grants (winners) Total......................:       952
Bank Lose (non-winner waits) Total...............:       110
Bank Port-Yield (no free channel) Total..........:       110
Total Served Read Bytes..........................:     45392
Total Served Write Bytes.........................:     72192
  |--RQ_CUBE Win.................................:         0
  |--RQ_CUBE Lose................................:         0     N/A
  |--RQ_CUBE PortYield...........................:         0
  |--RQ_CUBE Served Bytes........................:         0
  |--RQ_VEC Win..................................:         0
  |--RQ_VEC Lose.................................:         0     N/A
  |--RQ_VEC PortYield............................:         0
  |--RQ_VEC Served Bytes.........................:         0
  |--RQ_TLSU Win.................................:       356
  |--RQ_TLSU Lose................................:         0    0.00%
  |--RQ_TLSU PortYield...........................:         0
  |--RQ_TLSU Served Bytes........................:     45392
  |--WQ_CUBE Win.................................:         0
  |--WQ_CUBE Lose................................:         0     N/A
  |--WQ_CUBE PortYield...........................:         0
  |--WQ_CUBE Served Bytes........................:         0
  |--WQ_VEC Win..................................:         1
  |--WQ_VEC Lose.................................:         0    0.00%
  |--WQ_VEC PortYield............................:         0
  |--WQ_VEC Served Bytes.........................:       128
  |--WQ_VEC_LNEXP Win............................:        32
  |--WQ_VEC_LNEXP Lose...........................:         1    3.03%
  |--WQ_VEC_LNEXP PortYield......................:         1
  |--WQ_VEC_LNEXP Served Bytes...................:      4096
  |--WQ_TLSU Win.................................:       563
  |--WQ_TLSU Lose................................:       109   16.22%
  |--WQ_TLSU PortYield...........................:       109
  |--WQ_TLSU Served Bytes........................:     72064
==============CellReg CUBE Bank-Group Backlog===============
WQ_CUBE active cycles............................:         0
  |--WQ_CUBE cross-group cycles..................:         0     N/A
RQ_CUBE active cycles............................:         0
  |--RQ_CUBE cross-group cycles..................:         0     N/A
CUBE Rd+Wr concurrent cycles.....................:         0
  |--Rd/Wr different-group cycles................:         0     N/A
  |--Wr-starved-by-Rd cycles (each owns a group).:         0     N/A
Direct OOR access dropped (pool end).............:         0
===========CellReg Per-Bank Conflict Distribution===========
  Bank[0] conflict cycles........................:         0     N/A
  Bank[1] conflict cycles........................:         0     N/A
  Bank[2] conflict cycles........................:         0     N/A
  Bank[3] conflict cycles........................:         0     N/A
  Bank[4] conflict cycles........................:         0     N/A
  Bank[5] conflict cycles........................:         0     N/A
  Bank[6] conflict cycles........................:         0     N/A
  Bank[7] conflict cycles........................:         0     N/A
==================SuperScalar Report Stop===================
======================Syscall Barrier=======================
sb_requested.....................................:         1
sb_executed......................................:         0
sb_canceled......................................:         0
sb_stashed.......................................:         0
sb_stash_overflow................................:         0
sb_pending.......................................:         1
sb_phase_idle....................................:   1058517
sb_phase_pre_commit..............................:        29
sb_phase_quiet_wait..............................:         0
sb_phase_gate_all................................:         0
sb_phase_draining................................:         0
sb_phase_executing...............................:         0
syscall_owner_precommit_wait.....................:        29
syscall_worker_quiet_wait........................:         0
syscall_worker_quiet_cycles_total................:         0
syscall_worker_quiet_cycles_max..................:         0
syscall_commit_wait..............................:         0
syscall_l1_scb_drain_wait........................:         0
syscall_sl2_drain_wait...........................:         0
drain_wait.......................................:         0
syscall_drain_progress_timeout...................:         0
sb_T_complete....................................:      9998
sb_T_deadlock_effective..........................:      9999
sb_last_progress_cycle...........................:         0
sb_lockstep_enabled..............................:         0
sb_lockstep_registered...........................:         0
sb_lockstep_blocks...............................:         0
sb_lockstep_executes.............................:         0
sb_lockstep_withdraw_startup.....................:         0
sb_lockstep_withdraw_flush.......................:         0
sb_lockstep_overflow.............................:         0
sb_lockstep_and_timeout..........................:         0
sb_lockstep_hold_cycles..........................:         0
sb_lockstep_exit_parks...........................:         0
syscall_post_ecall_issue_rejects.................:         0
syscall_bstop_admission_rejects..................:         0
sb_lockstep_held_now.............................:         0
linx_test_finisher write addr=0x10009000 val=0x5555 pass
