./bin/gfrun -f /mnt/workspace/projects/1009_SuperNPUBench_v2/SuperNPUBench/benchmark/one-level-arch/output/solution/mega_moe/elf/solution_mega_moe_mega_moe_sim_mt_BS16_H32_HD64.elf 
Memory: 0x10200 - 0x102e8 (Size=0KB) [.rodata]
Memory: 0x102ec - 0x1032f (Size=0KB) [.eh_frame_hdr]
Memory: 0x10330 - 0x10433 (Size=0KB) [.eh_frame]
Memory: 0x11434 - 0x139e3 (Size=9KB) [.text]
Memory: 0x149e8 - 0x14aa7 (Size=0KB) [.init_array]
Memory: 0x14aa8 - 0x14abf (Size=0KB) [.data.rel.ro]
Memory: 0x18000 - 0x5c317 (Size=272KB) [.bss]
Memory: 0x5d000 - 0x5e0c7 (Size=4KB) [.sbss]
Memory: 0x5e0d0 - 0x806e0d0 (Size=131136KB) [stack mem]
Memory: 0x4000802000 - 0x4008803000 (Size=131076KB) [map mem]
Starting PE0 from 0x11434

Thread:0Total Block number = 78885
Thread:0Total Inst number = 749496
Thread:1Total Block number = 78883
Thread:1Total Inst number = 438543
Thread:2Total Block number = 78883
Thread:2Total Inst number = 438799
Thread:3Total Block number = 78883
Thread:3Total Inst number = 439053

Total Block number = 315534
Total Inst number = 2065891
Suaccelss to Reach the End of Benchmark! R2 = 0
