M2789564|TPC:0x126c4  I1     T0 L0  |t:0x596c4                  |290816                     |                           |                           |addtpc 290816 -> t |bin: 0x47f87
M2789565|TPC:0x126c8  I2     T0 L0  |t:0x5555                   |t#1:0x596c4                |-1716                      |                           |lwi.u t#1, -1716 -> t |bin: 0x94cc2fa9 AccMemAddr 0x59010
M2789566|TPC:0x126cc  I3     T0 L0  |t:0x10009000               |268472320                  |                           |                           |lui 268472320 -> t |bin: 0x10009f97
M2789567|TPC:0x126d0  I4     T0 L0  |None                       |t#2:0x5555                 |t#1:0x10009000             |[zero<<2]:0x0              |sw t#2, t#1, [zero<<2] |bin: 0xc80c2049 AccMemAddr 0x10009000
M2789568|TPC:0x126d4  I5     T0 L0  |t:0x0                      |sp:0x8085dd0               |240                        |                           |ldi sp, 240 -> t |bin: 0x1e0bf99 AccMemAddr 0x8085ec0
M2789569|TPC:0x126d8  I6     T0 L0  |a0:0x0                     |zero:0x0                   |[t#1.sw]:0x0               |                           |or zero, [t#1.sw] -> a0 |bin: 0x3803105

B256215  T1 BPC 0x11378 [STD] [FALL] BNext 0x11378
M1410669|TPC:0x11378  I0     T1 L0  |None                       |0x0                        |0x1                        |0x0                        |C.BSTART.STD |bin: 0x800
M1410670|TPC:0x1137a  I1     T1 L0  |x1:0x5e                    |zero:0x0                   |0x5e                       |                           |addi zero, 0x5e -> x1 |bin: 0x5e00a95
M1410671|TPC:0x1137e  I2     T1 L0  |None                       |0x1                        |                           |                           |ACRC 0x1 |bin: 0x10302b

B256215  T2 BPC 0x126dc [STD] [RET] [FRET_STK] [ra ~ s8], sp! 768 BNext 0x0
M1411802|TPC:0x126dc  I0     T2 L0  |None                       |0x300                      |0xa                        |0x13                       |FRET_STK [ra ~ s8], sp!, 0x300 |bin: 0xc1353041
M1411803|TPC:0x126e0  I1     T2 L0  |None                       |                           |                           |                           |C.BSTOP |bin: 0x800

B256215  T3 BPC 0x126c2 [STD] [FALL] BNext 0x126c2
M1412533|TPC:0x126c2  I0     T3 L0  |None                       |0x0                        |0x1                        |0x0                        |C.BSTART.STD |bin: 0x800
M1412534|TPC:0x126c4  I1     T3 L0  |t:0x596c4                  |290816                     |                           |                           |addtpc 290816 -> t |bin: 0x47f87
M1412535|TPC:0x126c8  I2     T3 L0  |t:0x5555                   |t#1:0x596c4                |-1716                      |                           |lwi.u t#1, -1716 -> t |bin: 0x94cc2fa9 AccMemAddr 0x59010
M1412536|TPC:0x126cc  I3     T3 L0  |t:0x10009000               |268472320                  |                           |                           |lui 268472320 -> t |bin: 0x10009f97
M1412537|TPC:0x126d0  I4     T3 L0  |None                       |t#2:0x5555                 |t#1:0x10009000             |[zero<<2]:0x0              |sw t#2, t#1, [zero<<2] |bin: 0xc80c2049 AccMemAddr 0x10009000
M1412538|TPC:0x126d4  I5     T3 L0  |t:0x0                      |sp:0x200b5dd0              |240                        |                           |ldi sp, 240 -> t |bin: 0x1e0bf99 AccMemAddr 0x200b5ec0
M1412539|TPC:0x126d8  I6     T3 L0  |a0:0x0                     |zero:0x0                   |[t#1.sw]:0x0               |                           |or zero, [t#1.sw] -> a0 |bin: 0x3803105

B256216  T0 BPC 0x126dc [STD] [RET] [FRET_STK] [ra ~ s8], sp! 768 BNext 0x0
M2789570|TPC:0x126dc  I0     T0 L0  |None                       |0x300                      |0xa                        |0x13                       |FRET_STK [ra ~ s8], sp!, 0x300 |bin: 0xc1353041
M2789571|TPC:0x126e0  I1     T0 L0  |None                       |                           |                           |                           |C.BSTOP |bin: 0x800

B256216  T2 BPC 0x11378 [STD] [FALL] BNext 0x11378
M1411804|TPC:0x11378  I0     T2 L0  |None                       |0x0                        |0x1                        |0x0                        |C.BSTART.STD |bin: 0x800
M1411805|TPC:0x1137a  I1     T2 L0  |x1:0x5e                    |zero:0x0                   |0x5e                       |                           |addi zero, 0x5e -> x1 |bin: 0x5e00a95
M1411806|TPC:0x1137e  I2     T2 L0  |None                       |0x1                        |                           |                           |ACRC 0x1 |bin: 0x10302b

B256216  T3 BPC 0x126dc [STD] [RET] [FRET_STK] [ra ~ s8], sp! 768 BNext 0x0
M1412540|TPC:0x126dc  I0     T3 L0  |None                       |0x300                      |0xa                        |0x13                       |FRET_STK [ra ~ s8], sp!, 0x300 |bin: 0xc1353041
M1412541|TPC:0x126e0  I1     T3 L0  |None                       |                           |                           |                           |C.BSTOP |bin: 0x800

B256217  T0 BPC 0x11378 [STD] [FALL] BNext 0x11378
M2789572|TPC:0x11378  I0     T0 L0  |None                       |0x0                        |0x1                        |0x0                        |C.BSTART.STD |bin: 0x800
M2789573|TPC:0x1137a  I1     T0 L0  |x1:0x5e                    |zero:0x0                   |0x5e                       |                           |addi zero, 0x5e -> x1 |bin: 0x5e00a95
M2789574|TPC:0x1137e  I2     T0 L0  |None                       |0x1                        |                           |                           |ACRC 0x1 |bin: 0x10302b

B256217  T3 BPC 0x11378 [STD] [FALL] BNext 0x11378
M1412542|TPC:0x11378  I0     T3 L0  |None                       |0x0                        |0x1                        |0x0                        |C.BSTART.STD |bin: 0x800
M1412543|TPC:0x1137a  I1     T3 L0  |x1:0x5e                    |zero:0x0                   |0x5e                       |                           |addi zero, 0x5e -> x1 |bin: 0x5e00a95
M1412544|TPC:0x1137e  I2     T3 L0  |None                       |0x1                        |                           |                           |ACRC 0x1 |bin: 0x10302b

Thread:0Total Block number = 256217
Thread:0Total Inst number = 2789575
Thread:1Total Block number = 256215
Thread:1Total Inst number = 1410672
Thread:2Total Block number = 256216
Thread:2Total Inst number = 1411807
Thread:3Total Block number = 256217
Thread:3Total Inst number = 1412545

Total Block number = 1024865
Total Inst number = 7024599
Suaccelss to Reach the End of Benchmark! R2 = 0
