M998145 |TPC:0x11ec8  I0     T0 L0  |None                       |0                          |                           |                           |C.BSTART.STD COND, 0x11ec8 |bin: 0x4
M998146 |TPC:0x11eca  I1     T0 L0  |t:0x3feca                  |188416                     |                           |                           |addtpc 188416 -> t |bin: 0x2ef87
M998147 |TPC:0x11ece  I2     T0 L0  |t:0x2                      |t#1:0x3feca                |322                        |                           |lwi.u t#1, 322 -> t |bin: 0x142c2fa9 AccMemAddr 0x4000c
M998148 |TPC:0x11ed2  I3     T0 L0  |None                       |t#1:0x2                    |0x2                        |                           |setc.ltui t#1, 0x2 |bin: 0x2c6075

B86937  T1 BPC 0x11ee8 [STD] [RET] [FRET_STK] [ra ~ s2], sp! 1280 BNext 0x0
M686944 |TPC:0x11ee8  I0     T1 L0  |None                       |0x500                      |0xa                        |0xd                        |FRET_STK [ra ~ s2], sp!, 0x500 |bin: 0x40d530c1
M686945 |TPC:0x11eec  I1     T1 L0  |None                       |                           |                           |                           |C.BSTOP |bin: 0x800

B86937  T2 BPC 0x11ee8 [STD] [RET] [FRET_STK] [ra ~ s2], sp! 1280 BNext 0x0
M686944 |TPC:0x11ee8  I0     T2 L0  |None                       |0x500                      |0xa                        |0xd                        |FRET_STK [ra ~ s2], sp!, 0x500 |bin: 0x40d530c1
M686945 |TPC:0x11eec  I1     T2 L0  |None                       |                           |                           |                           |C.BSTOP |bin: 0x800

B86937  T3 BPC 0x11ee8 [STD] [RET] [FRET_STK] [ra ~ s2], sp! 1280 BNext 0x0
M686944 |TPC:0x11ee8  I0     T3 L0  |None                       |0x500                      |0xa                        |0xd                        |FRET_STK [ra ~ s2], sp!, 0x500 |bin: 0x40d530c1
M686945 |TPC:0x11eec  I1     T3 L0  |None                       |                           |                           |                           |C.BSTOP |bin: 0x800

B86938  T0 BPC 0x11ed6 [STD] [FALL] BNext 0x11ed6
M998149 |TPC:0x11ed6  I0     T0 L0  |None                       |0x0                        |0x1                        |0x0                        |C.BSTART.STD |bin: 0x800
M998150 |TPC:0x11ed8  I1     T0 L0  |t:0x3fed8                  |188416                     |                           |                           |addtpc 188416 -> t |bin: 0x2ef87
M998151 |TPC:0x11edc  I2     T0 L0  |t:0x5555                   |t#1:0x3fed8                |312                        |                           |lwi.u t#1, 312 -> t |bin: 0x138c2fa9 AccMemAddr 0x40010
M998152 |TPC:0x11ee0  I3     T0 L0  |t:0x10009000               |268472320                  |                           |                           |lui 268472320 -> t |bin: 0x10009f97
M998153 |TPC:0x11ee4  I4     T0 L0  |None                       |t#2:0x5555                 |t#1:0x10009000             |[zero<<2]:0x0              |sw t#2, t#1, [zero<<2] |bin: 0xc80c2049 AccMemAddr 0x10009000

B86938  T1 BPC 0x11438 [STD] [FALL] BNext 0x11438
M686946 |TPC:0x11438  I0     T1 L0  |None                       |0x0                        |0x1                        |0x0                        |C.BSTART.STD |bin: 0x800
M686947 |TPC:0x1143a  I1     T1 L0  |x1:0x5e                    |zero:0x0                   |0x5e                       |                           |addi zero, 0x5e -> x1 |bin: 0x5e00a95
M686948 |TPC:0x1143e  I2     T1 L0  |None                       |0x1                        |                           |                           |ACRC 0x1 |bin: 0x10302b

B86938  T2 BPC 0x11438 [STD] [FALL] BNext 0x11438
M686946 |TPC:0x11438  I0     T2 L0  |None                       |0x0                        |0x1                        |0x0                        |C.BSTART.STD |bin: 0x800
M686947 |TPC:0x1143a  I1     T2 L0  |x1:0x5e                    |zero:0x0                   |0x5e                       |                           |addi zero, 0x5e -> x1 |bin: 0x5e00a95
M686948 |TPC:0x1143e  I2     T2 L0  |None                       |0x1                        |                           |                           |ACRC 0x1 |bin: 0x10302b

B86938  T3 BPC 0x11438 [STD] [FALL] BNext 0x11438
M686946 |TPC:0x11438  I0     T3 L0  |None                       |0x0                        |0x1                        |0x0                        |C.BSTART.STD |bin: 0x800
M686947 |TPC:0x1143a  I1     T3 L0  |x1:0x5e                    |zero:0x0                   |0x5e                       |                           |addi zero, 0x5e -> x1 |bin: 0x5e00a95
M686948 |TPC:0x1143e  I2     T3 L0  |None                       |0x1                        |                           |                           |ACRC 0x1 |bin: 0x10302b

B86939  T0 BPC 0x11ee8 [STD] [RET] [FRET_STK] [ra ~ s2], sp! 1280 BNext 0x0
M998154 |TPC:0x11ee8  I0     T0 L0  |None                       |0x500                      |0xa                        |0xd                        |FRET_STK [ra ~ s2], sp!, 0x500 |bin: 0x40d530c1
M998155 |TPC:0x11eec  I1     T0 L0  |None                       |                           |                           |                           |C.BSTOP |bin: 0x800

B86940  T0 BPC 0x11438 [STD] [FALL] BNext 0x11438
M998156 |TPC:0x11438  I0     T0 L0  |None                       |0x0                        |0x1                        |0x0                        |C.BSTART.STD |bin: 0x800
M998157 |TPC:0x1143a  I1     T0 L0  |x1:0x5e                    |zero:0x0                   |0x5e                       |                           |addi zero, 0x5e -> x1 |bin: 0x5e00a95
M998158 |TPC:0x1143e  I2     T0 L0  |None                       |0x1                        |                           |                           |ACRC 0x1 |bin: 0x10302b

Thread:0Total Block number = 86940
Thread:0Total Inst number = 998159
Thread:1Total Block number = 86938
Thread:1Total Inst number = 686949
Thread:2Total Block number = 86938
Thread:2Total Inst number = 686949
Thread:3Total Block number = 86938
Thread:3Total Inst number = 686949

Total Block number = 347754
Total Inst number = 3059006
Suaccelss to Reach the End of Benchmark! R2 = 0
