./bin/gfsim -f /mnt/workspace/projects/1009_SuperNPUBench_v2/SuperNPUBench/benchmark/one-level-arch/output/solution/moe_combine/elf/solution_moe_combine_moe_combine_v2.elf --pto-v02 true -s tlsu.fake_l2_enable=false 
[gfsim] ELF auto-detect: single-PE; using default config
Override configurations:
tlsu.fake_l2_enable=false
Memory: 0x10200 - 0x10250 (Size=0KB) [.rodata]
Memory: 0x10254 - 0x10277 (Size=0KB) [.eh_frame_hdr]
Memory: 0x10278 - 0x102e3 (Size=0KB) [.eh_frame]
Memory: 0x112e4 - 0x117e9 (Size=1KB) [.text]
Memory: 0x127f0 - 0x1280f (Size=0KB) [.init_array]
Memory: 0x12810 - 0x12827 (Size=0KB) [.data.rel.ro]
Memory: 0x14000 - 0x2685b (Size=74KB) [.bss]
Memory: 0x26860 - 0x2687f (Size=0KB) [.sbss]
Memory: 0x26880 - 0x8036880 (Size=131136KB) [stack mem]
Memory: 0x4000802000 - 0x4008803000 (Size=131076KB) [map mem]
Simulation time: 1s 
+-------------------------+--------------+
| Block Control Config Name | Value        |
+-------------------------+--------------+
| inst_decode_bw          | 4            |
| block_rob_depth         | 256          |
| BISQ:cube_isq_depth     | 32           |
| BISQ:vector_isq_depth   | 32           |
+-------------------------+--------------+
+-------------------+--------------+
| CUBE Config Name  | Value        |
+-------------------+--------------+
| uop_isq_depth     | 32           |
| tcvt_isq_depth    | 16           |
| L0A_size          | 32           |
| L0B_size          | 32           |
| L0C_size          | 32           |
+-------------------+--------------+
===================SuperScalar NPU Stats====================
Total Cycles.....................................:      5188
================SuperScalar Unified Top-Down================
Retiring.........................................:     18.00%
Bad Speculation..................................:     35.08%
Frontend Bound...................................:      0.89%
CMD Bound........................................:      0.73%
Backend Bound....................................:     45.30%
=============Top-Down Normalization Diagnostics=============
Bad Speculation Clipped Slots....................:         0
Frontend Bound Clipped Slots.....................:         0
  |-- LD Retiring................................:      0.42%
  |-- ST Retiring................................:      0.40%
  |-- BR Retiring................................:      0.00%
  |-- ALU Retiring...............................:     17.18%
  |-- Other Retiring.............................:      0.00%
  |-- Misprediction..............................:      0.07%
  |-- Machine Clear..............................:     35.02%
  |-- Fetch Latency..............................:      0.00%
  |-- Fetch Bandwidth............................:      0.89%
    |-- Branch Resteering........................:      0.00%
    |-- ITLB/BTLB miss...........................:      0.00%
    |-- BHC miss penalty.........................:      0.00%
    |-- Other fetch lat..........................:      0.00%
    |-- Decode Stall.............................:      0.00%
    |-- Rename Stall.............................:      0.00%
    |-- BROB Stall...............................:      0.29%
    |-- SYS Block Stall..........................:      0.00%
  |-- CMD queue backpressure.....................:      0.73%
    |-- Operand not ready........................:      0.73%
    |-- BIQ capacity full........................:      0.00%
      |-- CUBE BIQ full..........................:      0.00%
      |-- VECTOR BIQ full........................:      0.00%
      |-- TLSU BIQ full..........................:      0.00%
      |-- GROUP/SHU BIQ full.....................:      0.00%
      |-- Other BIQ full.........................:      0.00%
    |-- TileReg capacity full....................:      0.00%
    |-- GPR LPV/no-cancel gate...................:      0.00%
    |-- Other CMD queue block....................:      0.00%
  |-- CMDPipe tile backpressure..................:      0.00%
    |-- TileReg resource unavailable.............:      0.00%
    |-- Other CMDPipe stall......................:      0.00%
  |-- Other CMD control..........................:      0.00%
  |-- Memory Bound...............................:      0.00%
  |-- Core Bound.................................:     45.30%
    |-- L1 Bound.................................:      0.00%
    |-- L2 Bound.................................:      0.00%
    |-- L3/DRAM Bound............................:      0.00%
    |-- Store Bound..............................:      0.00%
    |-- Scalar ALU...............................:      8.47%
    |-- Cube.....................................:      0.00%
    |-- Vector...................................:     10.83%
    |-- TLSU Tload...............................:     12.07%
    |-- TLSU Tstore..............................:     13.92%
    |-- TLSU TMOV................................:      0.00%
    |-- Idle.....................................:      0.00%
    |-- Other Core...............................:      0.00%
      |-- Simple ALU pipe full...................:      0.00%
      |-- Complex INT busy.......................:      0.19%
      |-- Branch port busy.......................:      1.02%
===============Top-Down Boundary Attribution================
IFU-OEX boundary observations (slots)............:     20752
  |-- Frontend supply bubble (F5)................:      3.74%
  |-- Backend backpressure (F5)..................:     26.14%
  |-- Delivered to OEX (F5)......................:     70.12%
CMD queue/Pipe boundary observations (cycles)....:      5188
  |-- CMD queue supply bubble....................:      9.00%
  |-- CMD queue backpressure.....................:      0.73%
  |-- CMD blocked union cycles...................:        38
  |-- CMD issued slots...........................:      4683
  |-- CMD IQ TileOp issue count..................:       696
  |-- CMD IQ non-empty cycles....................:      4721
  |-- CMD IQ TileOp issue rate (tileops/cycle)...:0.14742639
  |-- CMDPipe tile backpressure events...........:         0
=======Core-Cycles Oldest-Block Top-Down (diagnostic)=======
Core cycles......................................:      5188
L1 Retiring......................................:      9.50%
L1 Recovery......................................:      0.00%
L1 Frontend Bound................................:      7.44%
L1 CMD Bound.....................................:      0.00%
L1 Backend Bound.................................:     82.17%
L1 Idle/Other....................................:      0.89%
  |-- L2 Memory Bound............................:      0.00%
  |-- L2 Group Sync Bound........................:      0.00%
  |-- L2 Core Bound..............................:     82.17%
    |-- L3 Cube..................................:      0.00%
    |-- L3 Vector................................:     25.21%
    |-- L3 TLSU..................................:     56.96%
    |-- L3 Scalar ALU............................:      0.00%
      |-- L4 Cube execution/queue owner..........:      0.00%
      |-- L4 Vector execution owner..............:     25.21%
      |-- L4 TLSU Tload owner....................:      6.11%
      |-- L4 TLSU Tstore owner...................:     50.85%
      |-- L4 Scalar ALU owner....................:      0.00%
Core-cycle attribution sum.......................:      5188
STID0 oldest observations........................:      5188
  |-- RETIRING representative STID...............:         0
  |-- RETIRING representative BID................:         0
  |-- RETIRING participant mask..................:         1
  |-- FRONTEND_BOUND representative STID.........:         0
  |-- FRONTEND_BOUND representative BID..........:         0
  |-- FRONTEND_BOUND participant mask............:         1
  |-- TLSU_TLOAD representative STID.............:         0
  |-- TLSU_TLOAD representative BID..............:        30
  |-- TLSU_TLOAD participant mask................:         1
  |-- TLSU_TSTORE representative STID............:         0
  |-- TLSU_TSTORE representative BID.............:         0
  |-- TLSU_TSTORE participant mask...............:         1
  |-- VECTOR representative STID.................:         0
  |-- VECTOR representative BID..................:         2
  |-- VECTOR participant mask....................:         1
  |-- IDLE_NO_OLDEST representative STID.........:         0
  |-- IDLE_NO_OLDEST representative BID..........:18446744073709551615
  |-- IDLE_NO_OLDEST participant mask............:         1
===================superScalar Key Stats====================
superScalar Tileop Total Cycles..................:      5188
  |--Cube Tileop Total Cycles....................:         0
  |--Vector Tileop Total Cycles..................:      1860
  |--TLSU Tileop Total Cycles....................:      3323
superScalar Total Tileop Counter.................:       696
  |--Cube Execute Tileop Counter.................:         0
  |--Vector Execute Tileop Counter...............:       432
  |--TLSU Execute Tileop Counter.................:       264
    |--AccountExpTlsuCellReads...................:       464
    |--AccountExpTlsuCellWrites..................:       256
superScalar Run Tileop Wall Cycles...............:      5028
  |--Cube Busy Resource-Cycles (PE-summed).......:         0
  |--Vector Busy Resource-Cycles (PE-summed).....:      6554
  |--TLSU Busy Resource-Cycles (PE-summed).......:      4924
  |--Cube Active Wall Cycles (union).............:         0
  |--Vector Active Wall Cycles (union)...........:      3426
  |--TLSU Active Wall Cycles (union).............:      4924
    |--TLSU Tload Resource-Cycles (PE-summed)....:      3816
      |--write Blocked By Ring Cycles............:         0
    |--TLSU Tstore Resource-Cycles (PE-summed)...:      4403
    |--TLSU Tmov Resource-Cycles (PE-summed).....:         0
    |--TLSU Mgather Resource-Cycles (PE-summed)..:         0
    |--TLSU Mscatter Resource-Cycles (PE-summed).:         0
    |--TLSU Vgather Resource-Cycles (PE-summed)..:         0
    |--TLSU Vscatter Resource-Cycles (PE-summed).:         0
  |--All Cores Idle Wall Cycles..................:       160
  |--Vector-Cube Concurrent Wall Cycles (union)..:         0
  |--Vector-Cube Active Wall Cycles (union)......:      3426
  |--Cube-TLSU Concurrent Wall Cycles (union)....:         0
  |--Cube-TLSU Active Wall Cycles (union)........:      4924
  |--Vector-TLSU Concurrent Wall Cycles (union)..:      3322
  |--Vector-TLSU Active Wall Cycles (union)......:      5028
=============TileOp Efficiency (explicit units)=============
PE0 CUBE ExecCycles/TileOp.......................:      0.00
PE0 CUBE TileOpRate (ops/cycle)..................:0.00000000
PE0 CUBE TileOp Occupancy (%)....................:      0.00
PE0 VECTOR ReadLatency (cycles/op)...............:      0.00
PE0 VECTOR TileOpRate (ops/cycle)................:      0.08
PE0 VECTOR Utilization...........................:      0.64
PE0 VECTOR Utilization (issue-events)............:      0.00
PE0 TLSU Occupancy/Issue (cycles/event)..........:     48.04
PE0 TLSU IssueRate (events/cycle)................:      0.11
PE0 TLSU Utilization (%).........................:     94.97
Vector-Cube overlap ratio........................:      0.00
Vector-TLSU overlap ratio........................:      0.66
============PROB Status Occupancy (entry-cycles)============
  |--free........................................:         0
  |--alloc.......................................:    375279
  |--renamed.....................................:         0
  |--dispatched..................................:      2152
  |--in_queue....................................:     26919
  |--issued......................................:     15389
  |--executing...................................:      6193
  |--writeback...................................:      1294
  |--completed...................................:    171989
  |--retired.....................................:     10609
  |--fault.......................................:         0
  |--need_flush..................................:         0
===============Block Control Key Stats total================
Average Outstanding Block Number.................:      5.14
  |--Average Outstanding Cube Block Number.......:      0.00
  |--Average Outstanding Vector Block Number.....:      1.43
  |--Average Outstanding TLoad Number............:      1.44
  |--Average Outstanding TStore Number...........:      2.27
=============Block Control Key Stats SThread 0==============
Average Outstanding Block Number.................:      5.14
  |--Average Outstanding Cube Block Number.......:      0.00
  |--Average Outstanding Vector Block Number.....:      1.43
  |--Average Outstanding TLoad Number............:      1.44
  |--Average Outstanding TStore Number...........:      2.27
===================CubeCore 0 Statistics====================
Cube Total Cycles................................:      5188
Cube MAC Exec Occupancy..........................:         0    0.00%
Cube MAC Utilization.............................:      0.00    0.00%
Cube Logical MAC Count...........................:         0
Cube Equivalent MAC Count........................:      0.00
Cube Equivalent MAC Rate (MAC/cycle).............:      0.00
Cube core workload units (dtype-normalized)......:      0.00
Cube core workload rate (units/cycle)............:0.00000000
Cube Achieved TFLOPS (equivalent MACs, 1.65GHz)..:  0.000000
Cube core exe tileop count.......................:         0
L0A Tag Hits (A resident)........................:         0
L0A Tag Misses (A resident)......................:         0
L0A Tag Flushes (A resident).....................:         0
Cube Uop Generated Count.........................:         0
Cube core retired uop count......................:         0
Cube core total load count.......................:         0
Cube core total store count (CellReg TileC writes):         0
==================InternalAcc Feature PMU===================
internal_acc_entry_alloc_count...................:         0
internal_acc_entry_read_count....................:         0
internal_acc_entry_write_count...................:         0
internal_acc_entry_peak_occupancy................:         0
internal_acc_active_cycles.......................:         0
internal_acc_entry_unavailable_stall_cycles......:         0
internal_acc_entry_lookup_wait_stall_cycles......:         0
internal_acc_entry_not_ready_stall_cycles........:         0
internal_acc_stale_reference_count...............:         0
Cube FP16 Logical MAC Count......................:         0
Cube FP16 Equivalent MAC Count...................:      0.00
Cube FP8 Logical MAC Count.......................:         0
Cube FP8 Equivalent MAC Count....................:      0.00
Cube FP4 Logical MAC Count.......................:         0
Cube FP4 Equivalent MAC Count....................:      0.00
Cube TileOp Occupancy............................:         0    0.00%
Cube Load Outstanding............................:         0    0.00%
Cube FixPipe/Store Occupancy.....................:         0    0.00%
Cube core average acc slot use...................:       N/A
Cube core average l0a entry use..................:       N/A
Cube core average l0b entry use..................:       N/A
Cube core average l0a entry use busy.............:       N/A
Cube core average l0b entry use busy.............:       N/A
Cube core average acc slot use busy..............:       N/A
Cube MAC Range...................................:         0
Cube Load Range..................................:         0
Cube Store Range.................................:         0
Cube Load-MAC Range Overlap......................:         0     N/A
accSlotAllocCount................................:         0
accSlotFreeCount.................................:         0
accSlotPeakInUse.................................:         0
accSlotWaitCount.................................:         0
bandPairMapPeakSize..............................:         0
bandPairMapFinalSize.............................:         0
batchDistributeCount.............................:         0
batchFallbackCount...............................:         0
m0TileCReadCount.................................:         0
m1TileCReadCount.................................:         0
tileCReadRequestCount............................:         0
tileCReadBytes...................................:         0
batchMissedDistributeCount.......................:         0
uniqueTileCSourceAddresses.......................:         0
Cube core exe uop count..........................:         0
Cube core retired uop count......................:         0
Cube core total load count.......................:         0
Cube core total store count (CellReg TileC writes):         0
  |--CellReg Load Count..........................:         0
    |--CellReg TileA Count.......................:         0
    |--CellReg TileB Count.......................:         0
    |--CellReg TileC Count.......................:         0
    |--CellReg LeftScale Count...................:         0
    |--CellReg RightScale Count..................:         0
  |--CellReg Load Bytes..........................:         0
    |--CellReg TileA Bytes.......................:         0
    |--CellReg TileB Bytes.......................:         0
    |--CellReg TileC Bytes.......................:         0
    |--CellReg LeftScale Bytes...................:         0
    |--CellReg RightScale Bytes..................:         0
  |--CellReg Store Count.........................:         0
    |--CellReg TileC Count.......................:         0
  |--CellReg Store Bytes.........................:         0
    |--CellReg TileC Bytes.......................:         0
  |--ShareTReg Load Count........................:         0
    |--ShareTReg TileA Count.....................:         0
    |--ShareTReg TileB Count.....................:         0
  |--ShareTReg Load Bytes........................:         0
    |--ShareTReg TileA Bytes.....................:         0
    |--ShareTReg TileB Bytes.....................:         0
  |--Exp CellReg Load Count......................:         0
    |--Exp CellReg TileA Count...................:         0
    |--Exp CellReg TileB Count...................:         0
    |--Exp CellReg TileC Count...................:         0
    |--Exp CellReg LeftScale Count...............:         0
    |--Exp CellReg RightScale Count..............:         0
  |--Exp CellReg Load Delta......................:      0.00
  |--Exp CellReg Store Count.....................:         0
  |--Exp CellReg Store Delta.....................:      0.00
  |--Exp ShareTReg Load Count....................:         0
  |--Exp ShareTReg Load Cache Skip...............:         0
  |--Exp ShareTReg Load Delta....................:      0.00
Cube core cannot pick main chain uop ratio.......:         0     N/A
Cube core pick cub chain uop ratio...............:         0     N/A
Cube busy cycle..................................:         0
Cube core mmad busy cycle........................:         0     N/A
Cube core load busy cycle........................:         0     N/A
Cube core store busy cycle.......................:         0     N/A
  UtilMacW (array exec)..........................:         0
    |--UtilMacWMad (systolic MAC phase)..........:         0
    |--UtilMacWRamp (staging/fill-drain).........:         0
  UtilMacO (operand in-flight)...................:         0
  UtilMacA (exec/writeback struct)...............:         0
  UtilMacD (dependency chain)....................:         0
  UtilMacI (issue/rename struct).................:         0
  UtilMacS (no tile).............................:      5188
  UtilMacUnaccounted.............................:         0
  UtilMacCycles..................................:      5188
    |--UtilMacSub_O_L0InFlight...................:         0
    |--UtilMacSub_O_ScaleInFlight................:         0
    |--UtilMacSub_O_LoadPath.....................:         0
    |--UtilMacSub_O_LdUopBuf.....................:         0
    |--UtilMacSub_A_AllocBackpressure............:         0
    |--UtilMacSub_A_StoreInFlight................:         0
    |--UtilMacSub_A_FixPipeAnnounce..............:         0
    |--UtilMacSub_A_UopBufQueue..................:         0
    |--UtilMacSub_A_TileBoundary.................:         0
    |--UtilMacSub_A_AccPoolFull..................:         0
    |--UtilMacSub_A_AccEntryRelease..............:         0
    |--UtilMacSub_D_KLoopChain...................:         0
    |--UtilMacSub_D_AccEntryNotReady.............:         0
    |--UtilMacSubO_Reconcile.....................:      0.00
    |--UtilMacSubA_Reconcile.....................:      0.00
    |--UtilMacSubD_Reconcile.....................:      0.00
    |--UtilMacSub_O_L0InFlight_A.................:         0
    |--UtilMacSub_O_L0InFlight_B.................:         0
    |--UtilMacSub_O_L0InFlight_C.................:         0
    |--UtilMacSub_O_L0InFlight_Other.............:         0
    |--UtilMacSubO_L0Split_Reconcile.............:      0.00
  UtilMacIssue_Issued............................:         0
  UtilMacIssue_CStreamWait.......................:         0
  UtilMacIssue_L0InFlight........................:         0
  UtilMacIssue_ScaleInFlight.....................:         0
  UtilMacIssue_AllocBackpressure.................:         0
  UtilMacIssue_KLoopChain........................:         0
  UtilMacIssue_UopBufQueue.......................:         0
  UtilMacIssue_LdUopBufQueue.....................:         0
  UtilMacIssue_NoTile............................:      5188
  UtilMacIssue_TileBoundary......................:         0
  UtilMacIssue_Unaccounted.......................:         0
  UtilMacIssue_Reconcile.........................:      0.00
  UtilMacIssue_L0InFlight_A......................:         0
  UtilMacIssue_L0InFlight_B......................:         0
  UtilMacIssue_L0InFlight_C......................:         0
  UtilMacIssue_L0InFlight_Other..................:         0
  UtilMacIssue_L0Split_Reconcile.................:      0.00
  UtilMacStageOcc................................:         0
  RenameAllocAFailCycles.........................:         0
  RenameAllocBFailCycles.........................:         0
  RenameFifoFullCycles...........................:         0
  UtilMacStageIdle...............................:         0
  UtilMacStage_Reconcile.........................:      0.00
  UtilMacFillWeightedUtil........................:      0.00
  UtilMacShadow_CwaitCycles......................:         0
  UtilMacShadow_L0WithCwait......................:         0
  UtilMacStageIdleByCause_Reconcile..............:      0.00
=============== TLSU tile-store STQ residency peId=0 ===============
  resident entry-cycles ....................: 9464
  |-- addr/interval not resolved ...........: 0  (0.00%)
  |-- tile data (rename) not ready .........: 6549  (69.20%)
  |-- BLOCKED BY NON-FLUSH POINTER .........: 0  (0.00%)
  |-- older store still in STQ .............: 2779  (29.36%)
  |-- SCB full ............................: 0  (0.00%)
  store_issue=304 scb_enter=304 stq_peak=11 scb_peak=10
  private_l1_handoff: fragments=168 acks=168 wait_entry_cycles=168 balanced=yes
  invariants: stq_conservation=OK (created=171 destroyed=171) a3_tile_violation=0 scb_flush_hit=0 scb_waw_scalar=0 scb_waw_tile=0 nuke=0
=============== TLOAD Sub-path peId=0 ===============
  occupancy entry-cycles ..................: 8651 (30.89%)
  issue events ............................: 279
=============== TSTORE Sub-path peId=0 ===============
  occupancy entry-cycles ..................: 19358 (69.11%)
  issue events ............................: 304
=============== TMOV Sub-path peId=0 ===============
  occupancy entry-cycles ..................: 0 (0.00%)
  issue events ............................: 0
========================Streaming L2========================
l2_tr_read_sent..................................:       464
l2_tr_read_response..............................:       464
l2_tr_read_wait_cycles...........................:      1080
l2_tr_read_queue_full_cycles.....................:         0
l2_tr_write_sent.................................:       256
l2_tr_write_response.............................:       256
l2_tr_write_wait_cycles..........................:      1592
l2_tr_write_queue_full_cycles....................:         0
l2_rwdb_entry_full_cycles........................:         4
l2_prior_read_raw_renames........................:         0
l2_starvation_bypass_cycles......................:         0
=====================Retired block Type=====================
Retired Block Num................................:      1237
  |--Retired STD Block Num.......................:       541
  |--Retired PARALLEL Block Num..................:       696
    |--Retired CUBE Block Num....................:         0    0.00%
    |--Retired VCALL Block Num...................:       432   62.07%
    |--Retired TLSU Block Num....................:       264   37.93%
  |--Retired SYS Block Num.......................:         0
  |--Retired FP Block Num........................:         0
  |--Retired OTHER Block Num.....................:         0
==================Retired Template Opcode===================
FENTRY...........................................:         3
FEXIT............................................:         0
FRET.............................................:         3
MEMSET...........................................:         0
MEMCOPY..........................................:         0
Retired Instruction Number.......................:      7471
  |--Retired Scalar Inst Number..................:      7471
  |--Retired Vec Inst Number.....................:         0
Retired Cube TileOp Number.......................:         0
Blocks Per Cycle.................................:  0.238435
IPC..............................................:  1.440054
Average BROB occupancy...........................:    150.56
  |--STID0 Average BROB occupancy................:150.559368
Effective window size............................:     81.06
MPKB.............................................:     22.75
MPKI.............................................:      3.75
Simulation speed (Kilo Insts Per Second).........:      5.52
Discontinuous BPC Count..........................:       124
Average Continuous BPC Length....................:  9.975806
Average fetch minsts/header per cycle............:     17.46
==========Block Control Detail Stats(Tile rename)===========
Tile capacity sample cycles......................:      5188
Tile virtual tag capacity T/U/M/N (all threads)..:      1024
Tile virtual peak live tags T/U/M/N (all threads):        73
Tile physical CellReg capacity per PE(B).........:    262144
Tile physical CellReg capacity all PEs(B)........:    262144
Tile lazy physical allocation enabled............:         0
Tile TLOAD first-data-ready bind enabled.........:         0
Tile physical bind requests......................:         0
Tile physical bind grants........................:         0
Tile physical bind failures......................:         0
Tile rename-to-bind average cycles...............:       N/A
Tile average virtual-only live tags..............:      0.00
Tile stale cell wakeup events....................:         0
Tile register average tag num....................:     49.39
  |--T...........................................:     20.13
  |--U...........................................:     17.23
  |--M...........................................:     12.03
  |--N...........................................:      0.00
  |--ACC.........................................:      0.00
  |--STK.........................................:      0.00
  |--DEP.........................................:      0.00
  |--MCALL_GPR...................................:      0.00
  |--MCALL_STK...................................:      0.00
Tile virtual average requested bytes (all threads):  21434.42
Tile virtual sum of per-hand peak requested bytes:     36352
Tile virtual simultaneous peak requested bytes (all threads):     31744
Tile physical simultaneous peak occupied bytes (all PEs):     17920
Tile physical simultaneous peak occupied cells (all PEs):       140
  |--T virtual requested bytes...................:   9414.76
  |--T virtual peak requested bytes..............:     14848
  |--U virtual requested bytes...................:   7013.01
  |--U virtual peak requested bytes..............:     11776
  |--M virtual requested bytes...................:   5006.66
  |--M virtual peak requested bytes..............:      9728
  |--N virtual requested bytes...................:      0.00
  |--N virtual peak requested bytes..............:         0
  |--ACC virtual requested bytes.................:      0.00
  |--ACC virtual peak requested bytes............:         0
  |--STK virtual requested bytes.................:      0.00
  |--STK virtual peak requested bytes............:         0
  |--DEP virtual requested bytes.................:      0.00
  |--DEP virtual peak requested bytes............:         0
  |--MCALL_GPR virtual requested bytes...........:      0.00
  |--MCALL_GPR virtual peak requested bytes......:         0
  |--MCALL_STK virtual requested bytes...........:      0.00
  |--MCALL_STK virtual peak requested bytes......:         0
Tile register average occupied bytes (all threads):   8264.64
Tile register average utilization (%)............:    3.1527
  |--T occupied bytes............................:      3360   40.66%
  |--U occupied bytes............................:      3194   38.65%
  |--M occupied bytes............................:      1709   20.68%
  |--N occupied bytes............................:         0    0.00%
  |--ACC occupied bytes..........................:         0    0.00%
  |--STK occupied bytes..........................:         0    0.00%
  |--DEP occupied bytes..........................:         0    0.00%
  |--MCALL_GPR occupied bytes....................:         0    0.00%
  |--MCALL_STK occupied bytes....................:         0    0.00%
Tile physical configured hand size of T..........:     65536
  |-- physical peak utilization..................:      7680   11.72%
Tile physical configured hand size of U..........:     65536
  |-- physical peak utilization..................:      9216   14.06%
Tile physical configured hand size of M..........:     65536
  |-- physical peak utilization..................:      5120    7.81%
Tile physical configured hand size of N..........:     65536
  |-- physical peak utilization..................:         0    0.00%
STID0 TileReg average occupied bytes.............:   8264.64
STID0 TileReg average utilization (%)............:    3.1527
STID0 virtual Tile average requested bytes.......:  21434.42
STID0 virtual Tile peak requested bytes..........:     31744
STID0 physical Tile peak occupied bytes..........:     17920
Tile size-class allocator enabled................:         1
Tile allocator unit size(B)......................:       128
Tile allocator requests..........................:       528
Tile allocator failures..........................:         0
Tile allocator successful requested units........:      1840
Tile allocator granted units.....................:      1840
Tile allocator class waste units.................:         0
Tile allocator split events......................:       266
Tile allocator merge events......................:       258
Tile allocator sum of per-thread peak(B).........:     17920
==============Block Control Stall Stats Total===============
BRob Full Stall..................................:       120
RENAME Stall.....................................:         0
Block Rename Get Stall...........................:         0
Block Rename Set Stall...........................:         0
BIsq Full Stall .................................:         0
TileReg Full Stall ..............................:         0
============Block Control Stall Stats SThread 0=============
BRob Full Stall..................................:       120
RENAME Stall.....................................:         0
Block Rename Get Stall...........................:         0
Block Rename Set Stall...........................:         0
BIsq Full Stall .................................:         0
TileReg Full Stall ..............................:         0
InternalAcc Credit Wait..........................:         0
internal_acc_chain_allocated.....................:         0
internal_acc_chain_completed.....................:         0
internal_acc_chain_flush_released................:         0
internal_acc_block_head..........................:         0
internal_acc_block_mid...........................:         0
internal_acc_block_tail..........................:         0
internal_acc_chain_order_wait_stall_cycles.......:         0
internal_acc_dispatch_queue_full_wait_cycles.....:         0
============CtlStack (BISQ park head, per-stid)=============
  CtlStackG_S0...................................:      4679
  CtlStackBIQFull_S0.............................:         0
  CtlStackPortBudget_S0..........................:         0
  CtlStackCellRename_S0..........................:         0
  CtlStackGroupGate_S0...........................:         0
  CtlStackTlsuBusy_S0............................:         0
  CtlStackPeCluster_S0...........................:         0
  CtlStackEmpty_S0...............................:       509
  CtlStackUnaccounted_S0.........................:         0
  CtlStackSyscallGate_S0.........................:         0
  CtlStackResidual_S0............................:         0
==============CtlStack0 (fetch slot, per-stid)==============
  CtlStack0G0_S0.................................:      4679
  CtlStack0Empty0_S0.............................:       509
  CtlStack0Held0_S0..............................:         0
  CtlStack0Residual_S0...........................:         0
==============CtlStack2 (BIQ dispatch, per-IQ)==============
  CtlStack2G_CUBE................................:         0
  CtlStack2Empty_CUBE............................:      5188
  CtlStack2ReadyWait_CUBE........................:         0
  CtlStack2DispQFull_CUBE........................:         0
  CtlStack2Unaccounted_CUBE......................:         0
  CtlStack2Residual_CUBE.........................:         0
  CtlStack2G_VEC_PE0.............................:       432
  CtlStack2Empty_VEC_PE0.........................:       611
  CtlStack2ReadyWait_VEC_PE0.....................:      4145
  CtlStack2DispQFull_VEC_PE0.....................:         0
  CtlStack2Unaccounted_VEC_PE0...................:         0
  CtlStack2Residual_VEC_PE0......................:         0
============TileCell lifetime by producer module============
  TileCell OccCellCycles_CUBE....................:         0
  TileCell FreedCells_CUBE.......................:         0
  TileCell AvgLifeCycles_CUBE....................:      0.00
  TileCell MaxLifeCycles_CUBE....................:         0
  TileCell OccCellCycles_VEC.....................:    527572
  TileCell FreedCells_VEC........................:      1408
  TileCell AvgLifeCycles_VEC.....................:    374.70
  TileCell MaxLifeCycles_VEC.....................:       832
  TileCell OccCellCycles_TLSU....................:    353696
  TileCell FreedCells_TLSU.......................:       152
  TileCell AvgLifeCycles_TLSU....................:   2326.95
  TileCell MaxLifeCycles_TLSU....................:       194
  TileCell OccCellCycles_Other...................:         0
  TileCell FreedCells_Other......................:         0
  TileCell AvgLifeCycles_Other...................:      0.00
  TileCell MaxLifeCycles_Other...................:         0
==========GmmaGenSpread (lockstep 4-PE divergence)==========
  GenCount (4-PE complete).......................:         0
  IssueSpreadMean................................:       N/A
  IssueSpreadMax.................................:         0
  CompleteSpreadMean.............................:       N/A
  CompleteSpreadMax..............................:         0
  CompleteSpreadBucket_le4.......................:         0
  CompleteSpreadBucket_5to16.....................:         0
  CompleteSpreadBucket_17to64....................:         0
  CompleteSpreadBucket_gt64......................:         0
  FirstDivergenceGen (completeSpread>8)..........:         0
  FirstDivergenceCycle...........................:         0
  FirstDivergenceSpread..........................:         0
=====Block Control Detail Stats(Flush Statistics) Total=====
intra-block ld-st conflict.......................:         0
inter-block ld-st conflict.......................:         0
intra-block misp.................................:         0
inter-block misp.................................:        28
===Block Control Detail Stats(Flush Statistics) SThread 0===
intra-block ld-st conflict.......................:         0
inter-block ld-st conflict.......................:         0
intra-block misp.................................:         0
inter-block misp.................................:        28
=====================SPE OOO&IEX stats======================
decode inst bubble...............................:     32824
average decode bundle............................:      0.00
Thread0 Pick Cnt.................................:      8320
Thread0 rob stall cnt............................:      3740
decode pe rob stall..............................:         0
decode local gpr stall...........................:         0
inst buffer stall................................:         0
predicate reg stall..............................:         0
vector reg ptag stall............................:         0
vector local scalar reg stall....................:         0
retired ld inst..................................:       174
retired st inst..................................:       168
retired scalar inst..............................:      7471
retired vector inst..............................:         0
retired div/sqrt inst............................:         0
MAPQ lg0 stall...................................:         0
ROB lg0 stall....................................:      3740
Thread0 decode cycle.............................:      1259
Thread0 alloc cycle..............................:      1259
Thread0 rename cycle.............................:      1249
Thread0 d2_s1 dispatch cnt.......................:      1206
Thread0 slots_total..............................:     10072
Thread0 slots_rob_allocated......................:      8320
Thread0 slots_fe_bubble..........................:      1752
Thread0 slots_idle...............................:         0
Thread0 robStall.................................:     29920
Thread0 retired_load.............................:       174
Thread0 retired_store............................:       168
Thread0 retired_innerJump........................:         0
Thread0 retiredAluInst...........................:      7129
Thread0 retiredSAluInst..........................:      7129
Thread0 retiredVAluInst..........................:         0
Thread0 retiredScalar............................:      7471
Thread0 retiredVector............................:         0
Thread0 retiredDivSqrt...........................:         0
======================Vector PMU Stats======================
TileopNum........................................:       432
TCMPPackedTileNum................................:         0
TCMPFragmentExpected.............................:         0
TCMPFragmentCompleted............................:         0
TCMPFragmentCanceled.............................:         0
TCMPPackedCellWrites.............................:         0
TCMPPackWriteWaitCycles..........................:         0
TCMPFlushedTileNum...............................:         0
UopNum...........................................:      1600
SplitCellCountMismatch...........................:         0
SplitPartialCellUopCount.........................:         0
SplitUopAvgPayloadBytes..........................:       N/A
UopQDispatch_INT.................................:         0
UopQReadyBypass_INT..............................:         0
UopQDispatchSrcBufFullCycles_INT.................:         0
UopQDispatchSrcBufFullBlockedCycles_INT..........:         0
VecSrcCellNotReadyCycles_INT.....................:       899
SharedReadPortWaitCycles_INT.....................:         0
UopQDispatch_FMA.................................:         0
UopQReadyBypass_FMA..............................:         0
UopQDispatchSrcBufFullCycles_FMA.................:         0
UopQDispatchSrcBufFullBlockedCycles_FMA..........:         0
VecSrcCellNotReadyCycles_FMA.....................:       361
SharedReadPortWaitCycles_FMA.....................:         0
UopQDispatch_LNEXP...............................:         0
UopQReadyBypass_LNEXP............................:         0
UopQDispatchSrcBufFullCycles_LNEXP...............:         0
UopQDispatchSrcBufFullBlockedCycles_LNEXP........:         0
VecSrcCellNotReadyCycles_LNEXP...................:         0
SharedReadPortWaitCycles_LNEXP...................:         0
CellReadMergedUops...............................:         0
StaticUopsIssued.................................:      1600
StaticBoardBlockCycles...........................:         1
StaticWritebacks.................................:      1600
EarlyWakeupFired.................................:       432
StaticDynPipeBlockCycles.........................:         0
DynStaticChainBlockCycles........................:         0
ExpandTagHits_INT................................:         0
ExpandTagMisses_INT..............................:         0
ExpandBankFills_INT..............................:         0
ExpandTempFills_INT..............................:         0
ExpandEvicts_INT.................................:         0
ExpandTagHits_FMA................................:         0
ExpandTagMisses_FMA..............................:         0
ExpandBankFills_FMA..............................:         0
ExpandTempFills_FMA..............................:         0
ExpandEvicts_FMA.................................:         0
ExpandTagHits_LNEXP..............................:         0
ExpandTagMisses_LNEXP............................:         0
ExpandBankFills_LNEXP............................:         0
ExpandTempFills_LNEXP............................:         0
ExpandEvicts_LNEXP...............................:         0
ExpandFillDrops..................................:         0
ExpandReadStaleFallbacks cls0....................:         0
ExpandReadStaleFallbacks cls1....................:         0
ExpandReadStaleFallbacks cls2....................:         0
LeSharedPortBlockCycles..........................:         0
LeSrc1CarrySkips.................................:         0
=======Static Path Bank Access / Conflict Attribution=======
  StaticBankReads Bank[0]........................:       121
  StaticBankReads Bank[1]........................:       121
  StaticBankReads Bank[2]........................:       113
  StaticBankReads Bank[3]........................:       113
  StaticBankReads Bank[4]........................:       143
  StaticBankReads Bank[5]........................:       143
  StaticBankReads Bank[6]........................:       157
  StaticBankReads Bank[7]........................:       157
  StaticDetectReadBlocks Bank[0].................:         7
  StaticDetectReadBlocks Bank[1].................:         4
  StaticDetectReadBlocks Bank[2].................:         5
  StaticDetectReadBlocks Bank[3].................:         3
  StaticDetectReadBlocks Bank[4].................:         4
  StaticDetectReadBlocks Bank[5].................:         0
  StaticDetectReadBlocks Bank[6].................:         7
  StaticDetectReadBlocks Bank[7].................:         6
  StaticDetectWriteBlocks Bank[0]................:         0
  StaticDetectWriteBlocks Bank[1]................:         0
  StaticDetectWriteBlocks Bank[2]................:         0
  StaticDetectWriteBlocks Bank[3]................:         0
  StaticDetectWriteBlocks Bank[4]................:         0
  StaticDetectWriteBlocks Bank[5]................:         0
  StaticDetectWriteBlocks Bank[6]................:         0
  StaticDetectWriteBlocks Bank[7]................:         0
  StaticIntYieldBlocks Bank[0]...................:         0
  StaticIntYieldBlocks Bank[1]...................:         0
  StaticIntYieldBlocks Bank[2]...................:         0
  StaticIntYieldBlocks Bank[3]...................:         0
  StaticIntYieldBlocks Bank[4]...................:         0
  StaticIntYieldBlocks Bank[5]...................:         0
  StaticIntYieldBlocks Bank[6]...................:         0
  StaticIntYieldBlocks Bank[7]...................:         0
  StaticBoardOccSum Bank[0]......................:      2718
  StaticBoardOccSum Bank[1]......................:      2718
  StaticBoardOccSum Bank[2]......................:      2640
  StaticBoardOccSum Bank[3]......................:      2640
  StaticBoardOccSum Bank[4]......................:      2763
  StaticBoardOccSum Bank[5]......................:      2763
  StaticBoardOccSum Bank[6]......................:      2811
  StaticBoardOccSum Bank[7]......................:      2811
  StaticBoardOccColSum Col[0]....................:      2420
  StaticBoardOccColSum Col[1]....................:      2420
  StaticBoardOccColSum Col[2]....................:      2420
  StaticBoardOccColSum Col[3]....................:      1748
  StaticBoardOccColSum Col[4]....................:      1656
  StaticBoardOccColSum Col[5]....................:      1600
  StaticBoardOccColSum Col[6]....................:      1600
  StaticBoardOccColSum Col[7]....................:      1600
  StaticBoardOccColSum Col[8]....................:      1600
  StaticBoardOccColSum Col[9]....................:      1600
  StaticBoardOccColSum Col[10]...................:      1600
  StaticBoardOccColSum Col[11]...................:      1600
  StaticBoardOccColSum Col[12]...................:         0
  StaticBoardOccColSum Col[13]...................:         0
  StaticBoardOccColSum Col[14]...................:         0
  StaticBoardOccColSum Col[15]...................:         0
VecAluAcceptCycles_FMA...........................:       512
VecAluAcceptCycles_INT...........................:      1088
VecAluAcceptCycles_LNEXP.........................:         0
VecTripleIssueCycles.............................:         0
VecDualIssueCycles...............................:        72
VecSingleIssueCycles.............................:      1456
VecIdleIssueCycles...............................:      3660
CellReadMergeSaved...............................:         0
SrcBufBypassIssue................................:         0
SplitRawGateBlocked..............................:         0
SplitNoFreeSlotCycles............................:         0
IPC(UOP).........................................:  0.308404
RowExpandTileNum.................................:         0
RowExpandUopSplit................................:         0
RowExpandSrc0CellRegReadNum......................:         0
RowExpandBroadcastCellRegReadNum.................:         0
RowExpandBroadcastBufferHitNum...................:         0
RowExpandBroadcastOwnerDeliveryNum...............:         0
RowExpandBroadcastCacheFillNum...................:         0
RowExpandBroadcastWaitCycles.....................:         0
RowExpandReadPortWaitCycles......................:         0
RowExpandSourceResponseWaitUopCycles.............:         0
RowExpandCompletedTileNum........................:         0
RowExpandFlushedTileNum..........................:         0
RowExpandStaleResponseNum........................:         0
RowReduceTileNum.................................:         0
RowReduceLayerNum................................:         0
RowReduceUopSplit................................:         0
RowReduceUopDone.................................:         0
RowReduceRootWriteNum............................:         0
RowReduceFlushedTileNum..........................:         0
RowReduceEntryUnavailableCycles..................:         0
RowReduceSplitBandwidthWaitTileCycles............:         0
RowReduceSrcBufFullTileCycles....................:         0
RowReduceLayerWaitTileCycles.....................:         0
RowReduceLayerPublishWaitTileCycles..............:         0
RowReduceReadPortWaitUopCycles...................:         0
RowReduceSourceResponseWaitUopCycles.............:         0
RowReduceIssueIntervalWaitUopCycles..............:         0
RowReduceSameGroupWaitUopCycles..................:         0
RowReduceExecPipeFullUopCycles...................:         0
RowReduceRootDstBufWaitTileCycles................:         0
RowReduceRootWritePortWaitCycles.................:         0
RowReduceRootWriteResponseWaitCycles.............:         0
RowReduceSrcNotReadyCycles.......................:         0
RowReduceTEMPForwardHits.........................:         0
RowReduceCellFallbackReads.......................:         0
RedTempMacroNum..................................:         0
RedTempChainUopSplit.............................:         0
RedTempMergeUopSplit.............................:         0
RedTempUopDone...................................:         0
RedTempRootWriteNum..............................:         0
RedTempCountBlocks...............................:         0
RedTempSerialBlocks..............................:         0
RedTempFlushedMacroNum...........................:         0
TcvtChainSeqBlocks...............................:       110
RedTempWrite_T0..................................:         0
RedTempWrite_T1..................................:         0
RedTempWrite_T2..................................:         0
RedTempWrite_T3..................................:         0
RedTempWrite_T4..................................:         0
RedTempWrite_T5..................................:         0
HybridCountGatedTiles............................:         0
HybridCountGateBlocks............................:         0
HybridCountNotified..............................:         0
ReadNum..........................................:         0
CellReadAccessTotal..............................:      1068
CellReadAccess_INT...............................:       412
CellReadAccess_FMA...............................:       656
CellReadAccess_LNEXP.............................:         0
ReadLat..........................................:      0.00
  |--LatLE5......................................:         0
  |--LatLE10.....................................:         0
  |--LatLE15.....................................:         0
  |--LatGT15.....................................:         0
WriteNum.........................................:         0
CellWriteAccessTotal.............................:      1600
CellWriteAccess_INT..............................:      1088
CellWriteAccess_FMA..............................:       512
CellWriteAccess_LNEXP............................:         0
TempForwardHits_INT..............................:       404
TempForwardHits_FMA..............................:       240
TempForwardHits_LNEXP............................:         0
TempForwardMisses_INT............................:       412
TempForwardMisses_FMA............................:       656
TempForwardMisses_LNEXP..........................:         0
ExpandTagHits_INT................................:         0
ExpandTagHits_FMA................................:         0
ExpandTagHits_LNEXP..............................:         0
ExpandTagMisses_INT..............................:         0
ExpandTagMisses_FMA..............................:         0
ExpandTagMisses_LNEXP............................:         0
ExpandBankFills_INT..............................:         0
ExpandBankFills_FMA..............................:         0
ExpandBankFills_LNEXP............................:         0
ExpandTempFills_INT..............................:         0
ExpandTempFills_FMA..............................:         0
ExpandTempFills_LNEXP............................:         0
ExpandEvicts_INT.................................:         0
ExpandEvicts_FMA.................................:         0
ExpandEvicts_LNEXP...............................:         0
LeSharedPortBlockCycles..........................:         0
WriteLat.........................................:      0.00
  |--LatLE5......................................:         0
  |--LatLE10.....................................:         0
  |--LatLE15.....................................:         0
  |--LatGT15.....................................:         0
AccountExpCellReads_INT..........................:       816
AccountExpCellReads_FMA..........................:       896
AccountExpCellReads_LNEXP........................:         0
AccountExpRedTempReads...........................:         0
AccountRedTempReads..............................:         0
AccountExpCellWrites_INT.........................:      1088
AccountExpCellWrites_FMA.........................:       512
AccountExpCellWrites_LNEXP.......................:         0
AccountExpRedTempWrites..........................:         0
AccountExpReadsTotal.............................:      1712
AccountActReadsTotal.............................:      1712
AccountReadDelta.................................:      0.00
AccountExpWritesTotal............................:      1600
AccountActWritesTotal............................:      1600
AccountWriteDelta................................:      0.00
========================VecUtilStack========================
UtilStackW_INT...................................:      1088
UtilStackO_INT...................................:        25
UtilStackA_INT...................................:         0
UtilStackD_INT...................................:         0
UtilStackI_INT...................................:         0
UtilStackS_INT...................................:      4075
UtilStackUnaccounted_INT.........................:         0
UtilStackW_FMA...................................:       512
UtilStackO_FMA...................................:         0
UtilStackA_FMA...................................:         0
UtilStackD_FMA...................................:         0
UtilStackI_FMA...................................:         0
UtilStackS_FMA...................................:      4676
UtilStackUnaccounted_FMA.........................:         0
UtilStackW_LNEXP.................................:         0
UtilStackO_LNEXP.................................:         0
UtilStackA_LNEXP.................................:         0
UtilStackD_LNEXP.................................:         0
UtilStackI_LNEXP.................................:         0
UtilStackS_LNEXP.................................:      5188
UtilStackUnaccounted_LNEXP.......................:         0
UtilStackW_SHARED................................:         0
UtilStackO_SHARED................................:         0
UtilStackA_SHARED................................:         0
UtilStackD_SHARED................................:         0
UtilStackI_SHARED................................:         0
UtilStackS_SHARED................................:      5188
UtilStackUnaccounted_SHARED......................:         0
UtilStackCycles..................................:      5188
UtilStackVecBusy.................................:      3345
UtilStackVecExposed..............................:      3345
  UtilStackSub_O_DstWriteCfl_INT.................:        20
  UtilStackSub_O_BankCfl_INT.....................:         5
  UtilStackSub_O_SharedPort_INT..................:         0
  UtilStackSub_O_YieldFma_INT....................:         0
  UtilStackSub_O_LePort_INT......................:         0
  UtilStackSub_A_RedTempMacro_INT................:         0
  UtilStackSub_A_LeThrottle_INT..................:         0
  UtilStackSub_A_LeFifoFull_INT..................:         0
  UtilStackSub_A_IiCool_INT......................:         0
  UtilStackSub_A_DstbufFull_INT..................:         0
  UtilStackSub_A_PipeFull_INT....................:         0
  UtilStackSub_D_StaticSrc_INT...................:         0
  UtilStackSub_D_RedTempCount_INT................:         0
  UtilStackSub_D_DynSrcbuf_INT...................:         0
  UtilStackSubO_Reconcile_INT....................:      0.00
  UtilStackSubA_Reconcile_INT....................:      0.00
  UtilStackSubD_Reconcile_INT....................:      0.00
  UtilStackSub_O_DstWriteCfl_FMA.................:         0
  UtilStackSub_O_BankCfl_FMA.....................:         0
  UtilStackSub_O_SharedPort_FMA..................:         0
  UtilStackSub_O_YieldFma_FMA....................:         0
  UtilStackSub_O_LePort_FMA......................:         0
  UtilStackSub_A_RedTempMacro_FMA................:         0
  UtilStackSub_A_LeThrottle_FMA..................:         0
  UtilStackSub_A_LeFifoFull_FMA..................:         0
  UtilStackSub_A_IiCool_FMA......................:         0
  UtilStackSub_A_DstbufFull_FMA..................:         0
  UtilStackSub_A_PipeFull_FMA....................:         0
  UtilStackSub_D_StaticSrc_FMA...................:         0
  UtilStackSub_D_RedTempCount_FMA................:         0
  UtilStackSub_D_DynSrcbuf_FMA...................:         0
  UtilStackSubO_Reconcile_FMA....................:      0.00
  UtilStackSubA_Reconcile_FMA....................:      0.00
  UtilStackSubD_Reconcile_FMA....................:      0.00
  UtilStackSub_O_DstWriteCfl_LNEXP...............:         0
  UtilStackSub_O_BankCfl_LNEXP...................:         0
  UtilStackSub_O_SharedPort_LNEXP................:         0
  UtilStackSub_O_YieldFma_LNEXP..................:         0
  UtilStackSub_O_LePort_LNEXP....................:         0
  UtilStackSub_A_RedTempMacro_LNEXP..............:         0
  UtilStackSub_A_LeThrottle_LNEXP................:         0
  UtilStackSub_A_LeFifoFull_LNEXP................:         0
  UtilStackSub_A_IiCool_LNEXP....................:         0
  UtilStackSub_A_DstbufFull_LNEXP................:         0
  UtilStackSub_A_PipeFull_LNEXP..................:         0
  UtilStackSub_D_StaticSrc_LNEXP.................:         0
  UtilStackSub_D_RedTempCount_LNEXP..............:         0
  UtilStackSub_D_DynSrcbuf_LNEXP.................:         0
  UtilStackSubO_Reconcile_LNEXP..................:      0.00
  UtilStackSubA_Reconcile_LNEXP..................:      0.00
  UtilStackSubD_Reconcile_LNEXP..................:      0.00
  UtilStackSub_O_DstWriteCfl_SHARED..............:         0
  UtilStackSub_O_BankCfl_SHARED..................:         0
  UtilStackSub_O_SharedPort_SHARED...............:         0
  UtilStackSub_O_YieldFma_SHARED.................:         0
  UtilStackSub_O_LePort_SHARED...................:         0
  UtilStackSub_A_RedTempMacro_SHARED.............:         0
  UtilStackSub_A_LeThrottle_SHARED...............:         0
  UtilStackSub_A_LeFifoFull_SHARED...............:         0
  UtilStackSub_A_IiCool_SHARED...................:         0
  UtilStackSub_A_DstbufFull_SHARED...............:         0
  UtilStackSub_A_PipeFull_SHARED.................:         0
  UtilStackSub_D_StaticSrc_SHARED................:         0
  UtilStackSub_D_RedTempCount_SHARED.............:         0
  UtilStackSub_D_DynSrcbuf_SHARED................:         0
  UtilStackSubO_Reconcile_SHARED.................:      0.00
  UtilStackSubA_Reconcile_SHARED.................:      0.00
  UtilStackSubD_Reconcile_SHARED.................:      0.00
  UtilStackOBlocker_None_INT.....................:        20
  UtilStackOBlocker_FmaRead_INT..................:         1
  UtilStackOBlocker_IntRead_INT..................:         0
  UtilStackOBlocker_LeRead_INT...................:         0
  UtilStackOBlocker_FmaWrite_INT.................:         1
  UtilStackOBlocker_IntWrite_INT.................:         3
  UtilStackOBlocker_CubeRead_INT.................:         0
  UtilStackOBlocker_CubeWrite_INT................:         0
  UtilStackOBlocker_LeWrite_INT..................:         0
  UtilStackOBlocker_Reconcile_INT................:      0.00
  UtilStackOBlocker_None_FMA.....................:         0
  UtilStackOBlocker_FmaRead_FMA..................:         0
  UtilStackOBlocker_IntRead_FMA..................:         0
  UtilStackOBlocker_LeRead_FMA...................:         0
  UtilStackOBlocker_FmaWrite_FMA.................:         0
  UtilStackOBlocker_IntWrite_FMA.................:         0
  UtilStackOBlocker_CubeRead_FMA.................:         0
  UtilStackOBlocker_CubeWrite_FMA................:         0
  UtilStackOBlocker_LeWrite_FMA..................:         0
  UtilStackOBlocker_Reconcile_FMA................:      0.00
  UtilStackOBlocker_None_LNEXP...................:         0
  UtilStackOBlocker_FmaRead_LNEXP................:         0
  UtilStackOBlocker_IntRead_LNEXP................:         0
  UtilStackOBlocker_LeRead_LNEXP.................:         0
  UtilStackOBlocker_FmaWrite_LNEXP...............:         0
  UtilStackOBlocker_IntWrite_LNEXP...............:         0
  UtilStackOBlocker_CubeRead_LNEXP...............:         0
  UtilStackOBlocker_CubeWrite_LNEXP..............:         0
  UtilStackOBlocker_LeWrite_LNEXP................:         0
  UtilStackOBlocker_Reconcile_LNEXP..............:      0.00
  UtilStackOBlocker_None_SHARED..................:         0
  UtilStackOBlocker_FmaRead_SHARED...............:         0
  UtilStackOBlocker_IntRead_SHARED...............:         0
  UtilStackOBlocker_LeRead_SHARED................:         0
  UtilStackOBlocker_FmaWrite_SHARED..............:         0
  UtilStackOBlocker_IntWrite_SHARED..............:         0
  UtilStackOBlocker_CubeRead_SHARED..............:         0
  UtilStackOBlocker_CubeWrite_SHARED.............:         0
  UtilStackOBlocker_LeWrite_SHARED...............:         0
  UtilStackOBlocker_Reconcile_SHARED.............:      0.00
YieldFmaReadCycles...............................:         0
YieldFmaWriteCycles..............................:         0
UtilStackHideRatio...............................:      0.00
UtilStackHideRatioStrict.........................:      0.00
  UtilStackIssueCombo_None.......................:      3660
  UtilStackIssueCombo_INT........................:      1016
  UtilStackIssueCombo_FMA........................:       440
  UtilStackIssueCombo_INT+FMA....................:        72
  UtilStackIssueCombo_LE.........................:         0
  UtilStackIssueCombo_INT+LE.....................:         0
  UtilStackIssueCombo_FMA+LE.....................:         0
  UtilStackIssueCombo_INT+FMA+LE.................:         0
  UtilStackIssueCombo_SH.........................:         0
  UtilStackIssueCombo_INT+SH.....................:         0
  UtilStackIssueCombo_FMA+SH.....................:         0
  UtilStackIssueCombo_INT+FMA+SH.................:         0
  UtilStackIssueCombo_LE+SH......................:         0
  UtilStackIssueCombo_INT+LE+SH..................:         0
  UtilStackIssueCombo_FMA+LE+SH..................:         0
  UtilStackIssueCombo_INT+FMA+LE+SH..............:         0
  UtilStackIssueCombo_Reconcile..................:      0.00
  UtilStackIssueEvent_Reconcile..................:      0.00
UtilStackMultiIssueProb..........................:      0.05
UtilStackAvgIssueRate............................:      0.31
UtilStackIssueWidthUtil..........................:      0.10
===============CellReg Bank Arbitration Stats===============
Bank Active Cycles (>=1 pending).................:       761
  |--Bank Conflict Cycles (>=2 pending)..........:         4    0.53%
  |--Bank Urgent(aged) Cycles....................:         0
Bank Grants (winners) Total......................:       720
Bank Lose (non-winner waits) Total...............:        45
Bank Port-Yield (no free channel) Total..........:        43
Total Served Read Bytes..........................:     59392
Total Served Write Bytes.........................:     32768
  |--RQ_CUBE Win.................................:         0
  |--RQ_CUBE Lose................................:         0     N/A
  |--RQ_CUBE PortYield...........................:         0
  |--RQ_CUBE Served Bytes........................:         0
  |--RQ_VEC Win..................................:         0
  |--RQ_VEC Lose.................................:         0     N/A
  |--RQ_VEC PortYield............................:         0
  |--RQ_VEC Served Bytes.........................:         0
  |--RQ_TLSU Win.................................:       464
  |--RQ_TLSU Lose................................:         2    0.43%
  |--RQ_TLSU PortYield...........................:         0
  |--RQ_TLSU Served Bytes........................:     59392
  |--WQ_CUBE Win.................................:         0
  |--WQ_CUBE Lose................................:         0     N/A
  |--WQ_CUBE PortYield...........................:         0
  |--WQ_CUBE Served Bytes........................:         0
  |--WQ_VEC Win..................................:         0
  |--WQ_VEC Lose.................................:         0     N/A
  |--WQ_VEC PortYield............................:         0
  |--WQ_VEC Served Bytes.........................:         0
  |--WQ_VEC_LNEXP Win............................:         0
  |--WQ_VEC_LNEXP Lose...........................:         0     N/A
  |--WQ_VEC_LNEXP PortYield......................:         0
  |--WQ_VEC_LNEXP Served Bytes...................:         0
  |--WQ_TLSU Win.................................:       256
  |--WQ_TLSU Lose................................:        43   14.38%
  |--WQ_TLSU PortYield...........................:        43
  |--WQ_TLSU Served Bytes........................:     32768
==============CellReg CUBE Bank-Group Backlog===============
WQ_CUBE active cycles............................:         0
  |--WQ_CUBE cross-group cycles..................:         0     N/A
RQ_CUBE active cycles............................:         0
  |--RQ_CUBE cross-group cycles..................:         0     N/A
CUBE Rd+Wr concurrent cycles.....................:         0
  |--Rd/Wr different-group cycles................:         0     N/A
  |--Wr-starved-by-Rd cycles (each owns a group).:         0     N/A
Direct OOR access dropped (pool end).............:         0
===========CellReg Per-Bank Conflict Distribution===========
  Bank[0] conflict cycles........................:         0    0.00%
  Bank[1] conflict cycles........................:         0    0.00%
  Bank[2] conflict cycles........................:         0    0.00%
  Bank[3] conflict cycles........................:         0    0.00%
  Bank[4] conflict cycles........................:         0    0.00%
  Bank[5] conflict cycles........................:         0    0.00%
  Bank[6] conflict cycles........................:         2   50.00%
  Bank[7] conflict cycles........................:         2   50.00%
==================SuperScalar Report Stop===================
======================Syscall Barrier=======================
sb_requested.....................................:         2
sb_executed......................................:         1
sb_canceled......................................:         0
sb_stashed.......................................:         1
sb_stash_overflow................................:         0
sb_pending.......................................:         1
sb_phase_idle....................................:      4968
sb_phase_pre_commit..............................:       124
sb_phase_quiet_wait..............................:         0
sb_phase_gate_all................................:         1
sb_phase_draining................................:        95
sb_phase_executing...............................:         1
syscall_owner_precommit_wait.....................:       123
syscall_worker_quiet_wait........................:         0
syscall_worker_quiet_cycles_total................:         0
syscall_worker_quiet_cycles_max..................:         0
syscall_commit_wait..............................:        54
syscall_l1_scb_drain_wait........................:        40
syscall_sl2_drain_wait...........................:         0
drain_wait.......................................:        94
syscall_drain_progress_timeout...................:         0
sb_T_complete....................................:      9998
sb_T_deadlock_effective..........................:      9999
sb_last_progress_cycle...........................:      5187
sb_lockstep_enabled..............................:         0
sb_lockstep_registered...........................:         0
sb_lockstep_blocks...............................:         0
sb_lockstep_executes.............................:         0
sb_lockstep_withdraw_startup.....................:         0
sb_lockstep_withdraw_flush.......................:         0
sb_lockstep_overflow.............................:         0
sb_lockstep_and_timeout..........................:         0
sb_lockstep_hold_cycles..........................:         0
sb_lockstep_exit_parks...........................:         0
syscall_post_ecall_issue_rejects.................:         0
syscall_bstop_admission_rejects..................:         0
sb_lockstep_held_now.............................:         0
